  console.warn
    ΓÜá∩╕Å React Router Future Flag Warning: React Router will begin wrapping state updates in `React.startTransition` in v7. You can use the `v7_startTransition` future flag to opt-in early. For more information, see https://reactrouter.com/v6/upgrading/future#v7_starttransition.

    [0m [90m 24 |[39m [36mfunction[39m renderWithProviders() {
     [90m 25 |[39m   localStorage[33m.[39msetItem([32m'token'[39m[33m,[39m [32m'mock-token'[39m)[33m;[39m
    [31m[1m>[22m[39m[90m 26 |[39m   [36mreturn[39m render(
     [90m    |[39m                [31m[1m^[22m[39m
     [90m 27 |[39m     [33m<[39m[33mMemoryRouter[39m[33m>[39m
     [90m 28 |[39m       [33m<[39m[33mAuthProvider[39m[33m>[39m
     [90m 29 |[39m         [33m<[39m[33mBookingProvider[39m[33m>[39m[0m

      at warnOnce (node_modules/react-router/lib/deprecations.ts:9:13)
      at logDeprecation (node_modules/react-router/lib/deprecations.ts:14:3)
      at logV6DeprecationWarnings (node_modules/react-router/lib/deprecations.ts:26:5)
      at node_modules/react-router/lib/components.tsx:257:25
      at commitHookEffectListMount (node_modules/react-dom/cjs/react-dom.development.js:23189:26)
      at commitPassiveMountOnFiber (node_modules/react-dom/cjs/react-dom.development.js:24970:11)
      at commitPassiveMountEffects_complete (node_modules/react-dom/cjs/react-dom.development.js:24930:9)
      at commitPassiveMountEffects_begin (node_modules/react-dom/cjs/react-dom.development.js:24917:7)
      at commitPassiveMountEffects (node_modules/react-dom/cjs/react-dom.development.js:24905:3)
      at flushPassiveEffectsImpl (node_modules/react-dom/cjs/react-dom.development.js:27078:3)
      at flushPassiveEffects (node_modules/react-dom/cjs/react-dom.development.js:27023:14)
      at node_modules/react-dom/cjs/react-dom.development.js:26808:9
      at flushActQueue (node_modules/react/cjs/react.development.js:2667:24)
      at act (node_modules/react/cjs/react.development.js:2582:11)
      at node_modules/@testing-library/react/dist/act-compat.js:46:25
      at renderRoot (node_modules/@testing-library/react/dist/pure.js:189:26)
      at render (node_modules/@testing-library/react/dist/pure.js:291:10)
      at renderWithProviders (src/__tests__/BookingHistoryPage.test.js:26:16)
      at Object.<anonymous> (src/__tests__/BookingHistoryPage.test.js:46:5)

  console.warn
    ΓÜá∩╕Å React Router Future Flag Warning: Relative route resolution within Splat routes is changing in v7. You can use the `v7_relativeSplatPath` future flag to opt-in early. For more information, see https://reactrouter.com/v6/upgrading/future#v7_relativesplatpath.

    [0m [90m 24 |[39m [36mfunction[39m renderWithProviders() {
     [90m 25 |[39m   localStorage[33m.[39msetItem([32m'token'[39m[33m,[39m [32m'mock-token'[39m)[33m;[39m
    [31m[1m>[22m[39m[90m 26 |[39m   [36mreturn[39m render(
     [90m    |[39m                [31m[1m^[22m[39m
     [90m 27 |[39m     [33m<[39m[33mMemoryRouter[39m[33m>[39m
     [90m 28 |[39m       [33m<[39m[33mAuthProvider[39m[33m>[39m
     [90m 29 |[39m         [33m<[39m[33mBookingProvider[39m[33m>[39m[0m

      at warnOnce (node_modules/react-router/lib/deprecations.ts:9:13)
      at logDeprecation (node_modules/react-router/lib/deprecations.ts:14:3)
      at logV6DeprecationWarnings (node_modules/react-router/lib/deprecations.ts:37:5)
      at node_modules/react-router/lib/components.tsx:257:25
      at commitHookEffectListMount (node_modules/react-dom/cjs/react-dom.development.js:23189:26)
      at commitPassiveMountOnFiber (node_modules/react-dom/cjs/react-dom.development.js:24970:11)
      at commitPassiveMountEffects_complete (node_modules/react-dom/cjs/react-dom.development.js:24930:9)
      at commitPassiveMountEffects_begin (node_modules/react-dom/cjs/react-dom.development.js:24917:7)
      at commitPassiveMountEffects (node_modules/react-dom/cjs/react-dom.development.js:24905:3)
      at flushPassiveEffectsImpl (node_modules/react-dom/cjs/react-dom.development.js:27078:3)
      at flushPassiveEffects (node_modules/react-dom/cjs/react-dom.development.js:27023:14)
      at node_modules/react-dom/cjs/react-dom.development.js:26808:9
      at flushActQueue (node_modules/react/cjs/react.development.js:2667:24)
      at act (node_modules/react/cjs/react.development.js:2582:11)
      at node_modules/@testing-library/react/dist/act-compat.js:46:25
      at renderRoot (node_modules/@testing-library/react/dist/pure.js:189:26)
      at render (node_modules/@testing-library/react/dist/pure.js:291:10)
      at renderWithProviders (src/__tests__/BookingHistoryPage.test.js:26:16)
      at Object.<anonymous> (src/__tests__/BookingHistoryPage.test.js:46:5)

node.exe : (node:17624) [DEP0040] DeprecationWarning: The `punycode` module is deprecated. Please use a userland 
alternative instead.
At C:\nvm4w\nodejs\npx.ps1:29 char:3
+   & $NODE_EXE $NPX_CLI_JS $args
+   ~~~~~~~~~~~~~~~~~~~~~~~~~~~~~
    + CategoryInfo          : NotSpecified: ((node:17624) [D...native instead.:String) [], RemoteException
    + FullyQualifiedErrorId : NativeCommandError
 
(Use `node --trace-deprecation ...` to show where the warning was created)
  console.error
    Error: Uncaught [ReferenceError: IntersectionObserver is not defined]
        at reportException (F:\myproject\frontend\node_modules\jsdom\lib\jsdom\living\helpers\runtime-script-errors.js:66:24)
        at innerInvokeEventListeners (F:\myproject\frontend\node_modules\jsdom\lib\jsdom\living\events\EventTarget-impl.js:341:9)
        at invokeEventListeners (F:\myproject\frontend\node_modules\jsdom\lib\jsdom\living\events\EventTarget-impl.js:274:3)
        at HTMLUnknownElementImpl._dispatch (F:\myproject\frontend\node_modules\jsdom\lib\jsdom\living\events\EventTarget-impl.js:221:9)
        at HTMLUnknownElementImpl.dispatchEvent (F:\myproject\frontend\node_modules\jsdom\lib\jsdom\living\events\EventTarget-impl.js:94:17)
        at HTMLUnknownElement.dispatchEvent (F:\myproject\frontend\node_modules\jsdom\lib\jsdom\living\generated\EventTarget.js:231:34)
        at Object.invokeGuardedCallbackDev (F:\myproject\frontend\node_modules\react-dom\cjs\react-dom.development.js:4213:16)
        at invokeGuardedCallback (F:\myproject\frontend\node_modules\react-dom\cjs\react-dom.development.js:4277:31)
        at reportUncaughtErrorInDEV (F:\myproject\frontend\node_modules\react-dom\cjs\react-dom.development.js:22877:5)
        at captureCommitPhaseError (F:\myproject\frontend\node_modules\react-dom\cjs\react-dom.development.js:27165:5)
        at commitPassiveMountEffects_complete (F:\myproject\frontend\node_modules\react-dom\cjs\react-dom.development.js:24932:9)
        at commitPassiveMountEffects_begin (F:\myproject\frontend\node_modules\react-dom\cjs\react-dom.development.js:24917:7)
        at commitPassiveMountEffects (F:\myproject\frontend\node_modules\react-dom\cjs\react-dom.development.js:24905:3)
        at flushPassiveEffectsImpl (F:\myproject\frontend\node_modules\react-dom\cjs\react-dom.development.js:27078:3)
        at flushPassiveEffects (F:\myproject\frontend\node_modules\react-dom\cjs\react-dom.development.js:27023:14)
        at F:\myproject\frontend\node_modules\react-dom\cjs\react-dom.development.js:26808:9
        at flushActQueue (F:\myproject\frontend\node_modules\react\cjs\react.development.js:2667:24)
        at act (F:\myproject\frontend\node_modules\react\cjs\react.development.js:2582:11)
        at F:\myproject\frontend\node_modules\@testing-library\react\dist\act-compat.js:46:25
        at renderRoot (F:\myproject\frontend\node_modules\@testing-library\react\dist\pure.js:189:26)
        at render (F:\myproject\frontend\node_modules\@testing-library\react\dist\pure.js:291:10)
        at renderWithAuth (F:\myproject\frontend\src\__tests__\AnalyticsPage.test.js:18:16)
        at Object.<anonymous> (F:\myproject\frontend\src\__tests__\AnalyticsPage.test.js:34:5)
        at Promise.then.completed (F:\myproject\frontend\node_modules\jest-circus\build\utils.js:391:28)
        at new Promise (<anonymous>)
        at callAsyncCircusFn (F:\myproject\frontend\node_modules\jest-circus\build\utils.js:316:10)
        at _callCircusTest (F:\myproject\frontend\node_modules\jest-circus\build\run.js:218:40)
        at processTicksAndRejections (node:internal/process/task_queues:105:5)
        at _runTest (F:\myproject\frontend\node_modules\jest-circus\build\run.js:155:3)
        at _runTestsForDescribeBlock (F:\myproject\frontend\node_modules\jest-circus\build\run.js:66:9)
        at _runTestsForDescribeBlock (F:\myproject\frontend\node_modules\jest-circus\build\run.js:60:9)
        at run (F:\myproject\frontend\node_modules\jest-circus\build\run.js:25:3)
        at runAndTransformResultsToJestFormat (F:\myproject\frontend\node_modules\jest-circus\build\legacy-code-todo-rewrite\jestAdapterInit.js:170:21)
        at jestAdapter (F:\myproject\frontend\node_modules\jest-circus\build\legacy-code-todo-rewrite\jestAdapter.js:82:19)
        at runTestInternal (F:\myproject\frontend\node_modules\jest-runner\build\runTest.js:389:16)
        at runTest (F:\myproject\frontend\node_modules\jest-runner\build\runTest.js:475:34)
        at Object.worker (F:\myproject\frontend\node_modules\jest-runner\build\testWorker.js:133:12) ReferenceError: IntersectionObserver is not defined
        at F:\myproject\frontend\src\hooks\useScrollAnimation.js:10:22
        at commitHookEffectListMount (F:\myproject\frontend\node_modules\react-dom\cjs\react-dom.development.js:23189:26)
        at commitPassiveMountOnFiber (F:\myproject\frontend\node_modules\react-dom\cjs\react-dom.development.js:24970:11)
        at commitPassiveMountEffects_complete (F:\myproject\frontend\node_modules\react-dom\cjs\react-dom.development.js:24930:9)
        at commitPassiveMountEffects_begin (F:\myproject\frontend\node_modules\react-dom\cjs\react-dom.development.js:24917:7)
        at commitPassiveMountEffects (F:\myproject\frontend\node_modules\react-dom\cjs\react-dom.development.js:24905:3)
        at flushPassiveEffectsImpl (F:\myproject\frontend\node_modules\react-dom\cjs\react-dom.development.js:27078:3)
        at flushPassiveEffects (F:\myproject\frontend\node_modules\react-dom\cjs\react-dom.development.js:27023:14)
        at F:\myproject\frontend\node_modules\react-dom\cjs\react-dom.development.js:26808:9
        at flushActQueue (F:\myproject\frontend\node_modules\react\cjs\react.development.js:2667:24)
        at act (F:\myproject\frontend\node_modules\react\cjs\react.development.js:2582:11)
        at F:\myproject\frontend\node_modules\@testing-library\react\dist\act-compat.js:46:25
        at renderRoot (F:\myproject\frontend\node_modules\@testing-library\react\dist\pure.js:189:26)
        at render (F:\myproject\frontend\node_modules\@testing-library\react\dist\pure.js:291:10)
        at renderWithAuth (F:\myproject\frontend\src\__tests__\AnalyticsPage.test.js:18:16)
        at Object.<anonymous> (F:\myproject\frontend\src\__tests__\AnalyticsPage.test.js:34:5)
        at Promise.then.completed (F:\myproject\frontend\node_modules\jest-circus\build\utils.js:391:28)
        at new Promise (<anonymous>)
        at callAsyncCircusFn (F:\myproject\frontend\node_modules\jest-circus\build\utils.js:316:10)
        at _callCircusTest (F:\myproject\frontend\node_modules\jest-circus\build\run.js:218:40)
        at processTicksAndRejections (node:internal/process/task_queues:105:5)
        at _runTest (F:\myproject\frontend\node_modules\jest-circus\build\run.js:155:3)
        at _runTestsForDescribeBlock (F:\myproject\frontend\node_modules\jest-circus\build\run.js:66:9)
        at _runTestsForDescribeBlock (F:\myproject\frontend\node_modules\jest-circus\build\run.js:60:9)
        at run (F:\myproject\frontend\node_modules\jest-circus\build\run.js:25:3)
        at runAndTransformResultsToJestFormat (F:\myproject\frontend\node_modules\jest-circus\build\legacy-code-todo-rewrite\jestAdapterInit.js:170:21)
        at jestAdapter (F:\myproject\frontend\node_modules\jest-circus\build\legacy-code-todo-rewrite\jestAdapter.js:82:19)
        at runTestInternal (F:\myproject\frontend\node_modules\jest-runner\build\runTest.js:389:16)
        at runTest (F:\myproject\frontend\node_modules\jest-runner\build\runTest.js:475:34)
        at Object.worker (F:\myproject\frontend\node_modules\jest-runner\build\testWorker.js:133:12)

    [0m [90m 16 |[39m [36mfunction[39m renderWithAuth() {
     [90m 17 |[39m   localStorage[33m.[39msetItem([32m'token'[39m[33m,[39m [32m'mock-token'[39m)[33m;[39m
    [31m[1m>[22m[39m[90m 18 |[39m   [36mreturn[39m render(
     [90m    |[39m                [31m[1m^[22m[39m
     [90m 19 |[39m     [33m<[39m[33mAuthProvider[39m[33m>[39m
     [90m 20 |[39m       [33m<[39m[33mAnalyticsPage[39m [33m/[39m[33m>[39m
     [90m 21 |[39m     [33m<[39m[33m/[39m[33mAuthProvider[39m[33m>[39m[0m

      at VirtualConsole.<anonymous> (node_modules/jsdom/lib/jsdom/virtual-console.js:29:45)
      at reportException (node_modules/jsdom/lib/jsdom/living/helpers/runtime-script-errors.js:70:28)
      at innerInvokeEventListeners (node_modules/jsdom/lib/jsdom/living/events/EventTarget-impl.js:341:9)
      at invokeEventListeners (node_modules/jsdom/lib/jsdom/living/events/EventTarget-impl.js:274:3)
      at HTMLUnknownElementImpl._dispatch (node_modules/jsdom/lib/jsdom/living/events/EventTarget-impl.js:221:9)
      at HTMLUnknownElementImpl.dispatchEvent (node_modules/jsdom/lib/jsdom/living/events/EventTarget-impl.js:94:17)
      at HTMLUnknownElement.dispatchEvent (node_modules/jsdom/lib/jsdom/living/generated/EventTarget.js:231:34)
      at Object.invokeGuardedCallbackDev (node_modules/react-dom/cjs/react-dom.development.js:4213:16)
      at invokeGuardedCallback (node_modules/react-dom/cjs/react-dom.development.js:4277:31)
      at reportUncaughtErrorInDEV (node_modules/react-dom/cjs/react-dom.development.js:22877:5)
      at captureCommitPhaseError (node_modules/react-dom/cjs/react-dom.development.js:27165:5)
      at commitPassiveMountEffects_complete (node_modules/react-dom/cjs/react-dom.development.js:24932:9)
      at commitPassiveMountEffects_begin (node_modules/react-dom/cjs/react-dom.development.js:24917:7)
      at commitPassiveMountEffects (node_modules/react-dom/cjs/react-dom.development.js:24905:3)
      at flushPassiveEffectsImpl (node_modules/react-dom/cjs/react-dom.development.js:27078:3)
      at flushPassiveEffects (node_modules/react-dom/cjs/react-dom.development.js:27023:14)
      at node_modules/react-dom/cjs/react-dom.development.js:26808:9
      at flushActQueue (node_modules/react/cjs/react.development.js:2667:24)
      at act (node_modules/react/cjs/react.development.js:2582:11)
      at node_modules/@testing-library/react/dist/act-compat.js:46:25
      at renderRoot (node_modules/@testing-library/react/dist/pure.js:189:26)
      at render (node_modules/@testing-library/react/dist/pure.js:291:10)
      at renderWithAuth (src/__tests__/AnalyticsPage.test.js:18:16)
      at Object.<anonymous> (src/__tests__/AnalyticsPage.test.js:34:5)

  console.error
    Error: Uncaught [ReferenceError: IntersectionObserver is not defined]
        at reportException (F:\myproject\frontend\node_modules\jsdom\lib\jsdom\living\helpers\runtime-script-errors.js:66:24)
        at innerInvokeEventListeners (F:\myproject\frontend\node_modules\jsdom\lib\jsdom\living\events\EventTarget-impl.js:341:9)
        at invokeEventListeners (F:\myproject\frontend\node_modules\jsdom\lib\jsdom\living\events\EventTarget-impl.js:274:3)
        at HTMLUnknownElementImpl._dispatch (F:\myproject\frontend\node_modules\jsdom\lib\jsdom\living\events\EventTarget-impl.js:221:9)
        at HTMLUnknownElementImpl.dispatchEvent (F:\myproject\frontend\node_modules\jsdom\lib\jsdom\living\events\EventTarget-impl.js:94:17)
        at HTMLUnknownElement.dispatchEvent (F:\myproject\frontend\node_modules\jsdom\lib\jsdom\living\generated\EventTarget.js:231:34)
        at Object.invokeGuardedCallbackDev (F:\myproject\frontend\node_modules\react-dom\cjs\react-dom.development.js:4213:16)
        at invokeGuardedCallback (F:\myproject\frontend\node_modules\react-dom\cjs\react-dom.development.js:4277:31)
        at reportUncaughtErrorInDEV (F:\myproject\frontend\node_modules\react-dom\cjs\react-dom.development.js:22877:5)
        at captureCommitPhaseError (F:\myproject\frontend\node_modules\react-dom\cjs\react-dom.development.js:27165:5)
        at commitPassiveMountEffects_complete (F:\myproject\frontend\node_modules\react-dom\cjs\react-dom.development.js:24932:9)
        at commitPassiveMountEffects_begin (F:\myproject\frontend\node_modules\react-dom\cjs\react-dom.development.js:24917:7)
        at commitPassiveMountEffects (F:\myproject\frontend\node_modules\react-dom\cjs\react-dom.development.js:24905:3)
        at flushPassiveEffectsImpl (F:\myproject\frontend\node_modules\react-dom\cjs\react-dom.development.js:27078:3)
        at flushPassiveEffects (F:\myproject\frontend\node_modules\react-dom\cjs\react-dom.development.js:27023:14)
        at F:\myproject\frontend\node_modules\react-dom\cjs\react-dom.development.js:26808:9
        at flushActQueue (F:\myproject\frontend\node_modules\react\cjs\react.development.js:2667:24)
        at act (F:\myproject\frontend\node_modules\react\cjs\react.development.js:2582:11)
        at F:\myproject\frontend\node_modules\@testing-library\react\dist\act-compat.js:46:25
        at renderRoot (F:\myproject\frontend\node_modules\@testing-library\react\dist\pure.js:189:26)
        at render (F:\myproject\frontend\node_modules\@testing-library\react\dist\pure.js:291:10)
        at renderWithAuth (F:\myproject\frontend\src\__tests__\AnalyticsPage.test.js:18:16)
        at Object.<anonymous> (F:\myproject\frontend\src\__tests__\AnalyticsPage.test.js:34:5)
        at Promise.then.completed (F:\myproject\frontend\node_modules\jest-circus\build\utils.js:391:28)
        at new Promise (<anonymous>)
        at callAsyncCircusFn (F:\myproject\frontend\node_modules\jest-circus\build\utils.js:316:10)
        at _callCircusTest (F:\myproject\frontend\node_modules\jest-circus\build\run.js:218:40)
        at processTicksAndRejections (node:internal/process/task_queues:105:5)
        at _runTest (F:\myproject\frontend\node_modules\jest-circus\build\run.js:155:3)
        at _runTestsForDescribeBlock (F:\myproject\frontend\node_modules\jest-circus\build\run.js:66:9)
        at _runTestsForDescribeBlock (F:\myproject\frontend\node_modules\jest-circus\build\run.js:60:9)
        at run (F:\myproject\frontend\node_modules\jest-circus\build\run.js:25:3)
        at runAndTransformResultsToJestFormat (F:\myproject\frontend\node_modules\jest-circus\build\legacy-code-todo-rewrite\jestAdapterInit.js:170:21)
        at jestAdapter (F:\myproject\frontend\node_modules\jest-circus\build\legacy-code-todo-rewrite\jestAdapter.js:82:19)
        at runTestInternal (F:\myproject\frontend\node_modules\jest-runner\build\runTest.js:389:16)
        at runTest (F:\myproject\frontend\node_modules\jest-runner\build\runTest.js:475:34)
        at Object.worker (F:\myproject\frontend\node_modules\jest-runner\build\testWorker.js:133:12) ReferenceError: IntersectionObserver is not defined
        at F:\myproject\frontend\src\hooks\useScrollAnimation.js:10:22
        at commitHookEffectListMount (F:\myproject\frontend\node_modules\react-dom\cjs\react-dom.development.js:23189:26)
        at commitPassiveMountOnFiber (F:\myproject\frontend\node_modules\react-dom\cjs\react-dom.development.js:24970:11)
        at commitPassiveMountEffects_complete (F:\myproject\frontend\node_modules\react-dom\cjs\react-dom.development.js:24930:9)
        at commitPassiveMountEffects_begin (F:\myproject\frontend\node_modules\react-dom\cjs\react-dom.development.js:24917:7)
        at commitPassiveMountEffects (F:\myproject\frontend\node_modules\react-dom\cjs\react-dom.development.js:24905:3)
        at flushPassiveEffectsImpl (F:\myproject\frontend\node_modules\react-dom\cjs\react-dom.development.js:27078:3)
        at flushPassiveEffects (F:\myproject\frontend\node_modules\react-dom\cjs\react-dom.development.js:27023:14)
        at F:\myproject\frontend\node_modules\react-dom\cjs\react-dom.development.js:26808:9
        at flushActQueue (F:\myproject\frontend\node_modules\react\cjs\react.development.js:2667:24)
        at act (F:\myproject\frontend\node_modules\react\cjs\react.development.js:2582:11)
        at F:\myproject\frontend\node_modules\@testing-library\react\dist\act-compat.js:46:25
        at renderRoot (F:\myproject\frontend\node_modules\@testing-library\react\dist\pure.js:189:26)
        at render (F:\myproject\frontend\node_modules\@testing-library\react\dist\pure.js:291:10)
        at renderWithAuth (F:\myproject\frontend\src\__tests__\AnalyticsPage.test.js:18:16)
        at Object.<anonymous> (F:\myproject\frontend\src\__tests__\AnalyticsPage.test.js:34:5)
        at Promise.then.completed (F:\myproject\frontend\node_modules\jest-circus\build\utils.js:391:28)
        at new Promise (<anonymous>)
        at callAsyncCircusFn (F:\myproject\frontend\node_modules\jest-circus\build\utils.js:316:10)
        at _callCircusTest (F:\myproject\frontend\node_modules\jest-circus\build\run.js:218:40)
        at processTicksAndRejections (node:internal/process/task_queues:105:5)
        at _runTest (F:\myproject\frontend\node_modules\jest-circus\build\run.js:155:3)
        at _runTestsForDescribeBlock (F:\myproject\frontend\node_modules\jest-circus\build\run.js:66:9)
        at _runTestsForDescribeBlock (F:\myproject\frontend\node_modules\jest-circus\build\run.js:60:9)
        at run (F:\myproject\frontend\node_modules\jest-circus\build\run.js:25:3)
        at runAndTransformResultsToJestFormat (F:\myproject\frontend\node_modules\jest-circus\build\legacy-code-todo-rewrite\jestAdapterInit.js:170:21)
        at jestAdapter (F:\myproject\frontend\node_modules\jest-circus\build\legacy-code-todo-rewrite\jestAdapter.js:82:19)
        at runTestInternal (F:\myproject\frontend\node_modules\jest-runner\build\runTest.js:389:16)
        at runTest (F:\myproject\frontend\node_modules\jest-runner\build\runTest.js:475:34)
        at Object.worker (F:\myproject\frontend\node_modules\jest-runner\build\testWorker.js:133:12)

    [0m [90m 16 |[39m [36mfunction[39m renderWithAuth() {
     [90m 17 |[39m   localStorage[33m.[39msetItem([32m'token'[39m[33m,[39m [32m'mock-token'[39m)[33m;[39m
    [31m[1m>[22m[39m[90m 18 |[39m   [36mreturn[39m render(
     [90m    |[39m                [31m[1m^[22m[39m
     [90m 19 |[39m     [33m<[39m[33mAuthProvider[39m[33m>[39m
     [90m 20 |[39m       [33m<[39m[33mAnalyticsPage[39m [33m/[39m[33m>[39m
     [90m 21 |[39m     [33m<[39m[33m/[39m[33mAuthProvider[39m[33m>[39m[0m

      at VirtualConsole.<anonymous> (node_modules/jsdom/lib/jsdom/virtual-console.js:29:45)
      at reportException (node_modules/jsdom/lib/jsdom/living/helpers/runtime-script-errors.js:70:28)
      at innerInvokeEventListeners (node_modules/jsdom/lib/jsdom/living/events/EventTarget-impl.js:341:9)
      at invokeEventListeners (node_modules/jsdom/lib/jsdom/living/events/EventTarget-impl.js:274:3)
      at HTMLUnknownElementImpl._dispatch (node_modules/jsdom/lib/jsdom/living/events/EventTarget-impl.js:221:9)
      at HTMLUnknownElementImpl.dispatchEvent (node_modules/jsdom/lib/jsdom/living/events/EventTarget-impl.js:94:17)
      at HTMLUnknownElement.dispatchEvent (node_modules/jsdom/lib/jsdom/living/generated/EventTarget.js:231:34)
      at Object.invokeGuardedCallbackDev (node_modules/react-dom/cjs/react-dom.development.js:4213:16)
      at invokeGuardedCallback (node_modules/react-dom/cjs/react-dom.development.js:4277:31)
      at reportUncaughtErrorInDEV (node_modules/react-dom/cjs/react-dom.development.js:22877:5)
      at captureCommitPhaseError (node_modules/react-dom/cjs/react-dom.development.js:27165:5)
      at commitPassiveMountEffects_complete (node_modules/react-dom/cjs/react-dom.development.js:24932:9)
      at commitPassiveMountEffects_begin (node_modules/react-dom/cjs/react-dom.development.js:24917:7)
      at commitPassiveMountEffects (node_modules/react-dom/cjs/react-dom.development.js:24905:3)
      at flushPassiveEffectsImpl (node_modules/react-dom/cjs/react-dom.development.js:27078:3)
      at flushPassiveEffects (node_modules/react-dom/cjs/react-dom.development.js:27023:14)
      at node_modules/react-dom/cjs/react-dom.development.js:26808:9
      at flushActQueue (node_modules/react/cjs/react.development.js:2667:24)
      at act (node_modules/react/cjs/react.development.js:2582:11)
      at node_modules/@testing-library/react/dist/act-compat.js:46:25
      at renderRoot (node_modules/@testing-library/react/dist/pure.js:189:26)
      at render (node_modules/@testing-library/react/dist/pure.js:291:10)
      at renderWithAuth (src/__tests__/AnalyticsPage.test.js:18:16)
      at Object.<anonymous> (src/__tests__/AnalyticsPage.test.js:34:5)

  console.error
    Error: Uncaught [ReferenceError: IntersectionObserver is not defined]
        at reportException (F:\myproject\frontend\node_modules\jsdom\lib\jsdom\living\helpers\runtime-script-errors.js:66:24)
        at innerInvokeEventListeners (F:\myproject\frontend\node_modules\jsdom\lib\jsdom\living\events\EventTarget-impl.js:341:9)
        at invokeEventListeners (F:\myproject\frontend\node_modules\jsdom\lib\jsdom\living\events\EventTarget-impl.js:274:3)
        at HTMLUnknownElementImpl._dispatch (F:\myproject\frontend\node_modules\jsdom\lib\jsdom\living\events\EventTarget-impl.js:221:9)
        at HTMLUnknownElementImpl.dispatchEvent (F:\myproject\frontend\node_modules\jsdom\lib\jsdom\living\events\EventTarget-impl.js:94:17)
        at HTMLUnknownElement.dispatchEvent (F:\myproject\frontend\node_modules\jsdom\lib\jsdom\living\generated\EventTarget.js:231:34)
        at Object.invokeGuardedCallbackDev (F:\myproject\frontend\node_modules\react-dom\cjs\react-dom.development.js:4213:16)
        at invokeGuardedCallback (F:\myproject\frontend\node_modules\react-dom\cjs\react-dom.development.js:4277:31)
        at reportUncaughtErrorInDEV (F:\myproject\frontend\node_modules\react-dom\cjs\react-dom.development.js:22877:5)
        at captureCommitPhaseError (F:\myproject\frontend\node_modules\react-dom\cjs\react-dom.development.js:27165:5)
        at commitPassiveMountEffects_complete (F:\myproject\frontend\node_modules\react-dom\cjs\react-dom.development.js:24932:9)
        at commitPassiveMountEffects_begin (F:\myproject\frontend\node_modules\react-dom\cjs\react-dom.development.js:24917:7)
        at commitPassiveMountEffects (F:\myproject\frontend\node_modules\react-dom\cjs\react-dom.development.js:24905:3)
        at flushPassiveEffectsImpl (F:\myproject\frontend\node_modules\react-dom\cjs\react-dom.development.js:27078:3)
        at flushPassiveEffects (F:\myproject\frontend\node_modules\react-dom\cjs\react-dom.development.js:27023:14)
        at F:\myproject\frontend\node_modules\react-dom\cjs\react-dom.development.js:26808:9
        at workLoop (F:\myproject\frontend\node_modules\scheduler\cjs\scheduler.development.js:266:34)
        at flushWork (F:\myproject\frontend\node_modules\scheduler\cjs\scheduler.development.js:239:14)
        at performWorkUntilDeadline (F:\myproject\frontend\node_modules\scheduler\cjs\scheduler.development.js:533:21)
        at Timeout.task [as _onTimeout] (F:\myproject\frontend\node_modules\jsdom\lib\jsdom\browser\Window.js:516:19)
        at listOnTimeout (node:internal/timers:594:17)
        at processTimers (node:internal/timers:529:7) ReferenceError: IntersectionObserver is not defined
        at F:\myproject\frontend\src\hooks\useScrollAnimation.js:10:22
        at commitHookEffectListMount (F:\myproject\frontend\node_modules\react-dom\cjs\react-dom.development.js:23189:26)
        at commitPassiveMountOnFiber (F:\myproject\frontend\node_modules\react-dom\cjs\react-dom.development.js:24970:11)
        at commitPassiveMountEffects_complete (F:\myproject\frontend\node_modules\react-dom\cjs\react-dom.development.js:24930:9)
        at commitPassiveMountEffects_begin (F:\myproject\frontend\node_modules\react-dom\cjs\react-dom.development.js:24917:7)
        at commitPassiveMountEffects (F:\myproject\frontend\node_modules\react-dom\cjs\react-dom.development.js:24905:3)
        at flushPassiveEffectsImpl (F:\myproject\frontend\node_modules\react-dom\cjs\react-dom.development.js:27078:3)
        at flushPassiveEffects (F:\myproject\frontend\node_modules\react-dom\cjs\react-dom.development.js:27023:14)
        at F:\myproject\frontend\node_modules\react-dom\cjs\react-dom.development.js:26808:9
        at workLoop (F:\myproject\frontend\node_modules\scheduler\cjs\scheduler.development.js:266:34)
        at flushWork (F:\myproject\frontend\node_modules\scheduler\cjs\scheduler.development.js:239:14)
        at performWorkUntilDeadline (F:\myproject\frontend\node_modules\scheduler\cjs\scheduler.development.js:533:21)
        at Timeout.task [as _onTimeout] (F:\myproject\frontend\node_modules\jsdom\lib\jsdom\browser\Window.js:516:19)
        at listOnTimeout (node:internal/timers:594:17)
        at processTimers (node:internal/timers:529:7)

      at VirtualConsole.<anonymous> (node_modules/jsdom/lib/jsdom/virtual-console.js:29:45)
      at reportException (node_modules/jsdom/lib/jsdom/living/helpers/runtime-script-errors.js:70:28)
      at innerInvokeEventListeners (node_modules/jsdom/lib/jsdom/living/events/EventTarget-impl.js:341:9)
      at invokeEventListeners (node_modules/jsdom/lib/jsdom/living/events/EventTarget-impl.js:274:3)
      at HTMLUnknownElementImpl._dispatch (node_modules/jsdom/lib/jsdom/living/events/EventTarget-impl.js:221:9)
      at HTMLUnknownElementImpl.dispatchEvent (node_modules/jsdom/lib/jsdom/living/events/EventTarget-impl.js:94:17)
      at HTMLUnknownElement.dispatchEvent (node_modules/jsdom/lib/jsdom/living/generated/EventTarget.js:231:34)
      at Object.invokeGuardedCallbackDev (node_modules/react-dom/cjs/react-dom.development.js:4213:16)
      at invokeGuardedCallback (node_modules/react-dom/cjs/react-dom.development.js:4277:31)
      at reportUncaughtErrorInDEV (node_modules/react-dom/cjs/react-dom.development.js:22877:5)
      at captureCommitPhaseError (node_modules/react-dom/cjs/react-dom.development.js:27165:5)
      at commitPassiveMountEffects_complete (node_modules/react-dom/cjs/react-dom.development.js:24932:9)
      at commitPassiveMountEffects_begin (node_modules/react-dom/cjs/react-dom.development.js:24917:7)
      at commitPassiveMountEffects (node_modules/react-dom/cjs/react-dom.development.js:24905:3)
      at flushPassiveEffectsImpl (node_modules/react-dom/cjs/react-dom.development.js:27078:3)
      at flushPassiveEffects (node_modules/react-dom/cjs/react-dom.development.js:27023:14)
      at node_modules/react-dom/cjs/react-dom.development.js:26808:9
      at workLoop (node_modules/scheduler/cjs/scheduler.development.js:266:34)
      at flushWork (node_modules/scheduler/cjs/scheduler.development.js:239:14)
      at performWorkUntilDeadline (node_modules/scheduler/cjs/scheduler.development.js:533:21)
      at Timeout.task [as _onTimeout] (node_modules/jsdom/lib/jsdom/browser/Window.js:516:19)

  console.error
    Error: Uncaught [ReferenceError: IntersectionObserver is not defined]
        at reportException (F:\myproject\frontend\node_modules\jsdom\lib\jsdom\living\helpers\runtime-script-errors.js:66:24)
        at innerInvokeEventListeners (F:\myproject\frontend\node_modules\jsdom\lib\jsdom\living\events\EventTarget-impl.js:341:9)
        at invokeEventListeners (F:\myproject\frontend\node_modules\jsdom\lib\jsdom\living\events\EventTarget-impl.js:274:3)
        at HTMLUnknownElementImpl._dispatch (F:\myproject\frontend\node_modules\jsdom\lib\jsdom\living\events\EventTarget-impl.js:221:9)
        at HTMLUnknownElementImpl.dispatchEvent (F:\myproject\frontend\node_modules\jsdom\lib\jsdom\living\events\EventTarget-impl.js:94:17)
        at HTMLUnknownElement.dispatchEvent (F:\myproject\frontend\node_modules\jsdom\lib\jsdom\living\generated\EventTarget.js:231:34)
        at Object.invokeGuardedCallbackDev (F:\myproject\frontend\node_modules\react-dom\cjs\react-dom.development.js:4213:16)
        at invokeGuardedCallback (F:\myproject\frontend\node_modules\react-dom\cjs\react-dom.development.js:4277:31)
        at reportUncaughtErrorInDEV (F:\myproject\frontend\node_modules\react-dom\cjs\react-dom.development.js:22877:5)
        at captureCommitPhaseError (F:\myproject\frontend\node_modules\react-dom\cjs\react-dom.development.js:27165:5)
        at commitPassiveMountEffects_complete (F:\myproject\frontend\node_modules\react-dom\cjs\react-dom.development.js:24932:9)
        at commitPassiveMountEffects_begin (F:\myproject\frontend\node_modules\react-dom\cjs\react-dom.development.js:24917:7)
        at commitPassiveMountEffects (F:\myproject\frontend\node_modules\react-dom\cjs\react-dom.development.js:24905:3)
        at flushPassiveEffectsImpl (F:\myproject\frontend\node_modules\react-dom\cjs\react-dom.development.js:27078:3)
        at flushPassiveEffects (F:\myproject\frontend\node_modules\react-dom\cjs\react-dom.development.js:27023:14)
        at F:\myproject\frontend\node_modules\react-dom\cjs\react-dom.development.js:26808:9
        at workLoop (F:\myproject\frontend\node_modules\scheduler\cjs\scheduler.development.js:266:34)
        at flushWork (F:\myproject\frontend\node_modules\scheduler\cjs\scheduler.development.js:239:14)
        at performWorkUntilDeadline (F:\myproject\frontend\node_modules\scheduler\cjs\scheduler.development.js:533:21)
        at Timeout.task [as _onTimeout] (F:\myproject\frontend\node_modules\jsdom\lib\jsdom\browser\Window.js:516:19)
        at listOnTimeout (node:internal/timers:594:17)
        at processTimers (node:internal/timers:529:7) ReferenceError: IntersectionObserver is not defined
        at F:\myproject\frontend\src\hooks\useScrollAnimation.js:10:22
        at commitHookEffectListMount (F:\myproject\frontend\node_modules\react-dom\cjs\react-dom.development.js:23189:26)
        at commitPassiveMountOnFiber (F:\myproject\frontend\node_modules\react-dom\cjs\react-dom.development.js:24970:11)
        at commitPassiveMountEffects_complete (F:\myproject\frontend\node_modules\react-dom\cjs\react-dom.development.js:24930:9)
        at commitPassiveMountEffects_begin (F:\myproject\frontend\node_modules\react-dom\cjs\react-dom.development.js:24917:7)
        at commitPassiveMountEffects (F:\myproject\frontend\node_modules\react-dom\cjs\react-dom.development.js:24905:3)
        at flushPassiveEffectsImpl (F:\myproject\frontend\node_modules\react-dom\cjs\react-dom.development.js:27078:3)
        at flushPassiveEffects (F:\myproject\frontend\node_modules\react-dom\cjs\react-dom.development.js:27023:14)
        at F:\myproject\frontend\node_modules\react-dom\cjs\react-dom.development.js:26808:9
        at workLoop (F:\myproject\frontend\node_modules\scheduler\cjs\scheduler.development.js:266:34)
        at flushWork (F:\myproject\frontend\node_modules\scheduler\cjs\scheduler.development.js:239:14)
        at performWorkUntilDeadline (F:\myproject\frontend\node_modules\scheduler\cjs\scheduler.development.js:533:21)
        at Timeout.task [as _onTimeout] (F:\myproject\frontend\node_modules\jsdom\lib\jsdom\browser\Window.js:516:19)
        at listOnTimeout (node:internal/timers:594:17)
        at processTimers (node:internal/timers:529:7)

      at VirtualConsole.<anonymous> (node_modules/jsdom/lib/jsdom/virtual-console.js:29:45)
      at reportException (node_modules/jsdom/lib/jsdom/living/helpers/runtime-script-errors.js:70:28)
      at innerInvokeEventListeners (node_modules/jsdom/lib/jsdom/living/events/EventTarget-impl.js:341:9)
      at invokeEventListeners (node_modules/jsdom/lib/jsdom/living/events/EventTarget-impl.js:274:3)
      at HTMLUnknownElementImpl._dispatch (node_modules/jsdom/lib/jsdom/living/events/EventTarget-impl.js:221:9)
      at HTMLUnknownElementImpl.dispatchEvent (node_modules/jsdom/lib/jsdom/living/events/EventTarget-impl.js:94:17)
      at HTMLUnknownElement.dispatchEvent (node_modules/jsdom/lib/jsdom/living/generated/EventTarget.js:231:34)
      at Object.invokeGuardedCallbackDev (node_modules/react-dom/cjs/react-dom.development.js:4213:16)
      at invokeGuardedCallback (node_modules/react-dom/cjs/react-dom.development.js:4277:31)
      at reportUncaughtErrorInDEV (node_modules/react-dom/cjs/react-dom.development.js:22877:5)
      at captureCommitPhaseError (node_modules/react-dom/cjs/react-dom.development.js:27165:5)
      at commitPassiveMountEffects_complete (node_modules/react-dom/cjs/react-dom.development.js:24932:9)
      at commitPassiveMountEffects_begin (node_modules/react-dom/cjs/react-dom.development.js:24917:7)
      at commitPassiveMountEffects (node_modules/react-dom/cjs/react-dom.development.js:24905:3)
      at flushPassiveEffectsImpl (node_modules/react-dom/cjs/react-dom.development.js:27078:3)
      at flushPassiveEffects (node_modules/react-dom/cjs/react-dom.development.js:27023:14)
      at node_modules/react-dom/cjs/react-dom.development.js:26808:9
      at workLoop (node_modules/scheduler/cjs/scheduler.development.js:266:34)
      at flushWork (node_modules/scheduler/cjs/scheduler.development.js:239:14)
      at performWorkUntilDeadline (node_modules/scheduler/cjs/scheduler.development.js:533:21)
      at Timeout.task [as _onTimeout] (node_modules/jsdom/lib/jsdom/browser/Window.js:516:19)

  console.error
    Error: Uncaught [ReferenceError: IntersectionObserver is not defined]
        at reportException (F:\myproject\frontend\node_modules\jsdom\lib\jsdom\living\helpers\runtime-script-errors.js:66:24)
        at innerInvokeEventListeners (F:\myproject\frontend\node_modules\jsdom\lib\jsdom\living\events\EventTarget-impl.js:341:9)
        at invokeEventListeners (F:\myproject\frontend\node_modules\jsdom\lib\jsdom\living\events\EventTarget-impl.js:274:3)
        at HTMLUnknownElementImpl._dispatch (F:\myproject\frontend\node_modules\jsdom\lib\jsdom\living\events\EventTarget-impl.js:221:9)
        at HTMLUnknownElementImpl.dispatchEvent (F:\myproject\frontend\node_modules\jsdom\lib\jsdom\living\events\EventTarget-impl.js:94:17)
        at HTMLUnknownElement.dispatchEvent (F:\myproject\frontend\node_modules\jsdom\lib\jsdom\living\generated\EventTarget.js:231:34)
        at Object.invokeGuardedCallbackDev (F:\myproject\frontend\node_modules\react-dom\cjs\react-dom.development.js:4213:16)
        at invokeGuardedCallback (F:\myproject\frontend\node_modules\react-dom\cjs\react-dom.development.js:4277:31)
        at reportUncaughtErrorInDEV (F:\myproject\frontend\node_modules\react-dom\cjs\react-dom.development.js:22877:5)
        at captureCommitPhaseError (F:\myproject\frontend\node_modules\react-dom\cjs\react-dom.development.js:27165:5)
        at commitPassiveMountEffects_complete (F:\myproject\frontend\node_modules\react-dom\cjs\react-dom.development.js:24932:9)
        at commitPassiveMountEffects_begin (F:\myproject\frontend\node_modules\react-dom\cjs\react-dom.development.js:24917:7)
        at commitPassiveMountEffects (F:\myproject\frontend\node_modules\react-dom\cjs\react-dom.development.js:24905:3)
        at flushPassiveEffectsImpl (F:\myproject\frontend\node_modules\react-dom\cjs\react-dom.development.js:27078:3)
        at flushPassiveEffects (F:\myproject\frontend\node_modules\react-dom\cjs\react-dom.development.js:27023:14)
        at F:\myproject\frontend\node_modules\react-dom\cjs\react-dom.development.js:26808:9
        at workLoop (F:\myproject\frontend\node_modules\scheduler\cjs\scheduler.development.js:266:34)
        at flushWork (F:\myproject\frontend\node_modules\scheduler\cjs\scheduler.development.js:239:14)
        at performWorkUntilDeadline (F:\myproject\frontend\node_modules\scheduler\cjs\scheduler.development.js:533:21)
        at Timeout.task [as _onTimeout] (F:\myproject\frontend\node_modules\jsdom\lib\jsdom\browser\Window.js:516:19)
        at listOnTimeout (node:internal/timers:594:17)
        at processTimers (node:internal/timers:529:7) ReferenceError: IntersectionObserver is not defined
        at F:\myproject\frontend\src\hooks\useScrollAnimation.js:10:22
        at commitHookEffectListMount (F:\myproject\frontend\node_modules\react-dom\cjs\react-dom.development.js:23189:26)
        at commitPassiveMountOnFiber (F:\myproject\frontend\node_modules\react-dom\cjs\react-dom.development.js:24970:11)
        at commitPassiveMountEffects_complete (F:\myproject\frontend\node_modules\react-dom\cjs\react-dom.development.js:24930:9)
        at commitPassiveMountEffects_begin (F:\myproject\frontend\node_modules\react-dom\cjs\react-dom.development.js:24917:7)
        at commitPassiveMountEffects (F:\myproject\frontend\node_modules\react-dom\cjs\react-dom.development.js:24905:3)
        at flushPassiveEffectsImpl (F:\myproject\frontend\node_modules\react-dom\cjs\react-dom.development.js:27078:3)
        at flushPassiveEffects (F:\myproject\frontend\node_modules\react-dom\cjs\react-dom.development.js:27023:14)
        at F:\myproject\frontend\node_modules\react-dom\cjs\react-dom.development.js:26808:9
        at workLoop (F:\myproject\frontend\node_modules\scheduler\cjs\scheduler.development.js:266:34)
        at flushWork (F:\myproject\frontend\node_modules\scheduler\cjs\scheduler.development.js:239:14)
        at performWorkUntilDeadline (F:\myproject\frontend\node_modules\scheduler\cjs\scheduler.development.js:533:21)
        at Timeout.task [as _onTimeout] (F:\myproject\frontend\node_modules\jsdom\lib\jsdom\browser\Window.js:516:19)
        at listOnTimeout (node:internal/timers:594:17)
        at processTimers (node:internal/timers:529:7)

      at VirtualConsole.<anonymous> (node_modules/jsdom/lib/jsdom/virtual-console.js:29:45)
      at reportException (node_modules/jsdom/lib/jsdom/living/helpers/runtime-script-errors.js:70:28)
      at innerInvokeEventListeners (node_modules/jsdom/lib/jsdom/living/events/EventTarget-impl.js:341:9)
      at invokeEventListeners (node_modules/jsdom/lib/jsdom/living/events/EventTarget-impl.js:274:3)
      at HTMLUnknownElementImpl._dispatch (node_modules/jsdom/lib/jsdom/living/events/EventTarget-impl.js:221:9)
      at HTMLUnknownElementImpl.dispatchEvent (node_modules/jsdom/lib/jsdom/living/events/EventTarget-impl.js:94:17)
      at HTMLUnknownElement.dispatchEvent (node_modules/jsdom/lib/jsdom/living/generated/EventTarget.js:231:34)
      at Object.invokeGuardedCallbackDev (node_modules/react-dom/cjs/react-dom.development.js:4213:16)
      at invokeGuardedCallback (node_modules/react-dom/cjs/react-dom.development.js:4277:31)
      at reportUncaughtErrorInDEV (node_modules/react-dom/cjs/react-dom.development.js:22877:5)
      at captureCommitPhaseError (node_modules/react-dom/cjs/react-dom.development.js:27165:5)
      at commitPassiveMountEffects_complete (node_modules/react-dom/cjs/react-dom.development.js:24932:9)
      at commitPassiveMountEffects_begin (node_modules/react-dom/cjs/react-dom.development.js:24917:7)
      at commitPassiveMountEffects (node_modules/react-dom/cjs/react-dom.development.js:24905:3)
      at flushPassiveEffectsImpl (node_modules/react-dom/cjs/react-dom.development.js:27078:3)
      at flushPassiveEffects (node_modules/react-dom/cjs/react-dom.development.js:27023:14)
      at node_modules/react-dom/cjs/react-dom.development.js:26808:9
      at workLoop (node_modules/scheduler/cjs/scheduler.development.js:266:34)
      at flushWork (node_modules/scheduler/cjs/scheduler.development.js:239:14)
      at performWorkUntilDeadline (node_modules/scheduler/cjs/scheduler.development.js:533:21)
      at Timeout.task [as _onTimeout] (node_modules/jsdom/lib/jsdom/browser/Window.js:516:19)

  console.error
    The above error occurred in the <ScrollReveal> component:
    
        at ScrollReveal (F:\myproject\frontend\src\hooks\useScrollAnimation.js:30:32)
        at div
        at div
        at BookingHistoryPage (F:\myproject\frontend\src\pages\traveler\BookingHistoryPage.js:12:43)
        at BookingProvider (F:\myproject\frontend\src\contexts\BookingContext.js:6:35)
        at AuthProvider (F:\myproject\frontend\src\contexts\AuthContext.js:6:32)
        at Router (F:\myproject\frontend\node_modules\react-router\lib\components.tsx:421:13)
        at MemoryRouter (F:\myproject\frontend\node_modules\react-router\lib\components.tsx:225:3)
    
    Consider adding an error boundary to your tree to customize error handling behavior.
    Visit https://reactjs.org/link/error-boundaries to learn more about error boundaries.

      at logCapturedError (node_modules/react-dom/cjs/react-dom.development.js:18704:23)
      at update.callback (node_modules/react-dom/cjs/react-dom.development.js:18737:5)
      at callCallback (node_modules/react-dom/cjs/react-dom.development.js:15036:12)
      at commitUpdateQueue (node_modules/react-dom/cjs/react-dom.development.js:15057:9)
      at commitLayoutEffectOnFiber (node_modules/react-dom/cjs/react-dom.development.js:23430:13)
      at commitLayoutMountEffects_complete (node_modules/react-dom/cjs/react-dom.development.js:24727:9)
      at commitLayoutEffects_begin (node_modules/react-dom/cjs/react-dom.development.js:24713:7)
      at commitLayoutEffects (node_modules/react-dom/cjs/react-dom.development.js:24651:3)
      at commitRootImpl (node_modules/react-dom/cjs/react-dom.development.js:26862:5)
      at commitRoot (node_modules/react-dom/cjs/react-dom.development.js:26721:5)
      at performSyncWorkOnRoot (node_modules/react-dom/cjs/react-dom.development.js:26156:3)
      at flushSyncCallbacks (node_modules/react-dom/cjs/react-dom.development.js:12042:22)
      at flushPassiveEffectsImpl (node_modules/react-dom/cjs/react-dom.development.js:27099:3)
      at flushPassiveEffects (node_modules/react-dom/cjs/react-dom.development.js:27023:14)
      at node_modules/react-dom/cjs/react-dom.development.js:26808:9
      at workLoop (node_modules/scheduler/cjs/scheduler.development.js:266:34)
      at flushWork (node_modules/scheduler/cjs/scheduler.development.js:239:14)
      at performWorkUntilDeadline (node_modules/scheduler/cjs/scheduler.development.js:533:21)
      at Timeout.task [as _onTimeout] (node_modules/jsdom/lib/jsdom/browser/Window.js:516:19)

  console.error
    The above error occurred in the <ScrollReveal> component:
    
        at ScrollReveal (F:\myproject\frontend\src\hooks\useScrollAnimation.js:30:32)
        at div
        at div
        at div
        at BookingHistoryPage (F:\myproject\frontend\src\pages\traveler\BookingHistoryPage.js:12:43)
        at BookingProvider (F:\myproject\frontend\src\contexts\BookingContext.js:6:35)
        at AuthProvider (F:\myproject\frontend\src\contexts\AuthContext.js:6:32)
        at Router (F:\myproject\frontend\node_modules\react-router\lib\components.tsx:421:13)
        at MemoryRouter (F:\myproject\frontend\node_modules\react-router\lib\components.tsx:225:3)
    
    Consider adding an error boundary to your tree to customize error handling behavior.
    Visit https://reactjs.org/link/error-boundaries to learn more about error boundaries.

      at logCapturedError (node_modules/react-dom/cjs/react-dom.development.js:18704:23)
      at update.callback (node_modules/react-dom/cjs/react-dom.development.js:18737:5)
      at callCallback (node_modules/react-dom/cjs/react-dom.development.js:15036:12)
      at commitUpdateQueue (node_modules/react-dom/cjs/react-dom.development.js:15057:9)
      at commitLayoutEffectOnFiber (node_modules/react-dom/cjs/react-dom.development.js:23430:13)
      at commitLayoutMountEffects_complete (node_modules/react-dom/cjs/react-dom.development.js:24727:9)
      at commitLayoutEffects_begin (node_modules/react-dom/cjs/react-dom.development.js:24713:7)
      at commitLayoutEffects (node_modules/react-dom/cjs/react-dom.development.js:24651:3)
      at commitRootImpl (node_modules/react-dom/cjs/react-dom.development.js:26862:5)
      at commitRoot (node_modules/react-dom/cjs/react-dom.development.js:26721:5)
      at performSyncWorkOnRoot (node_modules/react-dom/cjs/react-dom.development.js:26156:3)
      at flushSyncCallbacks (node_modules/react-dom/cjs/react-dom.development.js:12042:22)
      at flushPassiveEffectsImpl (node_modules/react-dom/cjs/react-dom.development.js:27099:3)
      at flushPassiveEffects (node_modules/react-dom/cjs/react-dom.development.js:27023:14)
      at node_modules/react-dom/cjs/react-dom.development.js:26808:9
      at workLoop (node_modules/scheduler/cjs/scheduler.development.js:266:34)
      at flushWork (node_modules/scheduler/cjs/scheduler.development.js:239:14)
      at performWorkUntilDeadline (node_modules/scheduler/cjs/scheduler.development.js:533:21)
      at Timeout.task [as _onTimeout] (node_modules/jsdom/lib/jsdom/browser/Window.js:516:19)

  console.error
    The above error occurred in the <ScrollReveal> component:
    
        at ScrollReveal (F:\myproject\frontend\src\hooks\useScrollAnimation.js:30:32)
        at div
        at div
        at div
        at BookingHistoryPage (F:\myproject\frontend\src\pages\traveler\BookingHistoryPage.js:12:43)
        at BookingProvider (F:\myproject\frontend\src\contexts\BookingContext.js:6:35)
        at AuthProvider (F:\myproject\frontend\src\contexts\AuthContext.js:6:32)
        at Router (F:\myproject\frontend\node_modules\react-router\lib\components.tsx:421:13)
        at MemoryRouter (F:\myproject\frontend\node_modules\react-router\lib\components.tsx:225:3)
    
    Consider adding an error boundary to your tree to customize error handling behavior.
    Visit https://reactjs.org/link/error-boundaries to learn more about error boundaries.

      at logCapturedError (node_modules/react-dom/cjs/react-dom.development.js:18704:23)
      at update.callback (node_modules/react-dom/cjs/react-dom.development.js:18737:5)
      at callCallback (node_modules/react-dom/cjs/react-dom.development.js:15036:12)
      at commitUpdateQueue (node_modules/react-dom/cjs/react-dom.development.js:15057:9)
      at commitLayoutEffectOnFiber (node_modules/react-dom/cjs/react-dom.development.js:23430:13)
      at commitLayoutMountEffects_complete (node_modules/react-dom/cjs/react-dom.development.js:24727:9)
      at commitLayoutEffects_begin (node_modules/react-dom/cjs/react-dom.development.js:24713:7)
      at commitLayoutEffects (node_modules/react-dom/cjs/react-dom.development.js:24651:3)
      at commitRootImpl (node_modules/react-dom/cjs/react-dom.development.js:26862:5)
      at commitRoot (node_modules/react-dom/cjs/react-dom.development.js:26721:5)
      at performSyncWorkOnRoot (node_modules/react-dom/cjs/react-dom.development.js:26156:3)
      at flushSyncCallbacks (node_modules/react-dom/cjs/react-dom.development.js:12042:22)
      at flushPassiveEffectsImpl (node_modules/react-dom/cjs/react-dom.development.js:27099:3)
      at flushPassiveEffects (node_modules/react-dom/cjs/react-dom.development.js:27023:14)
      at node_modules/react-dom/cjs/react-dom.development.js:26808:9
      at workLoop (node_modules/scheduler/cjs/scheduler.development.js:266:34)
      at flushWork (node_modules/scheduler/cjs/scheduler.development.js:239:14)
      at performWorkUntilDeadline (node_modules/scheduler/cjs/scheduler.development.js:533:21)
      at Timeout.task [as _onTimeout] (node_modules/jsdom/lib/jsdom/browser/Window.js:516:19)

  console.error
    Error: Uncaught [ReferenceError: IntersectionObserver is not defined]
        at reportException (F:\myproject\frontend\node_modules\jsdom\lib\jsdom\living\helpers\runtime-script-errors.js:66:24)
        at Timeout.task [as _onTimeout] (F:\myproject\frontend\node_modules\jsdom\lib\jsdom\browser\Window.js:521:9)
        at listOnTimeout (node:internal/timers:594:17)
        at processTimers (node:internal/timers:529:7) ReferenceError: IntersectionObserver is not defined
        at F:\myproject\frontend\src\hooks\useScrollAnimation.js:10:22
        at commitHookEffectListMount (F:\myproject\frontend\node_modules\react-dom\cjs\react-dom.development.js:23189:26)
        at commitPassiveMountOnFiber (F:\myproject\frontend\node_modules\react-dom\cjs\react-dom.development.js:24970:11)
        at commitPassiveMountEffects_complete (F:\myproject\frontend\node_modules\react-dom\cjs\react-dom.development.js:24930:9)
        at commitPassiveMountEffects_begin (F:\myproject\frontend\node_modules\react-dom\cjs\react-dom.development.js:24917:7)
        at commitPassiveMountEffects (F:\myproject\frontend\node_modules\react-dom\cjs\react-dom.development.js:24905:3)
        at flushPassiveEffectsImpl (F:\myproject\frontend\node_modules\react-dom\cjs\react-dom.development.js:27078:3)
        at flushPassiveEffects (F:\myproject\frontend\node_modules\react-dom\cjs\react-dom.development.js:27023:14)
        at F:\myproject\frontend\node_modules\react-dom\cjs\react-dom.development.js:26808:9
        at workLoop (F:\myproject\frontend\node_modules\scheduler\cjs\scheduler.development.js:266:34)
        at flushWork (F:\myproject\frontend\node_modules\scheduler\cjs\scheduler.development.js:239:14)
        at performWorkUntilDeadline (F:\myproject\frontend\node_modules\scheduler\cjs\scheduler.development.js:533:21)
        at Timeout.task [as _onTimeout] (F:\myproject\frontend\node_modules\jsdom\lib\jsdom\browser\Window.js:516:19)
        at listOnTimeout (node:internal/timers:594:17)
        at processTimers (node:internal/timers:529:7)

      at VirtualConsole.<anonymous> (node_modules/jsdom/lib/jsdom/virtual-console.js:29:45)
      at reportException (node_modules/jsdom/lib/jsdom/living/helpers/runtime-script-errors.js:70:28)
      at Timeout.task [as _onTimeout] (node_modules/jsdom/lib/jsdom/browser/Window.js:521:9)

  console.error
    Error: Uncaught [ReferenceError: IntersectionObserver is not defined]
        at reportException (F:\myproject\frontend\node_modules\jsdom\lib\jsdom\living\helpers\runtime-script-errors.js:66:24)
        at innerInvokeEventListeners (F:\myproject\frontend\node_modules\jsdom\lib\jsdom\living\events\EventTarget-impl.js:341:9)
        at invokeEventListeners (F:\myproject\frontend\node_modules\jsdom\lib\jsdom\living\events\EventTarget-impl.js:274:3)
        at HTMLUnknownElementImpl._dispatch (F:\myproject\frontend\node_modules\jsdom\lib\jsdom\living\events\EventTarget-impl.js:221:9)
        at HTMLUnknownElementImpl.dispatchEvent (F:\myproject\frontend\node_modules\jsdom\lib\jsdom\living\events\EventTarget-impl.js:94:17)
        at HTMLUnknownElement.dispatchEvent (F:\myproject\frontend\node_modules\jsdom\lib\jsdom\living\generated\EventTarget.js:231:34)
        at Object.invokeGuardedCallbackDev (F:\myproject\frontend\node_modules\react-dom\cjs\react-dom.development.js:4213:16)
        at invokeGuardedCallback (F:\myproject\frontend\node_modules\react-dom\cjs\react-dom.development.js:4277:31)
        at reportUncaughtErrorInDEV (F:\myproject\frontend\node_modules\react-dom\cjs\react-dom.development.js:22877:5)
        at captureCommitPhaseError (F:\myproject\frontend\node_modules\react-dom\cjs\react-dom.development.js:27165:5)
        at commitPassiveMountEffects_complete (F:\myproject\frontend\node_modules\react-dom\cjs\react-dom.development.js:24932:9)
        at commitPassiveMountEffects_begin (F:\myproject\frontend\node_modules\react-dom\cjs\react-dom.development.js:24917:7)
        at commitPassiveMountEffects (F:\myproject\frontend\node_modules\react-dom\cjs\react-dom.development.js:24905:3)
        at flushPassiveEffectsImpl (F:\myproject\frontend\node_modules\react-dom\cjs\react-dom.development.js:27078:3)
        at flushPassiveEffects (F:\myproject\frontend\node_modules\react-dom\cjs\react-dom.development.js:27023:14)
        at F:\myproject\frontend\node_modules\react-dom\cjs\react-dom.development.js:26808:9
        at workLoop (F:\myproject\frontend\node_modules\scheduler\cjs\scheduler.development.js:266:34)
        at flushWork (F:\myproject\frontend\node_modules\scheduler\cjs\scheduler.development.js:239:14)
        at performWorkUntilDeadline (F:\myproject\frontend\node_modules\scheduler\cjs\scheduler.development.js:533:21)
        at Timeout.task [as _onTimeout] (F:\myproject\frontend\node_modules\jsdom\lib\jsdom\browser\Window.js:516:19)
        at listOnTimeout (node:internal/timers:594:17)
        at processTimers (node:internal/timers:529:7) ReferenceError: IntersectionObserver is not defined
        at F:\myproject\frontend\src\hooks\useScrollAnimation.js:10:22
        at commitHookEffectListMount (F:\myproject\frontend\node_modules\react-dom\cjs\react-dom.development.js:23189:26)
        at commitPassiveMountOnFiber (F:\myproject\frontend\node_modules\react-dom\cjs\react-dom.development.js:24970:11)
        at commitPassiveMountEffects_complete (F:\myproject\frontend\node_modules\react-dom\cjs\react-dom.development.js:24930:9)
        at commitPassiveMountEffects_begin (F:\myproject\frontend\node_modules\react-dom\cjs\react-dom.development.js:24917:7)
        at commitPassiveMountEffects (F:\myproject\frontend\node_modules\react-dom\cjs\react-dom.development.js:24905:3)
        at flushPassiveEffectsImpl (F:\myproject\frontend\node_modules\react-dom\cjs\react-dom.development.js:27078:3)
        at flushPassiveEffects (F:\myproject\frontend\node_modules\react-dom\cjs\react-dom.development.js:27023:14)
        at F:\myproject\frontend\node_modules\react-dom\cjs\react-dom.development.js:26808:9
        at workLoop (F:\myproject\frontend\node_modules\scheduler\cjs\scheduler.development.js:266:34)
        at flushWork (F:\myproject\frontend\node_modules\scheduler\cjs\scheduler.development.js:239:14)
        at performWorkUntilDeadline (F:\myproject\frontend\node_modules\scheduler\cjs\scheduler.development.js:533:21)
        at Timeout.task [as _onTimeout] (F:\myproject\frontend\node_modules\jsdom\lib\jsdom\browser\Window.js:516:19)
        at listOnTimeout (node:internal/timers:594:17)
        at processTimers (node:internal/timers:529:7)

      at VirtualConsole.<anonymous> (node_modules/jsdom/lib/jsdom/virtual-console.js:29:45)
      at reportException (node_modules/jsdom/lib/jsdom/living/helpers/runtime-script-errors.js:70:28)
      at innerInvokeEventListeners (node_modules/jsdom/lib/jsdom/living/events/EventTarget-impl.js:341:9)
      at invokeEventListeners (node_modules/jsdom/lib/jsdom/living/events/EventTarget-impl.js:274:3)
      at HTMLUnknownElementImpl._dispatch (node_modules/jsdom/lib/jsdom/living/events/EventTarget-impl.js:221:9)
      at HTMLUnknownElementImpl.dispatchEvent (node_modules/jsdom/lib/jsdom/living/events/EventTarget-impl.js:94:17)
      at HTMLUnknownElement.dispatchEvent (node_modules/jsdom/lib/jsdom/living/generated/EventTarget.js:231:34)
      at Object.invokeGuardedCallbackDev (node_modules/react-dom/cjs/react-dom.development.js:4213:16)
      at invokeGuardedCallback (node_modules/react-dom/cjs/react-dom.development.js:4277:31)
      at reportUncaughtErrorInDEV (node_modules/react-dom/cjs/react-dom.development.js:22877:5)
      at captureCommitPhaseError (node_modules/react-dom/cjs/react-dom.development.js:27165:5)
      at commitPassiveMountEffects_complete (node_modules/react-dom/cjs/react-dom.development.js:24932:9)
      at commitPassiveMountEffects_begin (node_modules/react-dom/cjs/react-dom.development.js:24917:7)
      at commitPassiveMountEffects (node_modules/react-dom/cjs/react-dom.development.js:24905:3)
      at flushPassiveEffectsImpl (node_modules/react-dom/cjs/react-dom.development.js:27078:3)
      at flushPassiveEffects (node_modules/react-dom/cjs/react-dom.development.js:27023:14)
      at node_modules/react-dom/cjs/react-dom.development.js:26808:9
      at workLoop (node_modules/scheduler/cjs/scheduler.development.js:266:34)
      at flushWork (node_modules/scheduler/cjs/scheduler.development.js:239:14)
      at performWorkUntilDeadline (node_modules/scheduler/cjs/scheduler.development.js:533:21)
      at Timeout.task [as _onTimeout] (node_modules/jsdom/lib/jsdom/browser/Window.js:516:19)

  console.error
    The above error occurred in the <ScrollReveal> component:
    
        at ScrollReveal (F:\myproject\frontend\src\hooks\useScrollAnimation.js:30:32)
        at div
        at div
        at AnalyticsPage (F:\myproject\frontend\src\pages\analytics\AnalyticsPage.js:8:35)
        at AuthProvider (F:\myproject\frontend\src\contexts\AuthContext.js:6:32)
    
    Consider adding an error boundary to your tree to customize error handling behavior.
    Visit https://reactjs.org/link/error-boundaries to learn more about error boundaries.

    [0m [90m 16 |[39m [36mfunction[39m renderWithAuth() {
     [90m 17 |[39m   localStorage[33m.[39msetItem([32m'token'[39m[33m,[39m [32m'mock-token'[39m)[33m;[39m
    [31m[1m>[22m[39m[90m 18 |[39m   [36mreturn[39m render(
     [90m    |[39m                [31m[1m^[22m[39m
     [90m 19 |[39m     [33m<[39m[33mAuthProvider[39m[33m>[39m
     [90m 20 |[39m       [33m<[39m[33mAnalyticsPage[39m [33m/[39m[33m>[39m
     [90m 21 |[39m     [33m<[39m[33m/[39m[33mAuthProvider[39m[33m>[39m[0m

      at logCapturedError (node_modules/react-dom/cjs/react-dom.development.js:18704:23)
      at update.callback (node_modules/react-dom/cjs/react-dom.development.js:18737:5)
      at callCallback (node_modules/react-dom/cjs/react-dom.development.js:15036:12)
      at commitUpdateQueue (node_modules/react-dom/cjs/react-dom.development.js:15057:9)
      at commitLayoutEffectOnFiber (node_modules/react-dom/cjs/react-dom.development.js:23430:13)
      at commitLayoutMountEffects_complete (node_modules/react-dom/cjs/react-dom.development.js:24727:9)
      at commitLayoutEffects_begin (node_modules/react-dom/cjs/react-dom.development.js:24713:7)
      at commitLayoutEffects (node_modules/react-dom/cjs/react-dom.development.js:24651:3)
      at commitRootImpl (node_modules/react-dom/cjs/react-dom.development.js:26862:5)
      at commitRoot (node_modules/react-dom/cjs/react-dom.development.js:26721:5)
      at performSyncWorkOnRoot (node_modules/react-dom/cjs/react-dom.development.js:26156:3)
      at flushSyncCallbacks (node_modules/react-dom/cjs/react-dom.development.js:12042:22)
      at flushPassiveEffectsImpl (node_modules/react-dom/cjs/react-dom.development.js:27099:3)
      at flushPassiveEffects (node_modules/react-dom/cjs/react-dom.development.js:27023:14)
      at node_modules/react-dom/cjs/react-dom.development.js:26808:9
      at flushActQueue (node_modules/react/cjs/react.development.js:2667:24)
      at act (node_modules/react/cjs/react.development.js:2582:11)
      at node_modules/@testing-library/react/dist/act-compat.js:46:25
      at renderRoot (node_modules/@testing-library/react/dist/pure.js:189:26)
      at render (node_modules/@testing-library/react/dist/pure.js:291:10)
      at renderWithAuth (src/__tests__/AnalyticsPage.test.js:18:16)
      at Object.<anonymous> (src/__tests__/AnalyticsPage.test.js:34:5)

  console.error
    The above error occurred in the <ScrollReveal> component:
    
        at ScrollReveal (F:\myproject\frontend\src\hooks\useScrollAnimation.js:30:32)
        at div
        at div
        at AnalyticsPage (F:\myproject\frontend\src\pages\analytics\AnalyticsPage.js:8:35)
        at AuthProvider (F:\myproject\frontend\src\contexts\AuthContext.js:6:32)
    
    Consider adding an error boundary to your tree to customize error handling behavior.
    Visit https://reactjs.org/link/error-boundaries to learn more about error boundaries.

    [0m [90m 16 |[39m [36mfunction[39m renderWithAuth() {
     [90m 17 |[39m   localStorage[33m.[39msetItem([32m'token'[39m[33m,[39m [32m'mock-token'[39m)[33m;[39m
    [31m[1m>[22m[39m[90m 18 |[39m   [36mreturn[39m render(
     [90m    |[39m                [31m[1m^[22m[39m
     [90m 19 |[39m     [33m<[39m[33mAuthProvider[39m[33m>[39m
     [90m 20 |[39m       [33m<[39m[33mAnalyticsPage[39m [33m/[39m[33m>[39m
     [90m 21 |[39m     [33m<[39m[33m/[39m[33mAuthProvider[39m[33m>[39m[0m

      at logCapturedError (node_modules/react-dom/cjs/react-dom.development.js:18704:23)
      at update.callback (node_modules/react-dom/cjs/react-dom.development.js:18737:5)
      at callCallback (node_modules/react-dom/cjs/react-dom.development.js:15036:12)
      at commitUpdateQueue (node_modules/react-dom/cjs/react-dom.development.js:15057:9)
      at commitLayoutEffectOnFiber (node_modules/react-dom/cjs/react-dom.development.js:23430:13)
      at commitLayoutMountEffects_complete (node_modules/react-dom/cjs/react-dom.development.js:24727:9)
      at commitLayoutEffects_begin (node_modules/react-dom/cjs/react-dom.development.js:24713:7)
      at commitLayoutEffects (node_modules/react-dom/cjs/react-dom.development.js:24651:3)
      at commitRootImpl (node_modules/react-dom/cjs/react-dom.development.js:26862:5)
      at commitRoot (node_modules/react-dom/cjs/react-dom.development.js:26721:5)
      at performSyncWorkOnRoot (node_modules/react-dom/cjs/react-dom.development.js:26156:3)
      at flushSyncCallbacks (node_modules/react-dom/cjs/react-dom.development.js:12042:22)
      at flushPassiveEffectsImpl (node_modules/react-dom/cjs/react-dom.development.js:27099:3)
      at flushPassiveEffects (node_modules/react-dom/cjs/react-dom.development.js:27023:14)
      at node_modules/react-dom/cjs/react-dom.development.js:26808:9
      at flushActQueue (node_modules/react/cjs/react.development.js:2667:24)
      at act (node_modules/react/cjs/react.development.js:2582:11)
      at node_modules/@testing-library/react/dist/act-compat.js:46:25
      at renderRoot (node_modules/@testing-library/react/dist/pure.js:189:26)
      at render (node_modules/@testing-library/react/dist/pure.js:291:10)
      at renderWithAuth (src/__tests__/AnalyticsPage.test.js:18:16)
      at Object.<anonymous> (src/__tests__/AnalyticsPage.test.js:34:5)

  console.error
    Error: Uncaught [ReferenceError: IntersectionObserver is not defined]
        at reportException (F:\myproject\frontend\node_modules\jsdom\lib\jsdom\living\helpers\runtime-script-errors.js:66:24)
        at innerInvokeEventListeners (F:\myproject\frontend\node_modules\jsdom\lib\jsdom\living\events\EventTarget-impl.js:341:9)
        at invokeEventListeners (F:\myproject\frontend\node_modules\jsdom\lib\jsdom\living\events\EventTarget-impl.js:274:3)
        at HTMLUnknownElementImpl._dispatch (F:\myproject\frontend\node_modules\jsdom\lib\jsdom\living\events\EventTarget-impl.js:221:9)
        at HTMLUnknownElementImpl.dispatchEvent (F:\myproject\frontend\node_modules\jsdom\lib\jsdom\living\events\EventTarget-impl.js:94:17)
        at HTMLUnknownElement.dispatchEvent (F:\myproject\frontend\node_modules\jsdom\lib\jsdom\living\generated\EventTarget.js:231:34)
        at Object.invokeGuardedCallbackDev (F:\myproject\frontend\node_modules\react-dom\cjs\react-dom.development.js:4213:16)
        at invokeGuardedCallback (F:\myproject\frontend\node_modules\react-dom\cjs\react-dom.development.js:4277:31)
        at reportUncaughtErrorInDEV (F:\myproject\frontend\node_modules\react-dom\cjs\react-dom.development.js:22877:5)
        at captureCommitPhaseError (F:\myproject\frontend\node_modules\react-dom\cjs\react-dom.development.js:27165:5)
        at commitPassiveMountEffects_complete (F:\myproject\frontend\node_modules\react-dom\cjs\react-dom.development.js:24932:9)
        at commitPassiveMountEffects_begin (F:\myproject\frontend\node_modules\react-dom\cjs\react-dom.development.js:24917:7)
        at commitPassiveMountEffects (F:\myproject\frontend\node_modules\react-dom\cjs\react-dom.development.js:24905:3)
        at flushPassiveEffectsImpl (F:\myproject\frontend\node_modules\react-dom\cjs\react-dom.development.js:27078:3)
        at flushPassiveEffects (F:\myproject\frontend\node_modules\react-dom\cjs\react-dom.development.js:27023:14)
        at F:\myproject\frontend\node_modules\react-dom\cjs\react-dom.development.js:26808:9
        at flushActQueue (F:\myproject\frontend\node_modules\react\cjs\react.development.js:2667:24)
        at act (F:\myproject\frontend\node_modules\react\cjs\react.development.js:2582:11)
        at F:\myproject\frontend\node_modules\@testing-library\react\dist\act-compat.js:46:25
        at renderRoot (F:\myproject\frontend\node_modules\@testing-library\react\dist\pure.js:189:26)
        at render (F:\myproject\frontend\node_modules\@testing-library\react\dist\pure.js:291:10)
        at renderWithAuth (F:\myproject\frontend\src\__tests__\AnalyticsPage.test.js:18:16)
        at Object.<anonymous> (F:\myproject\frontend\src\__tests__\AnalyticsPage.test.js:41:5)
        at Promise.then.completed (F:\myproject\frontend\node_modules\jest-circus\build\utils.js:391:28)
        at new Promise (<anonymous>)
        at callAsyncCircusFn (F:\myproject\frontend\node_modules\jest-circus\build\utils.js:316:10)
        at _callCircusTest (F:\myproject\frontend\node_modules\jest-circus\build\run.js:218:40)
        at processTicksAndRejections (node:internal/process/task_queues:105:5)
        at _runTest (F:\myproject\frontend\node_modules\jest-circus\build\run.js:155:3)
        at _runTestsForDescribeBlock (F:\myproject\frontend\node_modules\jest-circus\build\run.js:66:9)
        at _runTestsForDescribeBlock (F:\myproject\frontend\node_modules\jest-circus\build\run.js:60:9)
        at run (F:\myproject\frontend\node_modules\jest-circus\build\run.js:25:3)
        at runAndTransformResultsToJestFormat (F:\myproject\frontend\node_modules\jest-circus\build\legacy-code-todo-rewrite\jestAdapterInit.js:170:21)
        at jestAdapter (F:\myproject\frontend\node_modules\jest-circus\build\legacy-code-todo-rewrite\jestAdapter.js:82:19)
        at runTestInternal (F:\myproject\frontend\node_modules\jest-runner\build\runTest.js:389:16)
        at runTest (F:\myproject\frontend\node_modules\jest-runner\build\runTest.js:475:34)
        at Object.worker (F:\myproject\frontend\node_modules\jest-runner\build\testWorker.js:133:12) ReferenceError: IntersectionObserver is not defined
        at F:\myproject\frontend\src\hooks\useScrollAnimation.js:10:22
        at commitHookEffectListMount (F:\myproject\frontend\node_modules\react-dom\cjs\react-dom.development.js:23189:26)
        at commitPassiveMountOnFiber (F:\myproject\frontend\node_modules\react-dom\cjs\react-dom.development.js:24970:11)
        at commitPassiveMountEffects_complete (F:\myproject\frontend\node_modules\react-dom\cjs\react-dom.development.js:24930:9)
        at commitPassiveMountEffects_begin (F:\myproject\frontend\node_modules\react-dom\cjs\react-dom.development.js:24917:7)
        at commitPassiveMountEffects (F:\myproject\frontend\node_modules\react-dom\cjs\react-dom.development.js:24905:3)
        at flushPassiveEffectsImpl (F:\myproject\frontend\node_modules\react-dom\cjs\react-dom.development.js:27078:3)
        at flushPassiveEffects (F:\myproject\frontend\node_modules\react-dom\cjs\react-dom.development.js:27023:14)
        at F:\myproject\frontend\node_modules\react-dom\cjs\react-dom.development.js:26808:9
        at flushActQueue (F:\myproject\frontend\node_modules\react\cjs\react.development.js:2667:24)
        at act (F:\myproject\frontend\node_modules\react\cjs\react.development.js:2582:11)
        at F:\myproject\frontend\node_modules\@testing-library\react\dist\act-compat.js:46:25
        at renderRoot (F:\myproject\frontend\node_modules\@testing-library\react\dist\pure.js:189:26)
        at render (F:\myproject\frontend\node_modules\@testing-library\react\dist\pure.js:291:10)
        at renderWithAuth (F:\myproject\frontend\src\__tests__\AnalyticsPage.test.js:18:16)
        at Object.<anonymous> (F:\myproject\frontend\src\__tests__\AnalyticsPage.test.js:41:5)
        at Promise.then.completed (F:\myproject\frontend\node_modules\jest-circus\build\utils.js:391:28)
        at new Promise (<anonymous>)
        at callAsyncCircusFn (F:\myproject\frontend\node_modules\jest-circus\build\utils.js:316:10)
        at _callCircusTest (F:\myproject\frontend\node_modules\jest-circus\build\run.js:218:40)
        at processTicksAndRejections (node:internal/process/task_queues:105:5)
        at _runTest (F:\myproject\frontend\node_modules\jest-circus\build\run.js:155:3)
        at _runTestsForDescribeBlock (F:\myproject\frontend\node_modules\jest-circus\build\run.js:66:9)
        at _runTestsForDescribeBlock (F:\myproject\frontend\node_modules\jest-circus\build\run.js:60:9)
        at run (F:\myproject\frontend\node_modules\jest-circus\build\run.js:25:3)
        at runAndTransformResultsToJestFormat (F:\myproject\frontend\node_modules\jest-circus\build\legacy-code-todo-rewrite\jestAdapterInit.js:170:21)
        at jestAdapter (F:\myproject\frontend\node_modules\jest-circus\build\legacy-code-todo-rewrite\jestAdapter.js:82:19)
        at runTestInternal (F:\myproject\frontend\node_modules\jest-runner\build\runTest.js:389:16)
        at runTest (F:\myproject\frontend\node_modules\jest-runner\build\runTest.js:475:34)
        at Object.worker (F:\myproject\frontend\node_modules\jest-runner\build\testWorker.js:133:12)

    [0m [90m 16 |[39m [36mfunction[39m renderWithAuth() {
     [90m 17 |[39m   localStorage[33m.[39msetItem([32m'token'[39m[33m,[39m [32m'mock-token'[39m)[33m;[39m
    [31m[1m>[22m[39m[90m 18 |[39m   [36mreturn[39m render(
     [90m    |[39m                [31m[1m^[22m[39m
     [90m 19 |[39m     [33m<[39m[33mAuthProvider[39m[33m>[39m
     [90m 20 |[39m       [33m<[39m[33mAnalyticsPage[39m [33m/[39m[33m>[39m
     [90m 21 |[39m     [33m<[39m[33m/[39m[33mAuthProvider[39m[33m>[39m[0m

      at VirtualConsole.<anonymous> (node_modules/jsdom/lib/jsdom/virtual-console.js:29:45)
      at reportException (node_modules/jsdom/lib/jsdom/living/helpers/runtime-script-errors.js:70:28)
      at innerInvokeEventListeners (node_modules/jsdom/lib/jsdom/living/events/EventTarget-impl.js:341:9)
      at invokeEventListeners (node_modules/jsdom/lib/jsdom/living/events/EventTarget-impl.js:274:3)
      at HTMLUnknownElementImpl._dispatch (node_modules/jsdom/lib/jsdom/living/events/EventTarget-impl.js:221:9)
      at HTMLUnknownElementImpl.dispatchEvent (node_modules/jsdom/lib/jsdom/living/events/EventTarget-impl.js:94:17)
      at HTMLUnknownElement.dispatchEvent (node_modules/jsdom/lib/jsdom/living/generated/EventTarget.js:231:34)
      at Object.invokeGuardedCallbackDev (node_modules/react-dom/cjs/react-dom.development.js:4213:16)
      at invokeGuardedCallback (node_modules/react-dom/cjs/react-dom.development.js:4277:31)
      at reportUncaughtErrorInDEV (node_modules/react-dom/cjs/react-dom.development.js:22877:5)
      at captureCommitPhaseError (node_modules/react-dom/cjs/react-dom.development.js:27165:5)
      at commitPassiveMountEffects_complete (node_modules/react-dom/cjs/react-dom.development.js:24932:9)
      at commitPassiveMountEffects_begin (node_modules/react-dom/cjs/react-dom.development.js:24917:7)
      at commitPassiveMountEffects (node_modules/react-dom/cjs/react-dom.development.js:24905:3)
      at flushPassiveEffectsImpl (node_modules/react-dom/cjs/react-dom.development.js:27078:3)
      at flushPassiveEffects (node_modules/react-dom/cjs/react-dom.development.js:27023:14)
      at node_modules/react-dom/cjs/react-dom.development.js:26808:9
      at flushActQueue (node_modules/react/cjs/react.development.js:2667:24)
      at act (node_modules/react/cjs/react.development.js:2582:11)
      at node_modules/@testing-library/react/dist/act-compat.js:46:25
      at renderRoot (node_modules/@testing-library/react/dist/pure.js:189:26)
      at render (node_modules/@testing-library/react/dist/pure.js:291:10)
      at renderWithAuth (src/__tests__/AnalyticsPage.test.js:18:16)
      at Object.<anonymous> (src/__tests__/AnalyticsPage.test.js:41:5)

  console.error
    Error: Uncaught [ReferenceError: IntersectionObserver is not defined]
        at reportException (F:\myproject\frontend\node_modules\jsdom\lib\jsdom\living\helpers\runtime-script-errors.js:66:24)
        at innerInvokeEventListeners (F:\myproject\frontend\node_modules\jsdom\lib\jsdom\living\events\EventTarget-impl.js:341:9)
        at invokeEventListeners (F:\myproject\frontend\node_modules\jsdom\lib\jsdom\living\events\EventTarget-impl.js:274:3)
        at HTMLUnknownElementImpl._dispatch (F:\myproject\frontend\node_modules\jsdom\lib\jsdom\living\events\EventTarget-impl.js:221:9)
        at HTMLUnknownElementImpl.dispatchEvent (F:\myproject\frontend\node_modules\jsdom\lib\jsdom\living\events\EventTarget-impl.js:94:17)
        at HTMLUnknownElement.dispatchEvent (F:\myproject\frontend\node_modules\jsdom\lib\jsdom\living\generated\EventTarget.js:231:34)
        at Object.invokeGuardedCallbackDev (F:\myproject\frontend\node_modules\react-dom\cjs\react-dom.development.js:4213:16)
        at invokeGuardedCallback (F:\myproject\frontend\node_modules\react-dom\cjs\react-dom.development.js:4277:31)
        at reportUncaughtErrorInDEV (F:\myproject\frontend\node_modules\react-dom\cjs\react-dom.development.js:22877:5)
        at captureCommitPhaseError (F:\myproject\frontend\node_modules\react-dom\cjs\react-dom.development.js:27165:5)
        at commitPassiveMountEffects_complete (F:\myproject\frontend\node_modules\react-dom\cjs\react-dom.development.js:24932:9)
        at commitPassiveMountEffects_begin (F:\myproject\frontend\node_modules\react-dom\cjs\react-dom.development.js:24917:7)
        at commitPassiveMountEffects (F:\myproject\frontend\node_modules\react-dom\cjs\react-dom.development.js:24905:3)
        at flushPassiveEffectsImpl (F:\myproject\frontend\node_modules\react-dom\cjs\react-dom.development.js:27078:3)
        at flushPassiveEffects (F:\myproject\frontend\node_modules\react-dom\cjs\react-dom.development.js:27023:14)
        at F:\myproject\frontend\node_modules\react-dom\cjs\react-dom.development.js:26808:9
        at flushActQueue (F:\myproject\frontend\node_modules\react\cjs\react.development.js:2667:24)
        at act (F:\myproject\frontend\node_modules\react\cjs\react.development.js:2582:11)
        at F:\myproject\frontend\node_modules\@testing-library\react\dist\act-compat.js:46:25
        at renderRoot (F:\myproject\frontend\node_modules\@testing-library\react\dist\pure.js:189:26)
        at render (F:\myproject\frontend\node_modules\@testing-library\react\dist\pure.js:291:10)
        at renderWithAuth (F:\myproject\frontend\src\__tests__\AnalyticsPage.test.js:18:16)
        at Object.<anonymous> (F:\myproject\frontend\src\__tests__\AnalyticsPage.test.js:41:5)
        at Promise.then.completed (F:\myproject\frontend\node_modules\jest-circus\build\utils.js:391:28)
        at new Promise (<anonymous>)
        at callAsyncCircusFn (F:\myproject\frontend\node_modules\jest-circus\build\utils.js:316:10)
        at _callCircusTest (F:\myproject\frontend\node_modules\jest-circus\build\run.js:218:40)
        at processTicksAndRejections (node:internal/process/task_queues:105:5)
        at _runTest (F:\myproject\frontend\node_modules\jest-circus\build\run.js:155:3)
        at _runTestsForDescribeBlock (F:\myproject\frontend\node_modules\jest-circus\build\run.js:66:9)
        at _runTestsForDescribeBlock (F:\myproject\frontend\node_modules\jest-circus\build\run.js:60:9)
        at run (F:\myproject\frontend\node_modules\jest-circus\build\run.js:25:3)
        at runAndTransformResultsToJestFormat (F:\myproject\frontend\node_modules\jest-circus\build\legacy-code-todo-rewrite\jestAdapterInit.js:170:21)
        at jestAdapter (F:\myproject\frontend\node_modules\jest-circus\build\legacy-code-todo-rewrite\jestAdapter.js:82:19)
        at runTestInternal (F:\myproject\frontend\node_modules\jest-runner\build\runTest.js:389:16)
        at runTest (F:\myproject\frontend\node_modules\jest-runner\build\runTest.js:475:34)
        at Object.worker (F:\myproject\frontend\node_modules\jest-runner\build\testWorker.js:133:12) ReferenceError: IntersectionObserver is not defined
        at F:\myproject\frontend\src\hooks\useScrollAnimation.js:10:22
        at commitHookEffectListMount (F:\myproject\frontend\node_modules\react-dom\cjs\react-dom.development.js:23189:26)
        at commitPassiveMountOnFiber (F:\myproject\frontend\node_modules\react-dom\cjs\react-dom.development.js:24970:11)
        at commitPassiveMountEffects_complete (F:\myproject\frontend\node_modules\react-dom\cjs\react-dom.development.js:24930:9)
        at commitPassiveMountEffects_begin (F:\myproject\frontend\node_modules\react-dom\cjs\react-dom.development.js:24917:7)
        at commitPassiveMountEffects (F:\myproject\frontend\node_modules\react-dom\cjs\react-dom.development.js:24905:3)
        at flushPassiveEffectsImpl (F:\myproject\frontend\node_modules\react-dom\cjs\react-dom.development.js:27078:3)
        at flushPassiveEffects (F:\myproject\frontend\node_modules\react-dom\cjs\react-dom.development.js:27023:14)
        at F:\myproject\frontend\node_modules\react-dom\cjs\react-dom.development.js:26808:9
        at flushActQueue (F:\myproject\frontend\node_modules\react\cjs\react.development.js:2667:24)
        at act (F:\myproject\frontend\node_modules\react\cjs\react.development.js:2582:11)
        at F:\myproject\frontend\node_modules\@testing-library\react\dist\act-compat.js:46:25
        at renderRoot (F:\myproject\frontend\node_modules\@testing-library\react\dist\pure.js:189:26)
        at render (F:\myproject\frontend\node_modules\@testing-library\react\dist\pure.js:291:10)
        at renderWithAuth (F:\myproject\frontend\src\__tests__\AnalyticsPage.test.js:18:16)
        at Object.<anonymous> (F:\myproject\frontend\src\__tests__\AnalyticsPage.test.js:41:5)
        at Promise.then.completed (F:\myproject\frontend\node_modules\jest-circus\build\utils.js:391:28)
        at new Promise (<anonymous>)
        at callAsyncCircusFn (F:\myproject\frontend\node_modules\jest-circus\build\utils.js:316:10)
        at _callCircusTest (F:\myproject\frontend\node_modules\jest-circus\build\run.js:218:40)
        at processTicksAndRejections (node:internal/process/task_queues:105:5)
        at _runTest (F:\myproject\frontend\node_modules\jest-circus\build\run.js:155:3)
        at _runTestsForDescribeBlock (F:\myproject\frontend\node_modules\jest-circus\build\run.js:66:9)
        at _runTestsForDescribeBlock (F:\myproject\frontend\node_modules\jest-circus\build\run.js:60:9)
        at run (F:\myproject\frontend\node_modules\jest-circus\build\run.js:25:3)
        at runAndTransformResultsToJestFormat (F:\myproject\frontend\node_modules\jest-circus\build\legacy-code-todo-rewrite\jestAdapterInit.js:170:21)
        at jestAdapter (F:\myproject\frontend\node_modules\jest-circus\build\legacy-code-todo-rewrite\jestAdapter.js:82:19)
        at runTestInternal (F:\myproject\frontend\node_modules\jest-runner\build\runTest.js:389:16)
        at runTest (F:\myproject\frontend\node_modules\jest-runner\build\runTest.js:475:34)
        at Object.worker (F:\myproject\frontend\node_modules\jest-runner\build\testWorker.js:133:12)

    [0m [90m 16 |[39m [36mfunction[39m renderWithAuth() {
     [90m 17 |[39m   localStorage[33m.[39msetItem([32m'token'[39m[33m,[39m [32m'mock-token'[39m)[33m;[39m
    [31m[1m>[22m[39m[90m 18 |[39m   [36mreturn[39m render(
     [90m    |[39m                [31m[1m^[22m[39m
     [90m 19 |[39m     [33m<[39m[33mAuthProvider[39m[33m>[39m
     [90m 20 |[39m       [33m<[39m[33mAnalyticsPage[39m [33m/[39m[33m>[39m
     [90m 21 |[39m     [33m<[39m[33m/[39m[33mAuthProvider[39m[33m>[39m[0m

      at VirtualConsole.<anonymous> (node_modules/jsdom/lib/jsdom/virtual-console.js:29:45)
      at reportException (node_modules/jsdom/lib/jsdom/living/helpers/runtime-script-errors.js:70:28)
      at innerInvokeEventListeners (node_modules/jsdom/lib/jsdom/living/events/EventTarget-impl.js:341:9)
      at invokeEventListeners (node_modules/jsdom/lib/jsdom/living/events/EventTarget-impl.js:274:3)
      at HTMLUnknownElementImpl._dispatch (node_modules/jsdom/lib/jsdom/living/events/EventTarget-impl.js:221:9)
      at HTMLUnknownElementImpl.dispatchEvent (node_modules/jsdom/lib/jsdom/living/events/EventTarget-impl.js:94:17)
      at HTMLUnknownElement.dispatchEvent (node_modules/jsdom/lib/jsdom/living/generated/EventTarget.js:231:34)
      at Object.invokeGuardedCallbackDev (node_modules/react-dom/cjs/react-dom.development.js:4213:16)
      at invokeGuardedCallback (node_modules/react-dom/cjs/react-dom.development.js:4277:31)
      at reportUncaughtErrorInDEV (node_modules/react-dom/cjs/react-dom.development.js:22877:5)
      at captureCommitPhaseError (node_modules/react-dom/cjs/react-dom.development.js:27165:5)
      at commitPassiveMountEffects_complete (node_modules/react-dom/cjs/react-dom.development.js:24932:9)
      at commitPassiveMountEffects_begin (node_modules/react-dom/cjs/react-dom.development.js:24917:7)
      at commitPassiveMountEffects (node_modules/react-dom/cjs/react-dom.development.js:24905:3)
      at flushPassiveEffectsImpl (node_modules/react-dom/cjs/react-dom.development.js:27078:3)
      at flushPassiveEffects (node_modules/react-dom/cjs/react-dom.development.js:27023:14)
      at node_modules/react-dom/cjs/react-dom.development.js:26808:9
      at flushActQueue (node_modules/react/cjs/react.development.js:2667:24)
      at act (node_modules/react/cjs/react.development.js:2582:11)
      at node_modules/@testing-library/react/dist/act-compat.js:46:25
      at renderRoot (node_modules/@testing-library/react/dist/pure.js:189:26)
      at render (node_modules/@testing-library/react/dist/pure.js:291:10)
      at renderWithAuth (src/__tests__/AnalyticsPage.test.js:18:16)
      at Object.<anonymous> (src/__tests__/AnalyticsPage.test.js:41:5)

  console.error
    The above error occurred in the <ScrollReveal> component:
    
        at ScrollReveal (F:\myproject\frontend\src\hooks\useScrollAnimation.js:30:32)
        at div
        at div
        at AnalyticsPage (F:\myproject\frontend\src\pages\analytics\AnalyticsPage.js:8:35)
        at AuthProvider (F:\myproject\frontend\src\contexts\AuthContext.js:6:32)
    
    Consider adding an error boundary to your tree to customize error handling behavior.
    Visit https://reactjs.org/link/error-boundaries to learn more about error boundaries.

    [0m [90m 16 |[39m [36mfunction[39m renderWithAuth() {
     [90m 17 |[39m   localStorage[33m.[39msetItem([32m'token'[39m[33m,[39m [32m'mock-token'[39m)[33m;[39m
    [31m[1m>[22m[39m[90m 18 |[39m   [36mreturn[39m render(
     [90m    |[39m                [31m[1m^[22m[39m
     [90m 19 |[39m     [33m<[39m[33mAuthProvider[39m[33m>[39m
     [90m 20 |[39m       [33m<[39m[33mAnalyticsPage[39m [33m/[39m[33m>[39m
     [90m 21 |[39m     [33m<[39m[33m/[39m[33mAuthProvider[39m[33m>[39m[0m

      at logCapturedError (node_modules/react-dom/cjs/react-dom.development.js:18704:23)
      at update.callback (node_modules/react-dom/cjs/react-dom.development.js:18737:5)
      at callCallback (node_modules/react-dom/cjs/react-dom.development.js:15036:12)
      at commitUpdateQueue (node_modules/react-dom/cjs/react-dom.development.js:15057:9)
      at commitLayoutEffectOnFiber (node_modules/react-dom/cjs/react-dom.development.js:23430:13)
      at commitLayoutMountEffects_complete (node_modules/react-dom/cjs/react-dom.development.js:24727:9)
      at commitLayoutEffects_begin (node_modules/react-dom/cjs/react-dom.development.js:24713:7)
      at commitLayoutEffects (node_modules/react-dom/cjs/react-dom.development.js:24651:3)
      at commitRootImpl (node_modules/react-dom/cjs/react-dom.development.js:26862:5)
      at commitRoot (node_modules/react-dom/cjs/react-dom.development.js:26721:5)
      at performSyncWorkOnRoot (node_modules/react-dom/cjs/react-dom.development.js:26156:3)
      at flushSyncCallbacks (node_modules/react-dom/cjs/react-dom.development.js:12042:22)
      at flushPassiveEffectsImpl (node_modules/react-dom/cjs/react-dom.development.js:27099:3)
      at flushPassiveEffects (node_modules/react-dom/cjs/react-dom.development.js:27023:14)
      at node_modules/react-dom/cjs/react-dom.development.js:26808:9
      at flushActQueue (node_modules/react/cjs/react.development.js:2667:24)
      at act (node_modules/react/cjs/react.development.js:2582:11)
      at node_modules/@testing-library/react/dist/act-compat.js:46:25
      at renderRoot (node_modules/@testing-library/react/dist/pure.js:189:26)
      at render (node_modules/@testing-library/react/dist/pure.js:291:10)
      at renderWithAuth (src/__tests__/AnalyticsPage.test.js:18:16)
      at Object.<anonymous> (src/__tests__/AnalyticsPage.test.js:41:5)

  console.error
    The above error occurred in the <ScrollReveal> component:
    
        at ScrollReveal (F:\myproject\frontend\src\hooks\useScrollAnimation.js:30:32)
        at div
        at div
        at AnalyticsPage (F:\myproject\frontend\src\pages\analytics\AnalyticsPage.js:8:35)
        at AuthProvider (F:\myproject\frontend\src\contexts\AuthContext.js:6:32)
    
    Consider adding an error boundary to your tree to customize error handling behavior.
    Visit https://reactjs.org/link/error-boundaries to learn more about error boundaries.

    [0m [90m 16 |[39m [36mfunction[39m renderWithAuth() {
     [90m 17 |[39m   localStorage[33m.[39msetItem([32m'token'[39m[33m,[39m [32m'mock-token'[39m)[33m;[39m
    [31m[1m>[22m[39m[90m 18 |[39m   [36mreturn[39m render(
     [90m    |[39m                [31m[1m^[22m[39m
     [90m 19 |[39m     [33m<[39m[33mAuthProvider[39m[33m>[39m
     [90m 20 |[39m       [33m<[39m[33mAnalyticsPage[39m [33m/[39m[33m>[39m
     [90m 21 |[39m     [33m<[39m[33m/[39m[33mAuthProvider[39m[33m>[39m[0m

      at logCapturedError (node_modules/react-dom/cjs/react-dom.development.js:18704:23)
      at update.callback (node_modules/react-dom/cjs/react-dom.development.js:18737:5)
      at callCallback (node_modules/react-dom/cjs/react-dom.development.js:15036:12)
      at commitUpdateQueue (node_modules/react-dom/cjs/react-dom.development.js:15057:9)
      at commitLayoutEffectOnFiber (node_modules/react-dom/cjs/react-dom.development.js:23430:13)
      at commitLayoutMountEffects_complete (node_modules/react-dom/cjs/react-dom.development.js:24727:9)
      at commitLayoutEffects_begin (node_modules/react-dom/cjs/react-dom.development.js:24713:7)
      at commitLayoutEffects (node_modules/react-dom/cjs/react-dom.development.js:24651:3)
      at commitRootImpl (node_modules/react-dom/cjs/react-dom.development.js:26862:5)
      at commitRoot (node_modules/react-dom/cjs/react-dom.development.js:26721:5)
      at performSyncWorkOnRoot (node_modules/react-dom/cjs/react-dom.development.js:26156:3)
      at flushSyncCallbacks (node_modules/react-dom/cjs/react-dom.development.js:12042:22)
      at flushPassiveEffectsImpl (node_modules/react-dom/cjs/react-dom.development.js:27099:3)
      at flushPassiveEffects (node_modules/react-dom/cjs/react-dom.development.js:27023:14)
      at node_modules/react-dom/cjs/react-dom.development.js:26808:9
      at flushActQueue (node_modules/react/cjs/react.development.js:2667:24)
      at act (node_modules/react/cjs/react.development.js:2582:11)
      at node_modules/@testing-library/react/dist/act-compat.js:46:25
      at renderRoot (node_modules/@testing-library/react/dist/pure.js:189:26)
      at render (node_modules/@testing-library/react/dist/pure.js:291:10)
      at renderWithAuth (src/__tests__/AnalyticsPage.test.js:18:16)
      at Object.<anonymous> (src/__tests__/AnalyticsPage.test.js:41:5)

  console.error
    The above error occurred in the <ScrollReveal> component:
    
        at ScrollReveal (F:\myproject\frontend\src\hooks\useScrollAnimation.js:30:32)
        at div
        at div
        at BookingHistoryPage (F:\myproject\frontend\src\pages\traveler\BookingHistoryPage.js:12:43)
        at BookingProvider (F:\myproject\frontend\src\contexts\BookingContext.js:6:35)
        at AuthProvider (F:\myproject\frontend\src\contexts\AuthContext.js:6:32)
        at Router (F:\myproject\frontend\node_modules\react-router\lib\components.tsx:421:13)
        at MemoryRouter (F:\myproject\frontend\node_modules\react-router\lib\components.tsx:225:3)
    
    Consider adding an error boundary to your tree to customize error handling behavior.
    Visit https://reactjs.org/link/error-boundaries to learn more about error boundaries.

      at logCapturedError (node_modules/react-dom/cjs/react-dom.development.js:18704:23)
      at update.callback (node_modules/react-dom/cjs/react-dom.development.js:18737:5)
      at callCallback (node_modules/react-dom/cjs/react-dom.development.js:15036:12)
      at commitUpdateQueue (node_modules/react-dom/cjs/react-dom.development.js:15057:9)
      at commitLayoutEffectOnFiber (node_modules/react-dom/cjs/react-dom.development.js:23430:13)
      at commitLayoutMountEffects_complete (node_modules/react-dom/cjs/react-dom.development.js:24727:9)
      at commitLayoutEffects_begin (node_modules/react-dom/cjs/react-dom.development.js:24713:7)
      at commitLayoutEffects (node_modules/react-dom/cjs/react-dom.development.js:24651:3)
      at commitRootImpl (node_modules/react-dom/cjs/react-dom.development.js:26862:5)
      at commitRoot (node_modules/react-dom/cjs/react-dom.development.js:26721:5)
      at performSyncWorkOnRoot (node_modules/react-dom/cjs/react-dom.development.js:26156:3)
      at flushSyncCallbacks (node_modules/react-dom/cjs/react-dom.development.js:12042:22)
      at flushPassiveEffectsImpl (node_modules/react-dom/cjs/react-dom.development.js:27099:3)
      at flushPassiveEffects (node_modules/react-dom/cjs/react-dom.development.js:27023:14)
      at node_modules/react-dom/cjs/react-dom.development.js:26808:9
      at workLoop (node_modules/scheduler/cjs/scheduler.development.js:266:34)
      at flushWork (node_modules/scheduler/cjs/scheduler.development.js:239:14)
      at performWorkUntilDeadline (node_modules/scheduler/cjs/scheduler.development.js:533:21)
      at Timeout.task [as _onTimeout] (node_modules/jsdom/lib/jsdom/browser/Window.js:516:19)

  console.error
    Error: Uncaught [ReferenceError: IntersectionObserver is not defined]
        at reportException (F:\myproject\frontend\node_modules\jsdom\lib\jsdom\living\helpers\runtime-script-errors.js:66:24)
        at Timeout.task [as _onTimeout] (F:\myproject\frontend\node_modules\jsdom\lib\jsdom\browser\Window.js:521:9)
        at listOnTimeout (node:internal/timers:594:17)
        at processTimers (node:internal/timers:529:7) ReferenceError: IntersectionObserver is not defined
        at F:\myproject\frontend\src\hooks\useScrollAnimation.js:10:22
        at commitHookEffectListMount (F:\myproject\frontend\node_modules\react-dom\cjs\react-dom.development.js:23189:26)
        at commitPassiveMountOnFiber (F:\myproject\frontend\node_modules\react-dom\cjs\react-dom.development.js:24970:11)
        at commitPassiveMountEffects_complete (F:\myproject\frontend\node_modules\react-dom\cjs\react-dom.development.js:24930:9)
        at commitPassiveMountEffects_begin (F:\myproject\frontend\node_modules\react-dom\cjs\react-dom.development.js:24917:7)
        at commitPassiveMountEffects (F:\myproject\frontend\node_modules\react-dom\cjs\react-dom.development.js:24905:3)
        at flushPassiveEffectsImpl (F:\myproject\frontend\node_modules\react-dom\cjs\react-dom.development.js:27078:3)
        at flushPassiveEffects (F:\myproject\frontend\node_modules\react-dom\cjs\react-dom.development.js:27023:14)
        at F:\myproject\frontend\node_modules\react-dom\cjs\react-dom.development.js:26808:9
        at workLoop (F:\myproject\frontend\node_modules\scheduler\cjs\scheduler.development.js:266:34)
        at flushWork (F:\myproject\frontend\node_modules\scheduler\cjs\scheduler.development.js:239:14)
        at performWorkUntilDeadline (F:\myproject\frontend\node_modules\scheduler\cjs\scheduler.development.js:533:21)
        at Timeout.task [as _onTimeout] (F:\myproject\frontend\node_modules\jsdom\lib\jsdom\browser\Window.js:516:19)
        at listOnTimeout (node:internal/timers:594:17)
        at processTimers (node:internal/timers:529:7)

      at VirtualConsole.<anonymous> (node_modules/jsdom/lib/jsdom/virtual-console.js:29:45)
      at reportException (node_modules/jsdom/lib/jsdom/living/helpers/runtime-script-errors.js:70:28)
      at Timeout.task [as _onTimeout] (node_modules/jsdom/lib/jsdom/browser/Window.js:521:9)

  console.error
    Error: Uncaught [ReferenceError: IntersectionObserver is not defined]
        at reportException (F:\myproject\frontend\node_modules\jsdom\lib\jsdom\living\helpers\runtime-script-errors.js:66:24)
        at innerInvokeEventListeners (F:\myproject\frontend\node_modules\jsdom\lib\jsdom\living\events\EventTarget-impl.js:341:9)
        at invokeEventListeners (F:\myproject\frontend\node_modules\jsdom\lib\jsdom\living\events\EventTarget-impl.js:274:3)
        at HTMLUnknownElementImpl._dispatch (F:\myproject\frontend\node_modules\jsdom\lib\jsdom\living\events\EventTarget-impl.js:221:9)
        at HTMLUnknownElementImpl.dispatchEvent (F:\myproject\frontend\node_modules\jsdom\lib\jsdom\living\events\EventTarget-impl.js:94:17)
        at HTMLUnknownElement.dispatchEvent (F:\myproject\frontend\node_modules\jsdom\lib\jsdom\living\generated\EventTarget.js:231:34)
        at Object.invokeGuardedCallbackDev (F:\myproject\frontend\node_modules\react-dom\cjs\react-dom.development.js:4213:16)
        at invokeGuardedCallback (F:\myproject\frontend\node_modules\react-dom\cjs\react-dom.development.js:4277:31)
        at reportUncaughtErrorInDEV (F:\myproject\frontend\node_modules\react-dom\cjs\react-dom.development.js:22877:5)
        at captureCommitPhaseError (F:\myproject\frontend\node_modules\react-dom\cjs\react-dom.development.js:27165:5)
        at commitPassiveMountEffects_complete (F:\myproject\frontend\node_modules\react-dom\cjs\react-dom.development.js:24932:9)
        at commitPassiveMountEffects_begin (F:\myproject\frontend\node_modules\react-dom\cjs\react-dom.development.js:24917:7)
        at commitPassiveMountEffects (F:\myproject\frontend\node_modules\react-dom\cjs\react-dom.development.js:24905:3)
        at flushPassiveEffectsImpl (F:\myproject\frontend\node_modules\react-dom\cjs\react-dom.development.js:27078:3)
        at flushPassiveEffects (F:\myproject\frontend\node_modules\react-dom\cjs\react-dom.development.js:27023:14)
        at F:\myproject\frontend\node_modules\react-dom\cjs\react-dom.development.js:26808:9
        at flushActQueue (F:\myproject\frontend\node_modules\react\cjs\react.development.js:2667:24)
        at act (F:\myproject\frontend\node_modules\react\cjs\react.development.js:2582:11)
        at F:\myproject\frontend\node_modules\@testing-library\react\dist\act-compat.js:46:25
        at renderRoot (F:\myproject\frontend\node_modules\@testing-library\react\dist\pure.js:189:26)
        at render (F:\myproject\frontend\node_modules\@testing-library\react\dist\pure.js:291:10)
        at renderWithAuth (F:\myproject\frontend\src\__tests__\AnalyticsPage.test.js:18:16)
        at Object.<anonymous> (F:\myproject\frontend\src\__tests__\AnalyticsPage.test.js:52:5)
        at Promise.then.completed (F:\myproject\frontend\node_modules\jest-circus\build\utils.js:391:28)
        at new Promise (<anonymous>)
        at callAsyncCircusFn (F:\myproject\frontend\node_modules\jest-circus\build\utils.js:316:10)
        at _callCircusTest (F:\myproject\frontend\node_modules\jest-circus\build\run.js:218:40)
        at processTicksAndRejections (node:internal/process/task_queues:105:5)
        at _runTest (F:\myproject\frontend\node_modules\jest-circus\build\run.js:155:3)
        at _runTestsForDescribeBlock (F:\myproject\frontend\node_modules\jest-circus\build\run.js:66:9)
        at _runTestsForDescribeBlock (F:\myproject\frontend\node_modules\jest-circus\build\run.js:60:9)
        at run (F:\myproject\frontend\node_modules\jest-circus\build\run.js:25:3)
        at runAndTransformResultsToJestFormat (F:\myproject\frontend\node_modules\jest-circus\build\legacy-code-todo-rewrite\jestAdapterInit.js:170:21)
        at jestAdapter (F:\myproject\frontend\node_modules\jest-circus\build\legacy-code-todo-rewrite\jestAdapter.js:82:19)
        at runTestInternal (F:\myproject\frontend\node_modules\jest-runner\build\runTest.js:389:16)
        at runTest (F:\myproject\frontend\node_modules\jest-runner\build\runTest.js:475:34)
        at Object.worker (F:\myproject\frontend\node_modules\jest-runner\build\testWorker.js:133:12) ReferenceError: IntersectionObserver is not defined
        at F:\myproject\frontend\src\hooks\useScrollAnimation.js:10:22
        at commitHookEffectListMount (F:\myproject\frontend\node_modules\react-dom\cjs\react-dom.development.js:23189:26)
        at commitPassiveMountOnFiber (F:\myproject\frontend\node_modules\react-dom\cjs\react-dom.development.js:24970:11)
        at commitPassiveMountEffects_complete (F:\myproject\frontend\node_modules\react-dom\cjs\react-dom.development.js:24930:9)
        at commitPassiveMountEffects_begin (F:\myproject\frontend\node_modules\react-dom\cjs\react-dom.development.js:24917:7)
        at commitPassiveMountEffects (F:\myproject\frontend\node_modules\react-dom\cjs\react-dom.development.js:24905:3)
        at flushPassiveEffectsImpl (F:\myproject\frontend\node_modules\react-dom\cjs\react-dom.development.js:27078:3)
        at flushPassiveEffects (F:\myproject\frontend\node_modules\react-dom\cjs\react-dom.development.js:27023:14)
        at F:\myproject\frontend\node_modules\react-dom\cjs\react-dom.development.js:26808:9
        at flushActQueue (F:\myproject\frontend\node_modules\react\cjs\react.development.js:2667:24)
        at act (F:\myproject\frontend\node_modules\react\cjs\react.development.js:2582:11)
        at F:\myproject\frontend\node_modules\@testing-library\react\dist\act-compat.js:46:25
        at renderRoot (F:\myproject\frontend\node_modules\@testing-library\react\dist\pure.js:189:26)
        at render (F:\myproject\frontend\node_modules\@testing-library\react\dist\pure.js:291:10)
        at renderWithAuth (F:\myproject\frontend\src\__tests__\AnalyticsPage.test.js:18:16)
        at Object.<anonymous> (F:\myproject\frontend\src\__tests__\AnalyticsPage.test.js:52:5)
        at Promise.then.completed (F:\myproject\frontend\node_modules\jest-circus\build\utils.js:391:28)
        at new Promise (<anonymous>)
        at callAsyncCircusFn (F:\myproject\frontend\node_modules\jest-circus\build\utils.js:316:10)
        at _callCircusTest (F:\myproject\frontend\node_modules\jest-circus\build\run.js:218:40)
        at processTicksAndRejections (node:internal/process/task_queues:105:5)
        at _runTest (F:\myproject\frontend\node_modules\jest-circus\build\run.js:155:3)
        at _runTestsForDescribeBlock (F:\myproject\frontend\node_modules\jest-circus\build\run.js:66:9)
        at _runTestsForDescribeBlock (F:\myproject\frontend\node_modules\jest-circus\build\run.js:60:9)
        at run (F:\myproject\frontend\node_modules\jest-circus\build\run.js:25:3)
        at runAndTransformResultsToJestFormat (F:\myproject\frontend\node_modules\jest-circus\build\legacy-code-todo-rewrite\jestAdapterInit.js:170:21)
        at jestAdapter (F:\myproject\frontend\node_modules\jest-circus\build\legacy-code-todo-rewrite\jestAdapter.js:82:19)
        at runTestInternal (F:\myproject\frontend\node_modules\jest-runner\build\runTest.js:389:16)
        at runTest (F:\myproject\frontend\node_modules\jest-runner\build\runTest.js:475:34)
        at Object.worker (F:\myproject\frontend\node_modules\jest-runner\build\testWorker.js:133:12)

    [0m [90m 16 |[39m [36mfunction[39m renderWithAuth() {
     [90m 17 |[39m   localStorage[33m.[39msetItem([32m'token'[39m[33m,[39m [32m'mock-token'[39m)[33m;[39m
    [31m[1m>[22m[39m[90m 18 |[39m   [36mreturn[39m render(
     [90m    |[39m                [31m[1m^[22m[39m
     [90m 19 |[39m     [33m<[39m[33mAuthProvider[39m[33m>[39m
     [90m 20 |[39m       [33m<[39m[33mAnalyticsPage[39m [33m/[39m[33m>[39m
     [90m 21 |[39m     [33m<[39m[33m/[39m[33mAuthProvider[39m[33m>[39m[0m

      at VirtualConsole.<anonymous> (node_modules/jsdom/lib/jsdom/virtual-console.js:29:45)
      at reportException (node_modules/jsdom/lib/jsdom/living/helpers/runtime-script-errors.js:70:28)
      at innerInvokeEventListeners (node_modules/jsdom/lib/jsdom/living/events/EventTarget-impl.js:341:9)
      at invokeEventListeners (node_modules/jsdom/lib/jsdom/living/events/EventTarget-impl.js:274:3)
      at HTMLUnknownElementImpl._dispatch (node_modules/jsdom/lib/jsdom/living/events/EventTarget-impl.js:221:9)
      at HTMLUnknownElementImpl.dispatchEvent (node_modules/jsdom/lib/jsdom/living/events/EventTarget-impl.js:94:17)
      at HTMLUnknownElement.dispatchEvent (node_modules/jsdom/lib/jsdom/living/generated/EventTarget.js:231:34)
      at Object.invokeGuardedCallbackDev (node_modules/react-dom/cjs/react-dom.development.js:4213:16)
      at invokeGuardedCallback (node_modules/react-dom/cjs/react-dom.development.js:4277:31)
      at reportUncaughtErrorInDEV (node_modules/react-dom/cjs/react-dom.development.js:22877:5)
      at captureCommitPhaseError (node_modules/react-dom/cjs/react-dom.development.js:27165:5)
      at commitPassiveMountEffects_complete (node_modules/react-dom/cjs/react-dom.development.js:24932:9)
      at commitPassiveMountEffects_begin (node_modules/react-dom/cjs/react-dom.development.js:24917:7)
      at commitPassiveMountEffects (node_modules/react-dom/cjs/react-dom.development.js:24905:3)
      at flushPassiveEffectsImpl (node_modules/react-dom/cjs/react-dom.development.js:27078:3)
      at flushPassiveEffects (node_modules/react-dom/cjs/react-dom.development.js:27023:14)
      at node_modules/react-dom/cjs/react-dom.development.js:26808:9
      at flushActQueue (node_modules/react/cjs/react.development.js:2667:24)
      at act (node_modules/react/cjs/react.development.js:2582:11)
      at node_modules/@testing-library/react/dist/act-compat.js:46:25
      at renderRoot (node_modules/@testing-library/react/dist/pure.js:189:26)
      at render (node_modules/@testing-library/react/dist/pure.js:291:10)
      at renderWithAuth (src/__tests__/AnalyticsPage.test.js:18:16)
      at Object.<anonymous> (src/__tests__/AnalyticsPage.test.js:52:5)

  console.error
    Error: Uncaught [ReferenceError: IntersectionObserver is not defined]
        at reportException (F:\myproject\frontend\node_modules\jsdom\lib\jsdom\living\helpers\runtime-script-errors.js:66:24)
        at innerInvokeEventListeners (F:\myproject\frontend\node_modules\jsdom\lib\jsdom\living\events\EventTarget-impl.js:341:9)
        at invokeEventListeners (F:\myproject\frontend\node_modules\jsdom\lib\jsdom\living\events\EventTarget-impl.js:274:3)
        at HTMLUnknownElementImpl._dispatch (F:\myproject\frontend\node_modules\jsdom\lib\jsdom\living\events\EventTarget-impl.js:221:9)
        at HTMLUnknownElementImpl.dispatchEvent (F:\myproject\frontend\node_modules\jsdom\lib\jsdom\living\events\EventTarget-impl.js:94:17)
        at HTMLUnknownElement.dispatchEvent (F:\myproject\frontend\node_modules\jsdom\lib\jsdom\living\generated\EventTarget.js:231:34)
        at Object.invokeGuardedCallbackDev (F:\myproject\frontend\node_modules\react-dom\cjs\react-dom.development.js:4213:16)
        at invokeGuardedCallback (F:\myproject\frontend\node_modules\react-dom\cjs\react-dom.development.js:4277:31)
        at reportUncaughtErrorInDEV (F:\myproject\frontend\node_modules\react-dom\cjs\react-dom.development.js:22877:5)
        at captureCommitPhaseError (F:\myproject\frontend\node_modules\react-dom\cjs\react-dom.development.js:27165:5)
        at commitPassiveMountEffects_complete (F:\myproject\frontend\node_modules\react-dom\cjs\react-dom.development.js:24932:9)
        at commitPassiveMountEffects_begin (F:\myproject\frontend\node_modules\react-dom\cjs\react-dom.development.js:24917:7)
        at commitPassiveMountEffects (F:\myproject\frontend\node_modules\react-dom\cjs\react-dom.development.js:24905:3)
        at flushPassiveEffectsImpl (F:\myproject\frontend\node_modules\react-dom\cjs\react-dom.development.js:27078:3)
        at flushPassiveEffects (F:\myproject\frontend\node_modules\react-dom\cjs\react-dom.development.js:27023:14)
        at F:\myproject\frontend\node_modules\react-dom\cjs\react-dom.development.js:26808:9
        at flushActQueue (F:\myproject\frontend\node_modules\react\cjs\react.development.js:2667:24)
        at act (F:\myproject\frontend\node_modules\react\cjs\react.development.js:2582:11)
        at F:\myproject\frontend\node_modules\@testing-library\react\dist\act-compat.js:46:25
        at renderRoot (F:\myproject\frontend\node_modules\@testing-library\react\dist\pure.js:189:26)
        at render (F:\myproject\frontend\node_modules\@testing-library\react\dist\pure.js:291:10)
        at renderWithAuth (F:\myproject\frontend\src\__tests__\AnalyticsPage.test.js:18:16)
        at Object.<anonymous> (F:\myproject\frontend\src\__tests__\AnalyticsPage.test.js:52:5)
        at Promise.then.completed (F:\myproject\frontend\node_modules\jest-circus\build\utils.js:391:28)
        at new Promise (<anonymous>)
        at callAsyncCircusFn (F:\myproject\frontend\node_modules\jest-circus\build\utils.js:316:10)
        at _callCircusTest (F:\myproject\frontend\node_modules\jest-circus\build\run.js:218:40)
        at processTicksAndRejections (node:internal/process/task_queues:105:5)
        at _runTest (F:\myproject\frontend\node_modules\jest-circus\build\run.js:155:3)
        at _runTestsForDescribeBlock (F:\myproject\frontend\node_modules\jest-circus\build\run.js:66:9)
        at _runTestsForDescribeBlock (F:\myproject\frontend\node_modules\jest-circus\build\run.js:60:9)
        at run (F:\myproject\frontend\node_modules\jest-circus\build\run.js:25:3)
        at runAndTransformResultsToJestFormat (F:\myproject\frontend\node_modules\jest-circus\build\legacy-code-todo-rewrite\jestAdapterInit.js:170:21)
        at jestAdapter (F:\myproject\frontend\node_modules\jest-circus\build\legacy-code-todo-rewrite\jestAdapter.js:82:19)
        at runTestInternal (F:\myproject\frontend\node_modules\jest-runner\build\runTest.js:389:16)
        at runTest (F:\myproject\frontend\node_modules\jest-runner\build\runTest.js:475:34)
        at Object.worker (F:\myproject\frontend\node_modules\jest-runner\build\testWorker.js:133:12) ReferenceError: IntersectionObserver is not defined
        at F:\myproject\frontend\src\hooks\useScrollAnimation.js:10:22
        at commitHookEffectListMount (F:\myproject\frontend\node_modules\react-dom\cjs\react-dom.development.js:23189:26)
        at commitPassiveMountOnFiber (F:\myproject\frontend\node_modules\react-dom\cjs\react-dom.development.js:24970:11)
        at commitPassiveMountEffects_complete (F:\myproject\frontend\node_modules\react-dom\cjs\react-dom.development.js:24930:9)
        at commitPassiveMountEffects_begin (F:\myproject\frontend\node_modules\react-dom\cjs\react-dom.development.js:24917:7)
        at commitPassiveMountEffects (F:\myproject\frontend\node_modules\react-dom\cjs\react-dom.development.js:24905:3)
        at flushPassiveEffectsImpl (F:\myproject\frontend\node_modules\react-dom\cjs\react-dom.development.js:27078:3)
        at flushPassiveEffects (F:\myproject\frontend\node_modules\react-dom\cjs\react-dom.development.js:27023:14)
        at F:\myproject\frontend\node_modules\react-dom\cjs\react-dom.development.js:26808:9
        at flushActQueue (F:\myproject\frontend\node_modules\react\cjs\react.development.js:2667:24)
        at act (F:\myproject\frontend\node_modules\react\cjs\react.development.js:2582:11)
        at F:\myproject\frontend\node_modules\@testing-library\react\dist\act-compat.js:46:25
        at renderRoot (F:\myproject\frontend\node_modules\@testing-library\react\dist\pure.js:189:26)
        at render (F:\myproject\frontend\node_modules\@testing-library\react\dist\pure.js:291:10)
        at renderWithAuth (F:\myproject\frontend\src\__tests__\AnalyticsPage.test.js:18:16)
        at Object.<anonymous> (F:\myproject\frontend\src\__tests__\AnalyticsPage.test.js:52:5)
        at Promise.then.completed (F:\myproject\frontend\node_modules\jest-circus\build\utils.js:391:28)
        at new Promise (<anonymous>)
        at callAsyncCircusFn (F:\myproject\frontend\node_modules\jest-circus\build\utils.js:316:10)
        at _callCircusTest (F:\myproject\frontend\node_modules\jest-circus\build\run.js:218:40)
        at processTicksAndRejections (node:internal/process/task_queues:105:5)
        at _runTest (F:\myproject\frontend\node_modules\jest-circus\build\run.js:155:3)
        at _runTestsForDescribeBlock (F:\myproject\frontend\node_modules\jest-circus\build\run.js:66:9)
        at _runTestsForDescribeBlock (F:\myproject\frontend\node_modules\jest-circus\build\run.js:60:9)
        at run (F:\myproject\frontend\node_modules\jest-circus\build\run.js:25:3)
        at runAndTransformResultsToJestFormat (F:\myproject\frontend\node_modules\jest-circus\build\legacy-code-todo-rewrite\jestAdapterInit.js:170:21)
        at jestAdapter (F:\myproject\frontend\node_modules\jest-circus\build\legacy-code-todo-rewrite\jestAdapter.js:82:19)
        at runTestInternal (F:\myproject\frontend\node_modules\jest-runner\build\runTest.js:389:16)
        at runTest (F:\myproject\frontend\node_modules\jest-runner\build\runTest.js:475:34)
        at Object.worker (F:\myproject\frontend\node_modules\jest-runner\build\testWorker.js:133:12)

    [0m [90m 16 |[39m [36mfunction[39m renderWithAuth() {
     [90m 17 |[39m   localStorage[33m.[39msetItem([32m'token'[39m[33m,[39m [32m'mock-token'[39m)[33m;[39m
    [31m[1m>[22m[39m[90m 18 |[39m   [36mreturn[39m render(
     [90m    |[39m                [31m[1m^[22m[39m
     [90m 19 |[39m     [33m<[39m[33mAuthProvider[39m[33m>[39m
     [90m 20 |[39m       [33m<[39m[33mAnalyticsPage[39m [33m/[39m[33m>[39m
     [90m 21 |[39m     [33m<[39m[33m/[39m[33mAuthProvider[39m[33m>[39m[0m

      at VirtualConsole.<anonymous> (node_modules/jsdom/lib/jsdom/virtual-console.js:29:45)
      at reportException (node_modules/jsdom/lib/jsdom/living/helpers/runtime-script-errors.js:70:28)
      at innerInvokeEventListeners (node_modules/jsdom/lib/jsdom/living/events/EventTarget-impl.js:341:9)
      at invokeEventListeners (node_modules/jsdom/lib/jsdom/living/events/EventTarget-impl.js:274:3)
      at HTMLUnknownElementImpl._dispatch (node_modules/jsdom/lib/jsdom/living/events/EventTarget-impl.js:221:9)
      at HTMLUnknownElementImpl.dispatchEvent (node_modules/jsdom/lib/jsdom/living/events/EventTarget-impl.js:94:17)
      at HTMLUnknownElement.dispatchEvent (node_modules/jsdom/lib/jsdom/living/generated/EventTarget.js:231:34)
      at Object.invokeGuardedCallbackDev (node_modules/react-dom/cjs/react-dom.development.js:4213:16)
      at invokeGuardedCallback (node_modules/react-dom/cjs/react-dom.development.js:4277:31)
      at reportUncaughtErrorInDEV (node_modules/react-dom/cjs/react-dom.development.js:22877:5)
      at captureCommitPhaseError (node_modules/react-dom/cjs/react-dom.development.js:27165:5)
      at commitPassiveMountEffects_complete (node_modules/react-dom/cjs/react-dom.development.js:24932:9)
      at commitPassiveMountEffects_begin (node_modules/react-dom/cjs/react-dom.development.js:24917:7)
      at commitPassiveMountEffects (node_modules/react-dom/cjs/react-dom.development.js:24905:3)
      at flushPassiveEffectsImpl (node_modules/react-dom/cjs/react-dom.development.js:27078:3)
      at flushPassiveEffects (node_modules/react-dom/cjs/react-dom.development.js:27023:14)
      at node_modules/react-dom/cjs/react-dom.development.js:26808:9
      at flushActQueue (node_modules/react/cjs/react.development.js:2667:24)
      at act (node_modules/react/cjs/react.development.js:2582:11)
      at node_modules/@testing-library/react/dist/act-compat.js:46:25
      at renderRoot (node_modules/@testing-library/react/dist/pure.js:189:26)
      at render (node_modules/@testing-library/react/dist/pure.js:291:10)
      at renderWithAuth (src/__tests__/AnalyticsPage.test.js:18:16)
      at Object.<anonymous> (src/__tests__/AnalyticsPage.test.js:52:5)

  console.error
    The above error occurred in the <ScrollReveal> component:
    
        at ScrollReveal (F:\myproject\frontend\src\hooks\useScrollAnimation.js:30:32)
        at div
        at div
        at AnalyticsPage (F:\myproject\frontend\src\pages\analytics\AnalyticsPage.js:8:35)
        at AuthProvider (F:\myproject\frontend\src\contexts\AuthContext.js:6:32)
    
    Consider adding an error boundary to your tree to customize error handling behavior.
    Visit https://reactjs.org/link/error-boundaries to learn more about error boundaries.

    [0m [90m 16 |[39m [36mfunction[39m renderWithAuth() {
     [90m 17 |[39m   localStorage[33m.[39msetItem([32m'token'[39m[33m,[39m [32m'mock-token'[39m)[33m;[39m
    [31m[1m>[22m[39m[90m 18 |[39m   [36mreturn[39m render(
     [90m    |[39m                [31m[1m^[22m[39m
     [90m 19 |[39m     [33m<[39m[33mAuthProvider[39m[33m>[39m
     [90m 20 |[39m       [33m<[39m[33mAnalyticsPage[39m [33m/[39m[33m>[39m
     [90m 21 |[39m     [33m<[39m[33m/[39m[33mAuthProvider[39m[33m>[39m[0m

      at logCapturedError (node_modules/react-dom/cjs/react-dom.development.js:18704:23)
      at update.callback (node_modules/react-dom/cjs/react-dom.development.js:18737:5)
      at callCallback (node_modules/react-dom/cjs/react-dom.development.js:15036:12)
      at commitUpdateQueue (node_modules/react-dom/cjs/react-dom.development.js:15057:9)
      at commitLayoutEffectOnFiber (node_modules/react-dom/cjs/react-dom.development.js:23430:13)
      at commitLayoutMountEffects_complete (node_modules/react-dom/cjs/react-dom.development.js:24727:9)
      at commitLayoutEffects_begin (node_modules/react-dom/cjs/react-dom.development.js:24713:7)
      at commitLayoutEffects (node_modules/react-dom/cjs/react-dom.development.js:24651:3)
      at commitRootImpl (node_modules/react-dom/cjs/react-dom.development.js:26862:5)
      at commitRoot (node_modules/react-dom/cjs/react-dom.development.js:26721:5)
      at performSyncWorkOnRoot (node_modules/react-dom/cjs/react-dom.development.js:26156:3)
      at flushSyncCallbacks (node_modules/react-dom/cjs/react-dom.development.js:12042:22)
      at flushPassiveEffectsImpl (node_modules/react-dom/cjs/react-dom.development.js:27099:3)
      at flushPassiveEffects (node_modules/react-dom/cjs/react-dom.development.js:27023:14)
      at node_modules/react-dom/cjs/react-dom.development.js:26808:9
      at flushActQueue (node_modules/react/cjs/react.development.js:2667:24)
      at act (node_modules/react/cjs/react.development.js:2582:11)
      at node_modules/@testing-library/react/dist/act-compat.js:46:25
      at renderRoot (node_modules/@testing-library/react/dist/pure.js:189:26)
      at render (node_modules/@testing-library/react/dist/pure.js:291:10)
      at renderWithAuth (src/__tests__/AnalyticsPage.test.js:18:16)
      at Object.<anonymous> (src/__tests__/AnalyticsPage.test.js:52:5)

  console.error
    The above error occurred in the <ScrollReveal> component:
    
        at ScrollReveal (F:\myproject\frontend\src\hooks\useScrollAnimation.js:30:32)
        at div
        at div
        at AnalyticsPage (F:\myproject\frontend\src\pages\analytics\AnalyticsPage.js:8:35)
        at AuthProvider (F:\myproject\frontend\src\contexts\AuthContext.js:6:32)
    
    Consider adding an error boundary to your tree to customize error handling behavior.
    Visit https://reactjs.org/link/error-boundaries to learn more about error boundaries.

    [0m [90m 16 |[39m [36mfunction[39m renderWithAuth() {
     [90m 17 |[39m   localStorage[33m.[39msetItem([32m'token'[39m[33m,[39m [32m'mock-token'[39m)[33m;[39m
    [31m[1m>[22m[39m[90m 18 |[39m   [36mreturn[39m render(
     [90m    |[39m                [31m[1m^[22m[39m
     [90m 19 |[39m     [33m<[39m[33mAuthProvider[39m[33m>[39m
     [90m 20 |[39m       [33m<[39m[33mAnalyticsPage[39m [33m/[39m[33m>[39m
     [90m 21 |[39m     [33m<[39m[33m/[39m[33mAuthProvider[39m[33m>[39m[0m

      at logCapturedError (node_modules/react-dom/cjs/react-dom.development.js:18704:23)
      at update.callback (node_modules/react-dom/cjs/react-dom.development.js:18737:5)
      at callCallback (node_modules/react-dom/cjs/react-dom.development.js:15036:12)
      at commitUpdateQueue (node_modules/react-dom/cjs/react-dom.development.js:15057:9)
      at commitLayoutEffectOnFiber (node_modules/react-dom/cjs/react-dom.development.js:23430:13)
      at commitLayoutMountEffects_complete (node_modules/react-dom/cjs/react-dom.development.js:24727:9)
      at commitLayoutEffects_begin (node_modules/react-dom/cjs/react-dom.development.js:24713:7)
      at commitLayoutEffects (node_modules/react-dom/cjs/react-dom.development.js:24651:3)
      at commitRootImpl (node_modules/react-dom/cjs/react-dom.development.js:26862:5)
      at commitRoot (node_modules/react-dom/cjs/react-dom.development.js:26721:5)
      at performSyncWorkOnRoot (node_modules/react-dom/cjs/react-dom.development.js:26156:3)
      at flushSyncCallbacks (node_modules/react-dom/cjs/react-dom.development.js:12042:22)
      at flushPassiveEffectsImpl (node_modules/react-dom/cjs/react-dom.development.js:27099:3)
      at flushPassiveEffects (node_modules/react-dom/cjs/react-dom.development.js:27023:14)
      at node_modules/react-dom/cjs/react-dom.development.js:26808:9
      at flushActQueue (node_modules/react/cjs/react.development.js:2667:24)
      at act (node_modules/react/cjs/react.development.js:2582:11)
      at node_modules/@testing-library/react/dist/act-compat.js:46:25
      at renderRoot (node_modules/@testing-library/react/dist/pure.js:189:26)
      at render (node_modules/@testing-library/react/dist/pure.js:291:10)
      at renderWithAuth (src/__tests__/AnalyticsPage.test.js:18:16)
      at Object.<anonymous> (src/__tests__/AnalyticsPage.test.js:52:5)

  console.error
    Error: Uncaught [ReferenceError: IntersectionObserver is not defined]
        at reportException (F:\myproject\frontend\node_modules\jsdom\lib\jsdom\living\helpers\runtime-script-errors.js:66:24)
        at innerInvokeEventListeners (F:\myproject\frontend\node_modules\jsdom\lib\jsdom\living\events\EventTarget-impl.js:341:9)
        at invokeEventListeners (F:\myproject\frontend\node_modules\jsdom\lib\jsdom\living\events\EventTarget-impl.js:274:3)
        at HTMLUnknownElementImpl._dispatch (F:\myproject\frontend\node_modules\jsdom\lib\jsdom\living\events\EventTarget-impl.js:221:9)
        at HTMLUnknownElementImpl.dispatchEvent (F:\myproject\frontend\node_modules\jsdom\lib\jsdom\living\events\EventTarget-impl.js:94:17)
        at HTMLUnknownElement.dispatchEvent (F:\myproject\frontend\node_modules\jsdom\lib\jsdom\living\generated\EventTarget.js:231:34)
        at Object.invokeGuardedCallbackDev (F:\myproject\frontend\node_modules\react-dom\cjs\react-dom.development.js:4213:16)
        at invokeGuardedCallback (F:\myproject\frontend\node_modules\react-dom\cjs\react-dom.development.js:4277:31)
        at reportUncaughtErrorInDEV (F:\myproject\frontend\node_modules\react-dom\cjs\react-dom.development.js:22877:5)
        at captureCommitPhaseError (F:\myproject\frontend\node_modules\react-dom\cjs\react-dom.development.js:27165:5)
        at commitPassiveMountEffects_complete (F:\myproject\frontend\node_modules\react-dom\cjs\react-dom.development.js:24932:9)
        at commitPassiveMountEffects_begin (F:\myproject\frontend\node_modules\react-dom\cjs\react-dom.development.js:24917:7)
        at commitPassiveMountEffects (F:\myproject\frontend\node_modules\react-dom\cjs\react-dom.development.js:24905:3)
        at flushPassiveEffectsImpl (F:\myproject\frontend\node_modules\react-dom\cjs\react-dom.development.js:27078:3)
        at flushPassiveEffects (F:\myproject\frontend\node_modules\react-dom\cjs\react-dom.development.js:27023:14)
        at F:\myproject\frontend\node_modules\react-dom\cjs\react-dom.development.js:26808:9
        at flushActQueue (F:\myproject\frontend\node_modules\react\cjs\react.development.js:2667:24)
        at act (F:\myproject\frontend\node_modules\react\cjs\react.development.js:2582:11)
        at F:\myproject\frontend\node_modules\@testing-library\react\dist\act-compat.js:46:25
        at renderRoot (F:\myproject\frontend\node_modules\@testing-library\react\dist\pure.js:189:26)
        at render (F:\myproject\frontend\node_modules\@testing-library\react\dist\pure.js:291:10)
        at renderWithAuth (F:\myproject\frontend\src\__tests__\AnalyticsPage.test.js:18:16)
        at Object.<anonymous> (F:\myproject\frontend\src\__tests__\AnalyticsPage.test.js:61:5)
        at Promise.then.completed (F:\myproject\frontend\node_modules\jest-circus\build\utils.js:391:28)
        at new Promise (<anonymous>)
        at callAsyncCircusFn (F:\myproject\frontend\node_modules\jest-circus\build\utils.js:316:10)
        at _callCircusTest (F:\myproject\frontend\node_modules\jest-circus\build\run.js:218:40)
        at processTicksAndRejections (node:internal/process/task_queues:105:5)
        at _runTest (F:\myproject\frontend\node_modules\jest-circus\build\run.js:155:3)
        at _runTestsForDescribeBlock (F:\myproject\frontend\node_modules\jest-circus\build\run.js:66:9)
        at _runTestsForDescribeBlock (F:\myproject\frontend\node_modules\jest-circus\build\run.js:60:9)
        at run (F:\myproject\frontend\node_modules\jest-circus\build\run.js:25:3)
        at runAndTransformResultsToJestFormat (F:\myproject\frontend\node_modules\jest-circus\build\legacy-code-todo-rewrite\jestAdapterInit.js:170:21)
        at jestAdapter (F:\myproject\frontend\node_modules\jest-circus\build\legacy-code-todo-rewrite\jestAdapter.js:82:19)
        at runTestInternal (F:\myproject\frontend\node_modules\jest-runner\build\runTest.js:389:16)
        at runTest (F:\myproject\frontend\node_modules\jest-runner\build\runTest.js:475:34)
        at Object.worker (F:\myproject\frontend\node_modules\jest-runner\build\testWorker.js:133:12) ReferenceError: IntersectionObserver is not defined
        at F:\myproject\frontend\src\hooks\useScrollAnimation.js:10:22
        at commitHookEffectListMount (F:\myproject\frontend\node_modules\react-dom\cjs\react-dom.development.js:23189:26)
        at commitPassiveMountOnFiber (F:\myproject\frontend\node_modules\react-dom\cjs\react-dom.development.js:24970:11)
        at commitPassiveMountEffects_complete (F:\myproject\frontend\node_modules\react-dom\cjs\react-dom.development.js:24930:9)
        at commitPassiveMountEffects_begin (F:\myproject\frontend\node_modules\react-dom\cjs\react-dom.development.js:24917:7)
        at commitPassiveMountEffects (F:\myproject\frontend\node_modules\react-dom\cjs\react-dom.development.js:24905:3)
        at flushPassiveEffectsImpl (F:\myproject\frontend\node_modules\react-dom\cjs\react-dom.development.js:27078:3)
        at flushPassiveEffects (F:\myproject\frontend\node_modules\react-dom\cjs\react-dom.development.js:27023:14)
        at F:\myproject\frontend\node_modules\react-dom\cjs\react-dom.development.js:26808:9
        at flushActQueue (F:\myproject\frontend\node_modules\react\cjs\react.development.js:2667:24)
        at act (F:\myproject\frontend\node_modules\react\cjs\react.development.js:2582:11)
        at F:\myproject\frontend\node_modules\@testing-library\react\dist\act-compat.js:46:25
        at renderRoot (F:\myproject\frontend\node_modules\@testing-library\react\dist\pure.js:189:26)
        at render (F:\myproject\frontend\node_modules\@testing-library\react\dist\pure.js:291:10)
        at renderWithAuth (F:\myproject\frontend\src\__tests__\AnalyticsPage.test.js:18:16)
        at Object.<anonymous> (F:\myproject\frontend\src\__tests__\AnalyticsPage.test.js:61:5)
        at Promise.then.completed (F:\myproject\frontend\node_modules\jest-circus\build\utils.js:391:28)
        at new Promise (<anonymous>)
        at callAsyncCircusFn (F:\myproject\frontend\node_modules\jest-circus\build\utils.js:316:10)
        at _callCircusTest (F:\myproject\frontend\node_modules\jest-circus\build\run.js:218:40)
        at processTicksAndRejections (node:internal/process/task_queues:105:5)
        at _runTest (F:\myproject\frontend\node_modules\jest-circus\build\run.js:155:3)
        at _runTestsForDescribeBlock (F:\myproject\frontend\node_modules\jest-circus\build\run.js:66:9)
        at _runTestsForDescribeBlock (F:\myproject\frontend\node_modules\jest-circus\build\run.js:60:9)
        at run (F:\myproject\frontend\node_modules\jest-circus\build\run.js:25:3)
        at runAndTransformResultsToJestFormat (F:\myproject\frontend\node_modules\jest-circus\build\legacy-code-todo-rewrite\jestAdapterInit.js:170:21)
        at jestAdapter (F:\myproject\frontend\node_modules\jest-circus\build\legacy-code-todo-rewrite\jestAdapter.js:82:19)
        at runTestInternal (F:\myproject\frontend\node_modules\jest-runner\build\runTest.js:389:16)
        at runTest (F:\myproject\frontend\node_modules\jest-runner\build\runTest.js:475:34)
        at Object.worker (F:\myproject\frontend\node_modules\jest-runner\build\testWorker.js:133:12)

    [0m [90m 16 |[39m [36mfunction[39m renderWithAuth() {
     [90m 17 |[39m   localStorage[33m.[39msetItem([32m'token'[39m[33m,[39m [32m'mock-token'[39m)[33m;[39m
    [31m[1m>[22m[39m[90m 18 |[39m   [36mreturn[39m render(
     [90m    |[39m                [31m[1m^[22m[39m
     [90m 19 |[39m     [33m<[39m[33mAuthProvider[39m[33m>[39m
     [90m 20 |[39m       [33m<[39m[33mAnalyticsPage[39m [33m/[39m[33m>[39m
     [90m 21 |[39m     [33m<[39m[33m/[39m[33mAuthProvider[39m[33m>[39m[0m

      at VirtualConsole.<anonymous> (node_modules/jsdom/lib/jsdom/virtual-console.js:29:45)
      at reportException (node_modules/jsdom/lib/jsdom/living/helpers/runtime-script-errors.js:70:28)
      at innerInvokeEventListeners (node_modules/jsdom/lib/jsdom/living/events/EventTarget-impl.js:341:9)
      at invokeEventListeners (node_modules/jsdom/lib/jsdom/living/events/EventTarget-impl.js:274:3)
      at HTMLUnknownElementImpl._dispatch (node_modules/jsdom/lib/jsdom/living/events/EventTarget-impl.js:221:9)
      at HTMLUnknownElementImpl.dispatchEvent (node_modules/jsdom/lib/jsdom/living/events/EventTarget-impl.js:94:17)
      at HTMLUnknownElement.dispatchEvent (node_modules/jsdom/lib/jsdom/living/generated/EventTarget.js:231:34)
      at Object.invokeGuardedCallbackDev (node_modules/react-dom/cjs/react-dom.development.js:4213:16)
      at invokeGuardedCallback (node_modules/react-dom/cjs/react-dom.development.js:4277:31)
      at reportUncaughtErrorInDEV (node_modules/react-dom/cjs/react-dom.development.js:22877:5)
      at captureCommitPhaseError (node_modules/react-dom/cjs/react-dom.development.js:27165:5)
      at commitPassiveMountEffects_complete (node_modules/react-dom/cjs/react-dom.development.js:24932:9)
      at commitPassiveMountEffects_begin (node_modules/react-dom/cjs/react-dom.development.js:24917:7)
      at commitPassiveMountEffects (node_modules/react-dom/cjs/react-dom.development.js:24905:3)
      at flushPassiveEffectsImpl (node_modules/react-dom/cjs/react-dom.development.js:27078:3)
      at flushPassiveEffects (node_modules/react-dom/cjs/react-dom.development.js:27023:14)
      at node_modules/react-dom/cjs/react-dom.development.js:26808:9
      at flushActQueue (node_modules/react/cjs/react.development.js:2667:24)
      at act (node_modules/react/cjs/react.development.js:2582:11)
      at node_modules/@testing-library/react/dist/act-compat.js:46:25
      at renderRoot (node_modules/@testing-library/react/dist/pure.js:189:26)
      at render (node_modules/@testing-library/react/dist/pure.js:291:10)
      at renderWithAuth (src/__tests__/AnalyticsPage.test.js:18:16)
      at Object.<anonymous> (src/__tests__/AnalyticsPage.test.js:61:5)

  console.error
    Error: Uncaught [ReferenceError: IntersectionObserver is not defined]
        at reportException (F:\myproject\frontend\node_modules\jsdom\lib\jsdom\living\helpers\runtime-script-errors.js:66:24)
        at innerInvokeEventListeners (F:\myproject\frontend\node_modules\jsdom\lib\jsdom\living\events\EventTarget-impl.js:341:9)
        at invokeEventListeners (F:\myproject\frontend\node_modules\jsdom\lib\jsdom\living\events\EventTarget-impl.js:274:3)
        at HTMLUnknownElementImpl._dispatch (F:\myproject\frontend\node_modules\jsdom\lib\jsdom\living\events\EventTarget-impl.js:221:9)
        at HTMLUnknownElementImpl.dispatchEvent (F:\myproject\frontend\node_modules\jsdom\lib\jsdom\living\events\EventTarget-impl.js:94:17)
        at HTMLUnknownElement.dispatchEvent (F:\myproject\frontend\node_modules\jsdom\lib\jsdom\living\generated\EventTarget.js:231:34)
        at Object.invokeGuardedCallbackDev (F:\myproject\frontend\node_modules\react-dom\cjs\react-dom.development.js:4213:16)
        at invokeGuardedCallback (F:\myproject\frontend\node_modules\react-dom\cjs\react-dom.development.js:4277:31)
        at reportUncaughtErrorInDEV (F:\myproject\frontend\node_modules\react-dom\cjs\react-dom.development.js:22877:5)
        at captureCommitPhaseError (F:\myproject\frontend\node_modules\react-dom\cjs\react-dom.development.js:27165:5)
        at commitPassiveMountEffects_complete (F:\myproject\frontend\node_modules\react-dom\cjs\react-dom.development.js:24932:9)
        at commitPassiveMountEffects_begin (F:\myproject\frontend\node_modules\react-dom\cjs\react-dom.development.js:24917:7)
        at commitPassiveMountEffects (F:\myproject\frontend\node_modules\react-dom\cjs\react-dom.development.js:24905:3)
        at flushPassiveEffectsImpl (F:\myproject\frontend\node_modules\react-dom\cjs\react-dom.development.js:27078:3)
        at flushPassiveEffects (F:\myproject\frontend\node_modules\react-dom\cjs\react-dom.development.js:27023:14)
        at F:\myproject\frontend\node_modules\react-dom\cjs\react-dom.development.js:26808:9
        at flushActQueue (F:\myproject\frontend\node_modules\react\cjs\react.development.js:2667:24)
        at act (F:\myproject\frontend\node_modules\react\cjs\react.development.js:2582:11)
        at F:\myproject\frontend\node_modules\@testing-library\react\dist\act-compat.js:46:25
        at renderRoot (F:\myproject\frontend\node_modules\@testing-library\react\dist\pure.js:189:26)
        at render (F:\myproject\frontend\node_modules\@testing-library\react\dist\pure.js:291:10)
        at renderWithAuth (F:\myproject\frontend\src\__tests__\AnalyticsPage.test.js:18:16)
        at Object.<anonymous> (F:\myproject\frontend\src\__tests__\AnalyticsPage.test.js:61:5)
        at Promise.then.completed (F:\myproject\frontend\node_modules\jest-circus\build\utils.js:391:28)
        at new Promise (<anonymous>)
        at callAsyncCircusFn (F:\myproject\frontend\node_modules\jest-circus\build\utils.js:316:10)
        at _callCircusTest (F:\myproject\frontend\node_modules\jest-circus\build\run.js:218:40)
        at processTicksAndRejections (node:internal/process/task_queues:105:5)
        at _runTest (F:\myproject\frontend\node_modules\jest-circus\build\run.js:155:3)
        at _runTestsForDescribeBlock (F:\myproject\frontend\node_modules\jest-circus\build\run.js:66:9)
        at _runTestsForDescribeBlock (F:\myproject\frontend\node_modules\jest-circus\build\run.js:60:9)
        at run (F:\myproject\frontend\node_modules\jest-circus\build\run.js:25:3)
        at runAndTransformResultsToJestFormat (F:\myproject\frontend\node_modules\jest-circus\build\legacy-code-todo-rewrite\jestAdapterInit.js:170:21)
        at jestAdapter (F:\myproject\frontend\node_modules\jest-circus\build\legacy-code-todo-rewrite\jestAdapter.js:82:19)
        at runTestInternal (F:\myproject\frontend\node_modules\jest-runner\build\runTest.js:389:16)
        at runTest (F:\myproject\frontend\node_modules\jest-runner\build\runTest.js:475:34)
        at Object.worker (F:\myproject\frontend\node_modules\jest-runner\build\testWorker.js:133:12) ReferenceError: IntersectionObserver is not defined
        at F:\myproject\frontend\src\hooks\useScrollAnimation.js:10:22
        at commitHookEffectListMount (F:\myproject\frontend\node_modules\react-dom\cjs\react-dom.development.js:23189:26)
        at commitPassiveMountOnFiber (F:\myproject\frontend\node_modules\react-dom\cjs\react-dom.development.js:24970:11)
        at commitPassiveMountEffects_complete (F:\myproject\frontend\node_modules\react-dom\cjs\react-dom.development.js:24930:9)
        at commitPassiveMountEffects_begin (F:\myproject\frontend\node_modules\react-dom\cjs\react-dom.development.js:24917:7)
        at commitPassiveMountEffects (F:\myproject\frontend\node_modules\react-dom\cjs\react-dom.development.js:24905:3)
        at flushPassiveEffectsImpl (F:\myproject\frontend\node_modules\react-dom\cjs\react-dom.development.js:27078:3)
        at flushPassiveEffects (F:\myproject\frontend\node_modules\react-dom\cjs\react-dom.development.js:27023:14)
        at F:\myproject\frontend\node_modules\react-dom\cjs\react-dom.development.js:26808:9
        at flushActQueue (F:\myproject\frontend\node_modules\react\cjs\react.development.js:2667:24)
        at act (F:\myproject\frontend\node_modules\react\cjs\react.development.js:2582:11)
        at F:\myproject\frontend\node_modules\@testing-library\react\dist\act-compat.js:46:25
        at renderRoot (F:\myproject\frontend\node_modules\@testing-library\react\dist\pure.js:189:26)
        at render (F:\myproject\frontend\node_modules\@testing-library\react\dist\pure.js:291:10)
        at renderWithAuth (F:\myproject\frontend\src\__tests__\AnalyticsPage.test.js:18:16)
        at Object.<anonymous> (F:\myproject\frontend\src\__tests__\AnalyticsPage.test.js:61:5)
        at Promise.then.completed (F:\myproject\frontend\node_modules\jest-circus\build\utils.js:391:28)
        at new Promise (<anonymous>)
        at callAsyncCircusFn (F:\myproject\frontend\node_modules\jest-circus\build\utils.js:316:10)
        at _callCircusTest (F:\myproject\frontend\node_modules\jest-circus\build\run.js:218:40)
        at processTicksAndRejections (node:internal/process/task_queues:105:5)
        at _runTest (F:\myproject\frontend\node_modules\jest-circus\build\run.js:155:3)
        at _runTestsForDescribeBlock (F:\myproject\frontend\node_modules\jest-circus\build\run.js:66:9)
        at _runTestsForDescribeBlock (F:\myproject\frontend\node_modules\jest-circus\build\run.js:60:9)
        at run (F:\myproject\frontend\node_modules\jest-circus\build\run.js:25:3)
        at runAndTransformResultsToJestFormat (F:\myproject\frontend\node_modules\jest-circus\build\legacy-code-todo-rewrite\jestAdapterInit.js:170:21)
        at jestAdapter (F:\myproject\frontend\node_modules\jest-circus\build\legacy-code-todo-rewrite\jestAdapter.js:82:19)
        at runTestInternal (F:\myproject\frontend\node_modules\jest-runner\build\runTest.js:389:16)
        at runTest (F:\myproject\frontend\node_modules\jest-runner\build\runTest.js:475:34)
        at Object.worker (F:\myproject\frontend\node_modules\jest-runner\build\testWorker.js:133:12)

    [0m [90m 16 |[39m [36mfunction[39m renderWithAuth() {
     [90m 17 |[39m   localStorage[33m.[39msetItem([32m'token'[39m[33m,[39m [32m'mock-token'[39m)[33m;[39m
    [31m[1m>[22m[39m[90m 18 |[39m   [36mreturn[39m render(
     [90m    |[39m                [31m[1m^[22m[39m
     [90m 19 |[39m     [33m<[39m[33mAuthProvider[39m[33m>[39m
     [90m 20 |[39m       [33m<[39m[33mAnalyticsPage[39m [33m/[39m[33m>[39m
     [90m 21 |[39m     [33m<[39m[33m/[39m[33mAuthProvider[39m[33m>[39m[0m

      at VirtualConsole.<anonymous> (node_modules/jsdom/lib/jsdom/virtual-console.js:29:45)
      at reportException (node_modules/jsdom/lib/jsdom/living/helpers/runtime-script-errors.js:70:28)
      at innerInvokeEventListeners (node_modules/jsdom/lib/jsdom/living/events/EventTarget-impl.js:341:9)
      at invokeEventListeners (node_modules/jsdom/lib/jsdom/living/events/EventTarget-impl.js:274:3)
      at HTMLUnknownElementImpl._dispatch (node_modules/jsdom/lib/jsdom/living/events/EventTarget-impl.js:221:9)
      at HTMLUnknownElementImpl.dispatchEvent (node_modules/jsdom/lib/jsdom/living/events/EventTarget-impl.js:94:17)
      at HTMLUnknownElement.dispatchEvent (node_modules/jsdom/lib/jsdom/living/generated/EventTarget.js:231:34)
      at Object.invokeGuardedCallbackDev (node_modules/react-dom/cjs/react-dom.development.js:4213:16)
      at invokeGuardedCallback (node_modules/react-dom/cjs/react-dom.development.js:4277:31)
      at reportUncaughtErrorInDEV (node_modules/react-dom/cjs/react-dom.development.js:22877:5)
      at captureCommitPhaseError (node_modules/react-dom/cjs/react-dom.development.js:27165:5)
      at commitPassiveMountEffects_complete (node_modules/react-dom/cjs/react-dom.development.js:24932:9)
      at commitPassiveMountEffects_begin (node_modules/react-dom/cjs/react-dom.development.js:24917:7)
      at commitPassiveMountEffects (node_modules/react-dom/cjs/react-dom.development.js:24905:3)
      at flushPassiveEffectsImpl (node_modules/react-dom/cjs/react-dom.development.js:27078:3)
      at flushPassiveEffects (node_modules/react-dom/cjs/react-dom.development.js:27023:14)
      at node_modules/react-dom/cjs/react-dom.development.js:26808:9
      at flushActQueue (node_modules/react/cjs/react.development.js:2667:24)
      at act (node_modules/react/cjs/react.development.js:2582:11)
      at node_modules/@testing-library/react/dist/act-compat.js:46:25
      at renderRoot (node_modules/@testing-library/react/dist/pure.js:189:26)
      at render (node_modules/@testing-library/react/dist/pure.js:291:10)
      at renderWithAuth (src/__tests__/AnalyticsPage.test.js:18:16)
      at Object.<anonymous> (src/__tests__/AnalyticsPage.test.js:61:5)

  console.error
    The above error occurred in the <ScrollReveal> component:
    
        at ScrollReveal (F:\myproject\frontend\src\hooks\useScrollAnimation.js:30:32)
        at div
        at div
        at AnalyticsPage (F:\myproject\frontend\src\pages\analytics\AnalyticsPage.js:8:35)
        at AuthProvider (F:\myproject\frontend\src\contexts\AuthContext.js:6:32)
    
    Consider adding an error boundary to your tree to customize error handling behavior.
    Visit https://reactjs.org/link/error-boundaries to learn more about error boundaries.

    [0m [90m 16 |[39m [36mfunction[39m renderWithAuth() {
     [90m 17 |[39m   localStorage[33m.[39msetItem([32m'token'[39m[33m,[39m [32m'mock-token'[39m)[33m;[39m
    [31m[1m>[22m[39m[90m 18 |[39m   [36mreturn[39m render(
     [90m    |[39m                [31m[1m^[22m[39m
     [90m 19 |[39m     [33m<[39m[33mAuthProvider[39m[33m>[39m
     [90m 20 |[39m       [33m<[39m[33mAnalyticsPage[39m [33m/[39m[33m>[39m
     [90m 21 |[39m     [33m<[39m[33m/[39m[33mAuthProvider[39m[33m>[39m[0m

      at logCapturedError (node_modules/react-dom/cjs/react-dom.development.js:18704:23)
      at update.callback (node_modules/react-dom/cjs/react-dom.development.js:18737:5)
      at callCallback (node_modules/react-dom/cjs/react-dom.development.js:15036:12)
      at commitUpdateQueue (node_modules/react-dom/cjs/react-dom.development.js:15057:9)
      at commitLayoutEffectOnFiber (node_modules/react-dom/cjs/react-dom.development.js:23430:13)
      at commitLayoutMountEffects_complete (node_modules/react-dom/cjs/react-dom.development.js:24727:9)
      at commitLayoutEffects_begin (node_modules/react-dom/cjs/react-dom.development.js:24713:7)
      at commitLayoutEffects (node_modules/react-dom/cjs/react-dom.development.js:24651:3)
      at commitRootImpl (node_modules/react-dom/cjs/react-dom.development.js:26862:5)
      at commitRoot (node_modules/react-dom/cjs/react-dom.development.js:26721:5)
      at performSyncWorkOnRoot (node_modules/react-dom/cjs/react-dom.development.js:26156:3)
      at flushSyncCallbacks (node_modules/react-dom/cjs/react-dom.development.js:12042:22)
      at flushPassiveEffectsImpl (node_modules/react-dom/cjs/react-dom.development.js:27099:3)
      at flushPassiveEffects (node_modules/react-dom/cjs/react-dom.development.js:27023:14)
      at node_modules/react-dom/cjs/react-dom.development.js:26808:9
      at flushActQueue (node_modules/react/cjs/react.development.js:2667:24)
      at act (node_modules/react/cjs/react.development.js:2582:11)
      at node_modules/@testing-library/react/dist/act-compat.js:46:25
      at renderRoot (node_modules/@testing-library/react/dist/pure.js:189:26)
      at render (node_modules/@testing-library/react/dist/pure.js:291:10)
      at renderWithAuth (src/__tests__/AnalyticsPage.test.js:18:16)
      at Object.<anonymous> (src/__tests__/AnalyticsPage.test.js:61:5)

  console.error
    The above error occurred in the <ScrollReveal> component:
    
        at ScrollReveal (F:\myproject\frontend\src\hooks\useScrollAnimation.js:30:32)
        at div
        at div
        at AnalyticsPage (F:\myproject\frontend\src\pages\analytics\AnalyticsPage.js:8:35)
        at AuthProvider (F:\myproject\frontend\src\contexts\AuthContext.js:6:32)
    
    Consider adding an error boundary to your tree to customize error handling behavior.
    Visit https://reactjs.org/link/error-boundaries to learn more about error boundaries.

    [0m [90m 16 |[39m [36mfunction[39m renderWithAuth() {
     [90m 17 |[39m   localStorage[33m.[39msetItem([32m'token'[39m[33m,[39m [32m'mock-token'[39m)[33m;[39m
    [31m[1m>[22m[39m[90m 18 |[39m   [36mreturn[39m render(
     [90m    |[39m                [31m[1m^[22m[39m
     [90m 19 |[39m     [33m<[39m[33mAuthProvider[39m[33m>[39m
     [90m 20 |[39m       [33m<[39m[33mAnalyticsPage[39m [33m/[39m[33m>[39m
     [90m 21 |[39m     [33m<[39m[33m/[39m[33mAuthProvider[39m[33m>[39m[0m

      at logCapturedError (node_modules/react-dom/cjs/react-dom.development.js:18704:23)
      at update.callback (node_modules/react-dom/cjs/react-dom.development.js:18737:5)
      at callCallback (node_modules/react-dom/cjs/react-dom.development.js:15036:12)
      at commitUpdateQueue (node_modules/react-dom/cjs/react-dom.development.js:15057:9)
      at commitLayoutEffectOnFiber (node_modules/react-dom/cjs/react-dom.development.js:23430:13)
      at commitLayoutMountEffects_complete (node_modules/react-dom/cjs/react-dom.development.js:24727:9)
      at commitLayoutEffects_begin (node_modules/react-dom/cjs/react-dom.development.js:24713:7)
      at commitLayoutEffects (node_modules/react-dom/cjs/react-dom.development.js:24651:3)
      at commitRootImpl (node_modules/react-dom/cjs/react-dom.development.js:26862:5)
      at commitRoot (node_modules/react-dom/cjs/react-dom.development.js:26721:5)
      at performSyncWorkOnRoot (node_modules/react-dom/cjs/react-dom.development.js:26156:3)
      at flushSyncCallbacks (node_modules/react-dom/cjs/react-dom.development.js:12042:22)
      at flushPassiveEffectsImpl (node_modules/react-dom/cjs/react-dom.development.js:27099:3)
      at flushPassiveEffects (node_modules/react-dom/cjs/react-dom.development.js:27023:14)
      at node_modules/react-dom/cjs/react-dom.development.js:26808:9
      at flushActQueue (node_modules/react/cjs/react.development.js:2667:24)
      at act (node_modules/react/cjs/react.development.js:2582:11)
      at node_modules/@testing-library/react/dist/act-compat.js:46:25
      at renderRoot (node_modules/@testing-library/react/dist/pure.js:189:26)
      at render (node_modules/@testing-library/react/dist/pure.js:291:10)
      at renderWithAuth (src/__tests__/AnalyticsPage.test.js:18:16)
      at Object.<anonymous> (src/__tests__/AnalyticsPage.test.js:61:5)

  console.error
    Error: Uncaught [ReferenceError: IntersectionObserver is not defined]
        at reportException (F:\myproject\frontend\node_modules\jsdom\lib\jsdom\living\helpers\runtime-script-errors.js:66:24)
        at innerInvokeEventListeners (F:\myproject\frontend\node_modules\jsdom\lib\jsdom\living\events\EventTarget-impl.js:341:9)
        at invokeEventListeners (F:\myproject\frontend\node_modules\jsdom\lib\jsdom\living\events\EventTarget-impl.js:274:3)
        at HTMLUnknownElementImpl._dispatch (F:\myproject\frontend\node_modules\jsdom\lib\jsdom\living\events\EventTarget-impl.js:221:9)
        at HTMLUnknownElementImpl.dispatchEvent (F:\myproject\frontend\node_modules\jsdom\lib\jsdom\living\events\EventTarget-impl.js:94:17)
        at HTMLUnknownElement.dispatchEvent (F:\myproject\frontend\node_modules\jsdom\lib\jsdom\living\generated\EventTarget.js:231:34)
        at Object.invokeGuardedCallbackDev (F:\myproject\frontend\node_modules\react-dom\cjs\react-dom.development.js:4213:16)
        at invokeGuardedCallback (F:\myproject\frontend\node_modules\react-dom\cjs\react-dom.development.js:4277:31)
        at reportUncaughtErrorInDEV (F:\myproject\frontend\node_modules\react-dom\cjs\react-dom.development.js:22877:5)
        at captureCommitPhaseError (F:\myproject\frontend\node_modules\react-dom\cjs\react-dom.development.js:27165:5)
        at commitPassiveMountEffects_complete (F:\myproject\frontend\node_modules\react-dom\cjs\react-dom.development.js:24932:9)
        at commitPassiveMountEffects_begin (F:\myproject\frontend\node_modules\react-dom\cjs\react-dom.development.js:24917:7)
        at commitPassiveMountEffects (F:\myproject\frontend\node_modules\react-dom\cjs\react-dom.development.js:24905:3)
        at flushPassiveEffectsImpl (F:\myproject\frontend\node_modules\react-dom\cjs\react-dom.development.js:27078:3)
        at flushPassiveEffects (F:\myproject\frontend\node_modules\react-dom\cjs\react-dom.development.js:27023:14)
        at F:\myproject\frontend\node_modules\react-dom\cjs\react-dom.development.js:26808:9
        at flushActQueue (F:\myproject\frontend\node_modules\react\cjs\react.development.js:2667:24)
        at act (F:\myproject\frontend\node_modules\react\cjs\react.development.js:2582:11)
        at F:\myproject\frontend\node_modules\@testing-library\react\dist\act-compat.js:46:25
        at renderRoot (F:\myproject\frontend\node_modules\@testing-library\react\dist\pure.js:189:26)
        at render (F:\myproject\frontend\node_modules\@testing-library\react\dist\pure.js:291:10)
        at renderWithAuth (F:\myproject\frontend\src\__tests__\AnalyticsPage.test.js:18:16)
        at Object.<anonymous> (F:\myproject\frontend\src\__tests__\AnalyticsPage.test.js:70:5)
        at Promise.then.completed (F:\myproject\frontend\node_modules\jest-circus\build\utils.js:391:28)
        at new Promise (<anonymous>)
        at callAsyncCircusFn (F:\myproject\frontend\node_modules\jest-circus\build\utils.js:316:10)
        at _callCircusTest (F:\myproject\frontend\node_modules\jest-circus\build\run.js:218:40)
        at processTicksAndRejections (node:internal/process/task_queues:105:5)
        at _runTest (F:\myproject\frontend\node_modules\jest-circus\build\run.js:155:3)
        at _runTestsForDescribeBlock (F:\myproject\frontend\node_modules\jest-circus\build\run.js:66:9)
        at _runTestsForDescribeBlock (F:\myproject\frontend\node_modules\jest-circus\build\run.js:60:9)
        at run (F:\myproject\frontend\node_modules\jest-circus\build\run.js:25:3)
        at runAndTransformResultsToJestFormat (F:\myproject\frontend\node_modules\jest-circus\build\legacy-code-todo-rewrite\jestAdapterInit.js:170:21)
        at jestAdapter (F:\myproject\frontend\node_modules\jest-circus\build\legacy-code-todo-rewrite\jestAdapter.js:82:19)
        at runTestInternal (F:\myproject\frontend\node_modules\jest-runner\build\runTest.js:389:16)
        at runTest (F:\myproject\frontend\node_modules\jest-runner\build\runTest.js:475:34)
        at Object.worker (F:\myproject\frontend\node_modules\jest-runner\build\testWorker.js:133:12) ReferenceError: IntersectionObserver is not defined
        at F:\myproject\frontend\src\hooks\useScrollAnimation.js:10:22
        at commitHookEffectListMount (F:\myproject\frontend\node_modules\react-dom\cjs\react-dom.development.js:23189:26)
        at commitPassiveMountOnFiber (F:\myproject\frontend\node_modules\react-dom\cjs\react-dom.development.js:24970:11)
        at commitPassiveMountEffects_complete (F:\myproject\frontend\node_modules\react-dom\cjs\react-dom.development.js:24930:9)
        at commitPassiveMountEffects_begin (F:\myproject\frontend\node_modules\react-dom\cjs\react-dom.development.js:24917:7)
        at commitPassiveMountEffects (F:\myproject\frontend\node_modules\react-dom\cjs\react-dom.development.js:24905:3)
        at flushPassiveEffectsImpl (F:\myproject\frontend\node_modules\react-dom\cjs\react-dom.development.js:27078:3)
        at flushPassiveEffects (F:\myproject\frontend\node_modules\react-dom\cjs\react-dom.development.js:27023:14)
        at F:\myproject\frontend\node_modules\react-dom\cjs\react-dom.development.js:26808:9
        at flushActQueue (F:\myproject\frontend\node_modules\react\cjs\react.development.js:2667:24)
        at act (F:\myproject\frontend\node_modules\react\cjs\react.development.js:2582:11)
        at F:\myproject\frontend\node_modules\@testing-library\react\dist\act-compat.js:46:25
        at renderRoot (F:\myproject\frontend\node_modules\@testing-library\react\dist\pure.js:189:26)
        at render (F:\myproject\frontend\node_modules\@testing-library\react\dist\pure.js:291:10)
        at renderWithAuth (F:\myproject\frontend\src\__tests__\AnalyticsPage.test.js:18:16)
        at Object.<anonymous> (F:\myproject\frontend\src\__tests__\AnalyticsPage.test.js:70:5)
        at Promise.then.completed (F:\myproject\frontend\node_modules\jest-circus\build\utils.js:391:28)
        at new Promise (<anonymous>)
        at callAsyncCircusFn (F:\myproject\frontend\node_modules\jest-circus\build\utils.js:316:10)
        at _callCircusTest (F:\myproject\frontend\node_modules\jest-circus\build\run.js:218:40)
        at processTicksAndRejections (node:internal/process/task_queues:105:5)
        at _runTest (F:\myproject\frontend\node_modules\jest-circus\build\run.js:155:3)
        at _runTestsForDescribeBlock (F:\myproject\frontend\node_modules\jest-circus\build\run.js:66:9)
        at _runTestsForDescribeBlock (F:\myproject\frontend\node_modules\jest-circus\build\run.js:60:9)
        at run (F:\myproject\frontend\node_modules\jest-circus\build\run.js:25:3)
        at runAndTransformResultsToJestFormat (F:\myproject\frontend\node_modules\jest-circus\build\legacy-code-todo-rewrite\jestAdapterInit.js:170:21)
        at jestAdapter (F:\myproject\frontend\node_modules\jest-circus\build\legacy-code-todo-rewrite\jestAdapter.js:82:19)
        at runTestInternal (F:\myproject\frontend\node_modules\jest-runner\build\runTest.js:389:16)
        at runTest (F:\myproject\frontend\node_modules\jest-runner\build\runTest.js:475:34)
        at Object.worker (F:\myproject\frontend\node_modules\jest-runner\build\testWorker.js:133:12)

    [0m [90m 16 |[39m [36mfunction[39m renderWithAuth() {
     [90m 17 |[39m   localStorage[33m.[39msetItem([32m'token'[39m[33m,[39m [32m'mock-token'[39m)[33m;[39m
    [31m[1m>[22m[39m[90m 18 |[39m   [36mreturn[39m render(
     [90m    |[39m                [31m[1m^[22m[39m
     [90m 19 |[39m     [33m<[39m[33mAuthProvider[39m[33m>[39m
     [90m 20 |[39m       [33m<[39m[33mAnalyticsPage[39m [33m/[39m[33m>[39m
     [90m 21 |[39m     [33m<[39m[33m/[39m[33mAuthProvider[39m[33m>[39m[0m

      at VirtualConsole.<anonymous> (node_modules/jsdom/lib/jsdom/virtual-console.js:29:45)
      at reportException (node_modules/jsdom/lib/jsdom/living/helpers/runtime-script-errors.js:70:28)
      at innerInvokeEventListeners (node_modules/jsdom/lib/jsdom/living/events/EventTarget-impl.js:341:9)
      at invokeEventListeners (node_modules/jsdom/lib/jsdom/living/events/EventTarget-impl.js:274:3)
      at HTMLUnknownElementImpl._dispatch (node_modules/jsdom/lib/jsdom/living/events/EventTarget-impl.js:221:9)
      at HTMLUnknownElementImpl.dispatchEvent (node_modules/jsdom/lib/jsdom/living/events/EventTarget-impl.js:94:17)
      at HTMLUnknownElement.dispatchEvent (node_modules/jsdom/lib/jsdom/living/generated/EventTarget.js:231:34)
      at Object.invokeGuardedCallbackDev (node_modules/react-dom/cjs/react-dom.development.js:4213:16)
      at invokeGuardedCallback (node_modules/react-dom/cjs/react-dom.development.js:4277:31)
      at reportUncaughtErrorInDEV (node_modules/react-dom/cjs/react-dom.development.js:22877:5)
      at captureCommitPhaseError (node_modules/react-dom/cjs/react-dom.development.js:27165:5)
      at commitPassiveMountEffects_complete (node_modules/react-dom/cjs/react-dom.development.js:24932:9)
      at commitPassiveMountEffects_begin (node_modules/react-dom/cjs/react-dom.development.js:24917:7)
      at commitPassiveMountEffects (node_modules/react-dom/cjs/react-dom.development.js:24905:3)
      at flushPassiveEffectsImpl (node_modules/react-dom/cjs/react-dom.development.js:27078:3)
      at flushPassiveEffects (node_modules/react-dom/cjs/react-dom.development.js:27023:14)
      at node_modules/react-dom/cjs/react-dom.development.js:26808:9
      at flushActQueue (node_modules/react/cjs/react.development.js:2667:24)
      at act (node_modules/react/cjs/react.development.js:2582:11)
      at node_modules/@testing-library/react/dist/act-compat.js:46:25
      at renderRoot (node_modules/@testing-library/react/dist/pure.js:189:26)
      at render (node_modules/@testing-library/react/dist/pure.js:291:10)
      at renderWithAuth (src/__tests__/AnalyticsPage.test.js:18:16)
      at Object.<anonymous> (src/__tests__/AnalyticsPage.test.js:70:5)

  console.error
    Error: Uncaught [ReferenceError: IntersectionObserver is not defined]
        at reportException (F:\myproject\frontend\node_modules\jsdom\lib\jsdom\living\helpers\runtime-script-errors.js:66:24)
        at innerInvokeEventListeners (F:\myproject\frontend\node_modules\jsdom\lib\jsdom\living\events\EventTarget-impl.js:341:9)
        at invokeEventListeners (F:\myproject\frontend\node_modules\jsdom\lib\jsdom\living\events\EventTarget-impl.js:274:3)
        at HTMLUnknownElementImpl._dispatch (F:\myproject\frontend\node_modules\jsdom\lib\jsdom\living\events\EventTarget-impl.js:221:9)
        at HTMLUnknownElementImpl.dispatchEvent (F:\myproject\frontend\node_modules\jsdom\lib\jsdom\living\events\EventTarget-impl.js:94:17)
        at HTMLUnknownElement.dispatchEvent (F:\myproject\frontend\node_modules\jsdom\lib\jsdom\living\generated\EventTarget.js:231:34)
        at Object.invokeGuardedCallbackDev (F:\myproject\frontend\node_modules\react-dom\cjs\react-dom.development.js:4213:16)
        at invokeGuardedCallback (F:\myproject\frontend\node_modules\react-dom\cjs\react-dom.development.js:4277:31)
        at reportUncaughtErrorInDEV (F:\myproject\frontend\node_modules\react-dom\cjs\react-dom.development.js:22877:5)
        at captureCommitPhaseError (F:\myproject\frontend\node_modules\react-dom\cjs\react-dom.development.js:27165:5)
        at commitPassiveMountEffects_complete (F:\myproject\frontend\node_modules\react-dom\cjs\react-dom.development.js:24932:9)
        at commitPassiveMountEffects_begin (F:\myproject\frontend\node_modules\react-dom\cjs\react-dom.development.js:24917:7)
        at commitPassiveMountEffects (F:\myproject\frontend\node_modules\react-dom\cjs\react-dom.development.js:24905:3)
        at flushPassiveEffectsImpl (F:\myproject\frontend\node_modules\react-dom\cjs\react-dom.development.js:27078:3)
        at flushPassiveEffects (F:\myproject\frontend\node_modules\react-dom\cjs\react-dom.development.js:27023:14)
        at F:\myproject\frontend\node_modules\react-dom\cjs\react-dom.development.js:26808:9
        at flushActQueue (F:\myproject\frontend\node_modules\react\cjs\react.development.js:2667:24)
        at act (F:\myproject\frontend\node_modules\react\cjs\react.development.js:2582:11)
        at F:\myproject\frontend\node_modules\@testing-library\react\dist\act-compat.js:46:25
        at renderRoot (F:\myproject\frontend\node_modules\@testing-library\react\dist\pure.js:189:26)
        at render (F:\myproject\frontend\node_modules\@testing-library\react\dist\pure.js:291:10)
        at renderWithAuth (F:\myproject\frontend\src\__tests__\AnalyticsPage.test.js:18:16)
        at Object.<anonymous> (F:\myproject\frontend\src\__tests__\AnalyticsPage.test.js:70:5)
        at Promise.then.completed (F:\myproject\frontend\node_modules\jest-circus\build\utils.js:391:28)
        at new Promise (<anonymous>)
        at callAsyncCircusFn (F:\myproject\frontend\node_modules\jest-circus\build\utils.js:316:10)
        at _callCircusTest (F:\myproject\frontend\node_modules\jest-circus\build\run.js:218:40)
        at processTicksAndRejections (node:internal/process/task_queues:105:5)
        at _runTest (F:\myproject\frontend\node_modules\jest-circus\build\run.js:155:3)
        at _runTestsForDescribeBlock (F:\myproject\frontend\node_modules\jest-circus\build\run.js:66:9)
        at _runTestsForDescribeBlock (F:\myproject\frontend\node_modules\jest-circus\build\run.js:60:9)
        at run (F:\myproject\frontend\node_modules\jest-circus\build\run.js:25:3)
        at runAndTransformResultsToJestFormat (F:\myproject\frontend\node_modules\jest-circus\build\legacy-code-todo-rewrite\jestAdapterInit.js:170:21)
        at jestAdapter (F:\myproject\frontend\node_modules\jest-circus\build\legacy-code-todo-rewrite\jestAdapter.js:82:19)
        at runTestInternal (F:\myproject\frontend\node_modules\jest-runner\build\runTest.js:389:16)
        at runTest (F:\myproject\frontend\node_modules\jest-runner\build\runTest.js:475:34)
        at Object.worker (F:\myproject\frontend\node_modules\jest-runner\build\testWorker.js:133:12) ReferenceError: IntersectionObserver is not defined
        at F:\myproject\frontend\src\hooks\useScrollAnimation.js:10:22
        at commitHookEffectListMount (F:\myproject\frontend\node_modules\react-dom\cjs\react-dom.development.js:23189:26)
        at commitPassiveMountOnFiber (F:\myproject\frontend\node_modules\react-dom\cjs\react-dom.development.js:24970:11)
        at commitPassiveMountEffects_complete (F:\myproject\frontend\node_modules\react-dom\cjs\react-dom.development.js:24930:9)
        at commitPassiveMountEffects_begin (F:\myproject\frontend\node_modules\react-dom\cjs\react-dom.development.js:24917:7)
        at commitPassiveMountEffects (F:\myproject\frontend\node_modules\react-dom\cjs\react-dom.development.js:24905:3)
        at flushPassiveEffectsImpl (F:\myproject\frontend\node_modules\react-dom\cjs\react-dom.development.js:27078:3)
        at flushPassiveEffects (F:\myproject\frontend\node_modules\react-dom\cjs\react-dom.development.js:27023:14)
        at F:\myproject\frontend\node_modules\react-dom\cjs\react-dom.development.js:26808:9
        at flushActQueue (F:\myproject\frontend\node_modules\react\cjs\react.development.js:2667:24)
        at act (F:\myproject\frontend\node_modules\react\cjs\react.development.js:2582:11)
        at F:\myproject\frontend\node_modules\@testing-library\react\dist\act-compat.js:46:25
        at renderRoot (F:\myproject\frontend\node_modules\@testing-library\react\dist\pure.js:189:26)
        at render (F:\myproject\frontend\node_modules\@testing-library\react\dist\pure.js:291:10)
        at renderWithAuth (F:\myproject\frontend\src\__tests__\AnalyticsPage.test.js:18:16)
        at Object.<anonymous> (F:\myproject\frontend\src\__tests__\AnalyticsPage.test.js:70:5)
        at Promise.then.completed (F:\myproject\frontend\node_modules\jest-circus\build\utils.js:391:28)
        at new Promise (<anonymous>)
        at callAsyncCircusFn (F:\myproject\frontend\node_modules\jest-circus\build\utils.js:316:10)
        at _callCircusTest (F:\myproject\frontend\node_modules\jest-circus\build\run.js:218:40)
        at processTicksAndRejections (node:internal/process/task_queues:105:5)
        at _runTest (F:\myproject\frontend\node_modules\jest-circus\build\run.js:155:3)
        at _runTestsForDescribeBlock (F:\myproject\frontend\node_modules\jest-circus\build\run.js:66:9)
        at _runTestsForDescribeBlock (F:\myproject\frontend\node_modules\jest-circus\build\run.js:60:9)
        at run (F:\myproject\frontend\node_modules\jest-circus\build\run.js:25:3)
        at runAndTransformResultsToJestFormat (F:\myproject\frontend\node_modules\jest-circus\build\legacy-code-todo-rewrite\jestAdapterInit.js:170:21)
        at jestAdapter (F:\myproject\frontend\node_modules\jest-circus\build\legacy-code-todo-rewrite\jestAdapter.js:82:19)
        at runTestInternal (F:\myproject\frontend\node_modules\jest-runner\build\runTest.js:389:16)
        at runTest (F:\myproject\frontend\node_modules\jest-runner\build\runTest.js:475:34)
        at Object.worker (F:\myproject\frontend\node_modules\jest-runner\build\testWorker.js:133:12)

    [0m [90m 16 |[39m [36mfunction[39m renderWithAuth() {
     [90m 17 |[39m   localStorage[33m.[39msetItem([32m'token'[39m[33m,[39m [32m'mock-token'[39m)[33m;[39m
    [31m[1m>[22m[39m[90m 18 |[39m   [36mreturn[39m render(
     [90m    |[39m                [31m[1m^[22m[39m
     [90m 19 |[39m     [33m<[39m[33mAuthProvider[39m[33m>[39m
     [90m 20 |[39m       [33m<[39m[33mAnalyticsPage[39m [33m/[39m[33m>[39m
     [90m 21 |[39m     [33m<[39m[33m/[39m[33mAuthProvider[39m[33m>[39m[0m

      at VirtualConsole.<anonymous> (node_modules/jsdom/lib/jsdom/virtual-console.js:29:45)
      at reportException (node_modules/jsdom/lib/jsdom/living/helpers/runtime-script-errors.js:70:28)
      at innerInvokeEventListeners (node_modules/jsdom/lib/jsdom/living/events/EventTarget-impl.js:341:9)
      at invokeEventListeners (node_modules/jsdom/lib/jsdom/living/events/EventTarget-impl.js:274:3)
      at HTMLUnknownElementImpl._dispatch (node_modules/jsdom/lib/jsdom/living/events/EventTarget-impl.js:221:9)
      at HTMLUnknownElementImpl.dispatchEvent (node_modules/jsdom/lib/jsdom/living/events/EventTarget-impl.js:94:17)
      at HTMLUnknownElement.dispatchEvent (node_modules/jsdom/lib/jsdom/living/generated/EventTarget.js:231:34)
      at Object.invokeGuardedCallbackDev (node_modules/react-dom/cjs/react-dom.development.js:4213:16)
      at invokeGuardedCallback (node_modules/react-dom/cjs/react-dom.development.js:4277:31)
      at reportUncaughtErrorInDEV (node_modules/react-dom/cjs/react-dom.development.js:22877:5)
      at captureCommitPhaseError (node_modules/react-dom/cjs/react-dom.development.js:27165:5)
      at commitPassiveMountEffects_complete (node_modules/react-dom/cjs/react-dom.development.js:24932:9)
      at commitPassiveMountEffects_begin (node_modules/react-dom/cjs/react-dom.development.js:24917:7)
      at commitPassiveMountEffects (node_modules/react-dom/cjs/react-dom.development.js:24905:3)
      at flushPassiveEffectsImpl (node_modules/react-dom/cjs/react-dom.development.js:27078:3)
      at flushPassiveEffects (node_modules/react-dom/cjs/react-dom.development.js:27023:14)
      at node_modules/react-dom/cjs/react-dom.development.js:26808:9
      at flushActQueue (node_modules/react/cjs/react.development.js:2667:24)
      at act (node_modules/react/cjs/react.development.js:2582:11)
      at node_modules/@testing-library/react/dist/act-compat.js:46:25
      at renderRoot (node_modules/@testing-library/react/dist/pure.js:189:26)
      at render (node_modules/@testing-library/react/dist/pure.js:291:10)
      at renderWithAuth (src/__tests__/AnalyticsPage.test.js:18:16)
      at Object.<anonymous> (src/__tests__/AnalyticsPage.test.js:70:5)

  console.error
    The above error occurred in the <ScrollReveal> component:
    
        at ScrollReveal (F:\myproject\frontend\src\hooks\useScrollAnimation.js:30:32)
        at div
        at div
        at AnalyticsPage (F:\myproject\frontend\src\pages\analytics\AnalyticsPage.js:8:35)
        at AuthProvider (F:\myproject\frontend\src\contexts\AuthContext.js:6:32)
    
    Consider adding an error boundary to your tree to customize error handling behavior.
    Visit https://reactjs.org/link/error-boundaries to learn more about error boundaries.

    [0m [90m 16 |[39m [36mfunction[39m renderWithAuth() {
     [90m 17 |[39m   localStorage[33m.[39msetItem([32m'token'[39m[33m,[39m [32m'mock-token'[39m)[33m;[39m
    [31m[1m>[22m[39m[90m 18 |[39m   [36mreturn[39m render(
     [90m    |[39m                [31m[1m^[22m[39m
     [90m 19 |[39m     [33m<[39m[33mAuthProvider[39m[33m>[39m
     [90m 20 |[39m       [33m<[39m[33mAnalyticsPage[39m [33m/[39m[33m>[39m
     [90m 21 |[39m     [33m<[39m[33m/[39m[33mAuthProvider[39m[33m>[39m[0m

      at logCapturedError (node_modules/react-dom/cjs/react-dom.development.js:18704:23)
      at update.callback (node_modules/react-dom/cjs/react-dom.development.js:18737:5)
      at callCallback (node_modules/react-dom/cjs/react-dom.development.js:15036:12)
      at commitUpdateQueue (node_modules/react-dom/cjs/react-dom.development.js:15057:9)
      at commitLayoutEffectOnFiber (node_modules/react-dom/cjs/react-dom.development.js:23430:13)
      at commitLayoutMountEffects_complete (node_modules/react-dom/cjs/react-dom.development.js:24727:9)
      at commitLayoutEffects_begin (node_modules/react-dom/cjs/react-dom.development.js:24713:7)
      at commitLayoutEffects (node_modules/react-dom/cjs/react-dom.development.js:24651:3)
      at commitRootImpl (node_modules/react-dom/cjs/react-dom.development.js:26862:5)
      at commitRoot (node_modules/react-dom/cjs/react-dom.development.js:26721:5)
      at performSyncWorkOnRoot (node_modules/react-dom/cjs/react-dom.development.js:26156:3)
      at flushSyncCallbacks (node_modules/react-dom/cjs/react-dom.development.js:12042:22)
      at flushPassiveEffectsImpl (node_modules/react-dom/cjs/react-dom.development.js:27099:3)
      at flushPassiveEffects (node_modules/react-dom/cjs/react-dom.development.js:27023:14)
      at node_modules/react-dom/cjs/react-dom.development.js:26808:9
      at flushActQueue (node_modules/react/cjs/react.development.js:2667:24)
      at act (node_modules/react/cjs/react.development.js:2582:11)
      at node_modules/@testing-library/react/dist/act-compat.js:46:25
      at renderRoot (node_modules/@testing-library/react/dist/pure.js:189:26)
      at render (node_modules/@testing-library/react/dist/pure.js:291:10)
      at renderWithAuth (src/__tests__/AnalyticsPage.test.js:18:16)
      at Object.<anonymous> (src/__tests__/AnalyticsPage.test.js:70:5)

  console.error
    The above error occurred in the <ScrollReveal> component:
    
        at ScrollReveal (F:\myproject\frontend\src\hooks\useScrollAnimation.js:30:32)
        at div
        at div
        at AnalyticsPage (F:\myproject\frontend\src\pages\analytics\AnalyticsPage.js:8:35)
        at AuthProvider (F:\myproject\frontend\src\contexts\AuthContext.js:6:32)
    
    Consider adding an error boundary to your tree to customize error handling behavior.
    Visit https://reactjs.org/link/error-boundaries to learn more about error boundaries.

    [0m [90m 16 |[39m [36mfunction[39m renderWithAuth() {
     [90m 17 |[39m   localStorage[33m.[39msetItem([32m'token'[39m[33m,[39m [32m'mock-token'[39m)[33m;[39m
    [31m[1m>[22m[39m[90m 18 |[39m   [36mreturn[39m render(
     [90m    |[39m                [31m[1m^[22m[39m
     [90m 19 |[39m     [33m<[39m[33mAuthProvider[39m[33m>[39m
     [90m 20 |[39m       [33m<[39m[33mAnalyticsPage[39m [33m/[39m[33m>[39m
     [90m 21 |[39m     [33m<[39m[33m/[39m[33mAuthProvider[39m[33m>[39m[0m

      at logCapturedError (node_modules/react-dom/cjs/react-dom.development.js:18704:23)
      at update.callback (node_modules/react-dom/cjs/react-dom.development.js:18737:5)
      at callCallback (node_modules/react-dom/cjs/react-dom.development.js:15036:12)
      at commitUpdateQueue (node_modules/react-dom/cjs/react-dom.development.js:15057:9)
      at commitLayoutEffectOnFiber (node_modules/react-dom/cjs/react-dom.development.js:23430:13)
      at commitLayoutMountEffects_complete (node_modules/react-dom/cjs/react-dom.development.js:24727:9)
      at commitLayoutEffects_begin (node_modules/react-dom/cjs/react-dom.development.js:24713:7)
      at commitLayoutEffects (node_modules/react-dom/cjs/react-dom.development.js:24651:3)
      at commitRootImpl (node_modules/react-dom/cjs/react-dom.development.js:26862:5)
      at commitRoot (node_modules/react-dom/cjs/react-dom.development.js:26721:5)
      at performSyncWorkOnRoot (node_modules/react-dom/cjs/react-dom.development.js:26156:3)
      at flushSyncCallbacks (node_modules/react-dom/cjs/react-dom.development.js:12042:22)
      at flushPassiveEffectsImpl (node_modules/react-dom/cjs/react-dom.development.js:27099:3)
      at flushPassiveEffects (node_modules/react-dom/cjs/react-dom.development.js:27023:14)
      at node_modules/react-dom/cjs/react-dom.development.js:26808:9
      at flushActQueue (node_modules/react/cjs/react.development.js:2667:24)
      at act (node_modules/react/cjs/react.development.js:2582:11)
      at node_modules/@testing-library/react/dist/act-compat.js:46:25
      at renderRoot (node_modules/@testing-library/react/dist/pure.js:189:26)
      at render (node_modules/@testing-library/react/dist/pure.js:291:10)
      at renderWithAuth (src/__tests__/AnalyticsPage.test.js:18:16)
      at Object.<anonymous> (src/__tests__/AnalyticsPage.test.js:70:5)

  console.error
    Error: Uncaught [ReferenceError: IntersectionObserver is not defined]
        at reportException (F:\myproject\frontend\node_modules\jsdom\lib\jsdom\living\helpers\runtime-script-errors.js:66:24)
        at innerInvokeEventListeners (F:\myproject\frontend\node_modules\jsdom\lib\jsdom\living\events\EventTarget-impl.js:341:9)
        at invokeEventListeners (F:\myproject\frontend\node_modules\jsdom\lib\jsdom\living\events\EventTarget-impl.js:274:3)
        at HTMLUnknownElementImpl._dispatch (F:\myproject\frontend\node_modules\jsdom\lib\jsdom\living\events\EventTarget-impl.js:221:9)
        at HTMLUnknownElementImpl.dispatchEvent (F:\myproject\frontend\node_modules\jsdom\lib\jsdom\living\events\EventTarget-impl.js:94:17)
        at HTMLUnknownElement.dispatchEvent (F:\myproject\frontend\node_modules\jsdom\lib\jsdom\living\generated\EventTarget.js:231:34)
        at Object.invokeGuardedCallbackDev (F:\myproject\frontend\node_modules\react-dom\cjs\react-dom.development.js:4213:16)
        at invokeGuardedCallback (F:\myproject\frontend\node_modules\react-dom\cjs\react-dom.development.js:4277:31)
        at reportUncaughtErrorInDEV (F:\myproject\frontend\node_modules\react-dom\cjs\react-dom.development.js:22877:5)
        at captureCommitPhaseError (F:\myproject\frontend\node_modules\react-dom\cjs\react-dom.development.js:27165:5)
        at commitPassiveMountEffects_complete (F:\myproject\frontend\node_modules\react-dom\cjs\react-dom.development.js:24932:9)
        at commitPassiveMountEffects_begin (F:\myproject\frontend\node_modules\react-dom\cjs\react-dom.development.js:24917:7)
        at commitPassiveMountEffects (F:\myproject\frontend\node_modules\react-dom\cjs\react-dom.development.js:24905:3)
        at flushPassiveEffectsImpl (F:\myproject\frontend\node_modules\react-dom\cjs\react-dom.development.js:27078:3)
        at flushPassiveEffects (F:\myproject\frontend\node_modules\react-dom\cjs\react-dom.development.js:27023:14)
        at F:\myproject\frontend\node_modules\react-dom\cjs\react-dom.development.js:26808:9
        at flushActQueue (F:\myproject\frontend\node_modules\react\cjs\react.development.js:2667:24)
        at act (F:\myproject\frontend\node_modules\react\cjs\react.development.js:2582:11)
        at F:\myproject\frontend\node_modules\@testing-library\react\dist\act-compat.js:46:25
        at renderRoot (F:\myproject\frontend\node_modules\@testing-library\react\dist\pure.js:189:26)
        at render (F:\myproject\frontend\node_modules\@testing-library\react\dist\pure.js:291:10)
        at renderWithAuth (F:\myproject\frontend\src\__tests__\AnalyticsPage.test.js:18:16)
        at Object.<anonymous> (F:\myproject\frontend\src\__tests__\AnalyticsPage.test.js:84:5)
        at Promise.then.completed (F:\myproject\frontend\node_modules\jest-circus\build\utils.js:391:28)
        at new Promise (<anonymous>)
        at callAsyncCircusFn (F:\myproject\frontend\node_modules\jest-circus\build\utils.js:316:10)
        at _callCircusTest (F:\myproject\frontend\node_modules\jest-circus\build\run.js:218:40)
        at processTicksAndRejections (node:internal/process/task_queues:105:5)
        at _runTest (F:\myproject\frontend\node_modules\jest-circus\build\run.js:155:3)
        at _runTestsForDescribeBlock (F:\myproject\frontend\node_modules\jest-circus\build\run.js:66:9)
        at _runTestsForDescribeBlock (F:\myproject\frontend\node_modules\jest-circus\build\run.js:60:9)
        at run (F:\myproject\frontend\node_modules\jest-circus\build\run.js:25:3)
        at runAndTransformResultsToJestFormat (F:\myproject\frontend\node_modules\jest-circus\build\legacy-code-todo-rewrite\jestAdapterInit.js:170:21)
        at jestAdapter (F:\myproject\frontend\node_modules\jest-circus\build\legacy-code-todo-rewrite\jestAdapter.js:82:19)
        at runTestInternal (F:\myproject\frontend\node_modules\jest-runner\build\runTest.js:389:16)
        at runTest (F:\myproject\frontend\node_modules\jest-runner\build\runTest.js:475:34)
        at Object.worker (F:\myproject\frontend\node_modules\jest-runner\build\testWorker.js:133:12) ReferenceError: IntersectionObserver is not defined
        at F:\myproject\frontend\src\hooks\useScrollAnimation.js:10:22
        at commitHookEffectListMount (F:\myproject\frontend\node_modules\react-dom\cjs\react-dom.development.js:23189:26)
        at commitPassiveMountOnFiber (F:\myproject\frontend\node_modules\react-dom\cjs\react-dom.development.js:24970:11)
        at commitPassiveMountEffects_complete (F:\myproject\frontend\node_modules\react-dom\cjs\react-dom.development.js:24930:9)
        at commitPassiveMountEffects_begin (F:\myproject\frontend\node_modules\react-dom\cjs\react-dom.development.js:24917:7)
        at commitPassiveMountEffects (F:\myproject\frontend\node_modules\react-dom\cjs\react-dom.development.js:24905:3)
        at flushPassiveEffectsImpl (F:\myproject\frontend\node_modules\react-dom\cjs\react-dom.development.js:27078:3)
        at flushPassiveEffects (F:\myproject\frontend\node_modules\react-dom\cjs\react-dom.development.js:27023:14)
        at F:\myproject\frontend\node_modules\react-dom\cjs\react-dom.development.js:26808:9
        at flushActQueue (F:\myproject\frontend\node_modules\react\cjs\react.development.js:2667:24)
        at act (F:\myproject\frontend\node_modules\react\cjs\react.development.js:2582:11)
        at F:\myproject\frontend\node_modules\@testing-library\react\dist\act-compat.js:46:25
        at renderRoot (F:\myproject\frontend\node_modules\@testing-library\react\dist\pure.js:189:26)
        at render (F:\myproject\frontend\node_modules\@testing-library\react\dist\pure.js:291:10)
        at renderWithAuth (F:\myproject\frontend\src\__tests__\AnalyticsPage.test.js:18:16)
        at Object.<anonymous> (F:\myproject\frontend\src\__tests__\AnalyticsPage.test.js:84:5)
        at Promise.then.completed (F:\myproject\frontend\node_modules\jest-circus\build\utils.js:391:28)
        at new Promise (<anonymous>)
        at callAsyncCircusFn (F:\myproject\frontend\node_modules\jest-circus\build\utils.js:316:10)
        at _callCircusTest (F:\myproject\frontend\node_modules\jest-circus\build\run.js:218:40)
        at processTicksAndRejections (node:internal/process/task_queues:105:5)
        at _runTest (F:\myproject\frontend\node_modules\jest-circus\build\run.js:155:3)
        at _runTestsForDescribeBlock (F:\myproject\frontend\node_modules\jest-circus\build\run.js:66:9)
        at _runTestsForDescribeBlock (F:\myproject\frontend\node_modules\jest-circus\build\run.js:60:9)
        at run (F:\myproject\frontend\node_modules\jest-circus\build\run.js:25:3)
        at runAndTransformResultsToJestFormat (F:\myproject\frontend\node_modules\jest-circus\build\legacy-code-todo-rewrite\jestAdapterInit.js:170:21)
        at jestAdapter (F:\myproject\frontend\node_modules\jest-circus\build\legacy-code-todo-rewrite\jestAdapter.js:82:19)
        at runTestInternal (F:\myproject\frontend\node_modules\jest-runner\build\runTest.js:389:16)
        at runTest (F:\myproject\frontend\node_modules\jest-runner\build\runTest.js:475:34)
        at Object.worker (F:\myproject\frontend\node_modules\jest-runner\build\testWorker.js:133:12)

    [0m [90m 16 |[39m [36mfunction[39m renderWithAuth() {
     [90m 17 |[39m   localStorage[33m.[39msetItem([32m'token'[39m[33m,[39m [32m'mock-token'[39m)[33m;[39m
    [31m[1m>[22m[39m[90m 18 |[39m   [36mreturn[39m render(
     [90m    |[39m                [31m[1m^[22m[39m
     [90m 19 |[39m     [33m<[39m[33mAuthProvider[39m[33m>[39m
     [90m 20 |[39m       [33m<[39m[33mAnalyticsPage[39m [33m/[39m[33m>[39m
     [90m 21 |[39m     [33m<[39m[33m/[39m[33mAuthProvider[39m[33m>[39m[0m

      at VirtualConsole.<anonymous> (node_modules/jsdom/lib/jsdom/virtual-console.js:29:45)
      at reportException (node_modules/jsdom/lib/jsdom/living/helpers/runtime-script-errors.js:70:28)
      at innerInvokeEventListeners (node_modules/jsdom/lib/jsdom/living/events/EventTarget-impl.js:341:9)
      at invokeEventListeners (node_modules/jsdom/lib/jsdom/living/events/EventTarget-impl.js:274:3)
      at HTMLUnknownElementImpl._dispatch (node_modules/jsdom/lib/jsdom/living/events/EventTarget-impl.js:221:9)
      at HTMLUnknownElementImpl.dispatchEvent (node_modules/jsdom/lib/jsdom/living/events/EventTarget-impl.js:94:17)
      at HTMLUnknownElement.dispatchEvent (node_modules/jsdom/lib/jsdom/living/generated/EventTarget.js:231:34)
      at Object.invokeGuardedCallbackDev (node_modules/react-dom/cjs/react-dom.development.js:4213:16)
      at invokeGuardedCallback (node_modules/react-dom/cjs/react-dom.development.js:4277:31)
      at reportUncaughtErrorInDEV (node_modules/react-dom/cjs/react-dom.development.js:22877:5)
      at captureCommitPhaseError (node_modules/react-dom/cjs/react-dom.development.js:27165:5)
      at commitPassiveMountEffects_complete (node_modules/react-dom/cjs/react-dom.development.js:24932:9)
      at commitPassiveMountEffects_begin (node_modules/react-dom/cjs/react-dom.development.js:24917:7)
      at commitPassiveMountEffects (node_modules/react-dom/cjs/react-dom.development.js:24905:3)
      at flushPassiveEffectsImpl (node_modules/react-dom/cjs/react-dom.development.js:27078:3)
      at flushPassiveEffects (node_modules/react-dom/cjs/react-dom.development.js:27023:14)
      at node_modules/react-dom/cjs/react-dom.development.js:26808:9
      at flushActQueue (node_modules/react/cjs/react.development.js:2667:24)
      at act (node_modules/react/cjs/react.development.js:2582:11)
      at node_modules/@testing-library/react/dist/act-compat.js:46:25
      at renderRoot (node_modules/@testing-library/react/dist/pure.js:189:26)
      at render (node_modules/@testing-library/react/dist/pure.js:291:10)
      at renderWithAuth (src/__tests__/AnalyticsPage.test.js:18:16)
      at Object.<anonymous> (src/__tests__/AnalyticsPage.test.js:84:5)

  console.error
    Error: Uncaught [ReferenceError: IntersectionObserver is not defined]
        at reportException (F:\myproject\frontend\node_modules\jsdom\lib\jsdom\living\helpers\runtime-script-errors.js:66:24)
        at innerInvokeEventListeners (F:\myproject\frontend\node_modules\jsdom\lib\jsdom\living\events\EventTarget-impl.js:341:9)
        at invokeEventListeners (F:\myproject\frontend\node_modules\jsdom\lib\jsdom\living\events\EventTarget-impl.js:274:3)
        at HTMLUnknownElementImpl._dispatch (F:\myproject\frontend\node_modules\jsdom\lib\jsdom\living\events\EventTarget-impl.js:221:9)
        at HTMLUnknownElementImpl.dispatchEvent (F:\myproject\frontend\node_modules\jsdom\lib\jsdom\living\events\EventTarget-impl.js:94:17)
        at HTMLUnknownElement.dispatchEvent (F:\myproject\frontend\node_modules\jsdom\lib\jsdom\living\generated\EventTarget.js:231:34)
        at Object.invokeGuardedCallbackDev (F:\myproject\frontend\node_modules\react-dom\cjs\react-dom.development.js:4213:16)
        at invokeGuardedCallback (F:\myproject\frontend\node_modules\react-dom\cjs\react-dom.development.js:4277:31)
        at reportUncaughtErrorInDEV (F:\myproject\frontend\node_modules\react-dom\cjs\react-dom.development.js:22877:5)
        at captureCommitPhaseError (F:\myproject\frontend\node_modules\react-dom\cjs\react-dom.development.js:27165:5)
        at commitPassiveMountEffects_complete (F:\myproject\frontend\node_modules\react-dom\cjs\react-dom.development.js:24932:9)
        at commitPassiveMountEffects_begin (F:\myproject\frontend\node_modules\react-dom\cjs\react-dom.development.js:24917:7)
        at commitPassiveMountEffects (F:\myproject\frontend\node_modules\react-dom\cjs\react-dom.development.js:24905:3)
        at flushPassiveEffectsImpl (F:\myproject\frontend\node_modules\react-dom\cjs\react-dom.development.js:27078:3)
        at flushPassiveEffects (F:\myproject\frontend\node_modules\react-dom\cjs\react-dom.development.js:27023:14)
        at F:\myproject\frontend\node_modules\react-dom\cjs\react-dom.development.js:26808:9
        at flushActQueue (F:\myproject\frontend\node_modules\react\cjs\react.development.js:2667:24)
        at act (F:\myproject\frontend\node_modules\react\cjs\react.development.js:2582:11)
        at F:\myproject\frontend\node_modules\@testing-library\react\dist\act-compat.js:46:25
        at renderRoot (F:\myproject\frontend\node_modules\@testing-library\react\dist\pure.js:189:26)
        at render (F:\myproject\frontend\node_modules\@testing-library\react\dist\pure.js:291:10)
        at renderWithAuth (F:\myproject\frontend\src\__tests__\AnalyticsPage.test.js:18:16)
        at Object.<anonymous> (F:\myproject\frontend\src\__tests__\AnalyticsPage.test.js:84:5)
        at Promise.then.completed (F:\myproject\frontend\node_modules\jest-circus\build\utils.js:391:28)
        at new Promise (<anonymous>)
        at callAsyncCircusFn (F:\myproject\frontend\node_modules\jest-circus\build\utils.js:316:10)
        at _callCircusTest (F:\myproject\frontend\node_modules\jest-circus\build\run.js:218:40)
        at processTicksAndRejections (node:internal/process/task_queues:105:5)
        at _runTest (F:\myproject\frontend\node_modules\jest-circus\build\run.js:155:3)
        at _runTestsForDescribeBlock (F:\myproject\frontend\node_modules\jest-circus\build\run.js:66:9)
        at _runTestsForDescribeBlock (F:\myproject\frontend\node_modules\jest-circus\build\run.js:60:9)
        at run (F:\myproject\frontend\node_modules\jest-circus\build\run.js:25:3)
        at runAndTransformResultsToJestFormat (F:\myproject\frontend\node_modules\jest-circus\build\legacy-code-todo-rewrite\jestAdapterInit.js:170:21)
        at jestAdapter (F:\myproject\frontend\node_modules\jest-circus\build\legacy-code-todo-rewrite\jestAdapter.js:82:19)
        at runTestInternal (F:\myproject\frontend\node_modules\jest-runner\build\runTest.js:389:16)
        at runTest (F:\myproject\frontend\node_modules\jest-runner\build\runTest.js:475:34)
        at Object.worker (F:\myproject\frontend\node_modules\jest-runner\build\testWorker.js:133:12) ReferenceError: IntersectionObserver is not defined
        at F:\myproject\frontend\src\hooks\useScrollAnimation.js:10:22
        at commitHookEffectListMount (F:\myproject\frontend\node_modules\react-dom\cjs\react-dom.development.js:23189:26)
        at commitPassiveMountOnFiber (F:\myproject\frontend\node_modules\react-dom\cjs\react-dom.development.js:24970:11)
        at commitPassiveMountEffects_complete (F:\myproject\frontend\node_modules\react-dom\cjs\react-dom.development.js:24930:9)
        at commitPassiveMountEffects_begin (F:\myproject\frontend\node_modules\react-dom\cjs\react-dom.development.js:24917:7)
        at commitPassiveMountEffects (F:\myproject\frontend\node_modules\react-dom\cjs\react-dom.development.js:24905:3)
        at flushPassiveEffectsImpl (F:\myproject\frontend\node_modules\react-dom\cjs\react-dom.development.js:27078:3)
        at flushPassiveEffects (F:\myproject\frontend\node_modules\react-dom\cjs\react-dom.development.js:27023:14)
        at F:\myproject\frontend\node_modules\react-dom\cjs\react-dom.development.js:26808:9
        at flushActQueue (F:\myproject\frontend\node_modules\react\cjs\react.development.js:2667:24)
        at act (F:\myproject\frontend\node_modules\react\cjs\react.development.js:2582:11)
        at F:\myproject\frontend\node_modules\@testing-library\react\dist\act-compat.js:46:25
        at renderRoot (F:\myproject\frontend\node_modules\@testing-library\react\dist\pure.js:189:26)
        at render (F:\myproject\frontend\node_modules\@testing-library\react\dist\pure.js:291:10)
        at renderWithAuth (F:\myproject\frontend\src\__tests__\AnalyticsPage.test.js:18:16)
        at Object.<anonymous> (F:\myproject\frontend\src\__tests__\AnalyticsPage.test.js:84:5)
        at Promise.then.completed (F:\myproject\frontend\node_modules\jest-circus\build\utils.js:391:28)
        at new Promise (<anonymous>)
        at callAsyncCircusFn (F:\myproject\frontend\node_modules\jest-circus\build\utils.js:316:10)
        at _callCircusTest (F:\myproject\frontend\node_modules\jest-circus\build\run.js:218:40)
        at processTicksAndRejections (node:internal/process/task_queues:105:5)
        at _runTest (F:\myproject\frontend\node_modules\jest-circus\build\run.js:155:3)
        at _runTestsForDescribeBlock (F:\myproject\frontend\node_modules\jest-circus\build\run.js:66:9)
        at _runTestsForDescribeBlock (F:\myproject\frontend\node_modules\jest-circus\build\run.js:60:9)
        at run (F:\myproject\frontend\node_modules\jest-circus\build\run.js:25:3)
        at runAndTransformResultsToJestFormat (F:\myproject\frontend\node_modules\jest-circus\build\legacy-code-todo-rewrite\jestAdapterInit.js:170:21)
        at jestAdapter (F:\myproject\frontend\node_modules\jest-circus\build\legacy-code-todo-rewrite\jestAdapter.js:82:19)
        at runTestInternal (F:\myproject\frontend\node_modules\jest-runner\build\runTest.js:389:16)
        at runTest (F:\myproject\frontend\node_modules\jest-runner\build\runTest.js:475:34)
        at Object.worker (F:\myproject\frontend\node_modules\jest-runner\build\testWorker.js:133:12)

    [0m [90m 16 |[39m [36mfunction[39m renderWithAuth() {
     [90m 17 |[39m   localStorage[33m.[39msetItem([32m'token'[39m[33m,[39m [32m'mock-token'[39m)[33m;[39m
    [31m[1m>[22m[39m[90m 18 |[39m   [36mreturn[39m render(
     [90m    |[39m                [31m[1m^[22m[39m
     [90m 19 |[39m     [33m<[39m[33mAuthProvider[39m[33m>[39m
     [90m 20 |[39m       [33m<[39m[33mAnalyticsPage[39m [33m/[39m[33m>[39m
     [90m 21 |[39m     [33m<[39m[33m/[39m[33mAuthProvider[39m[33m>[39m[0m

      at VirtualConsole.<anonymous> (node_modules/jsdom/lib/jsdom/virtual-console.js:29:45)
      at reportException (node_modules/jsdom/lib/jsdom/living/helpers/runtime-script-errors.js:70:28)
      at innerInvokeEventListeners (node_modules/jsdom/lib/jsdom/living/events/EventTarget-impl.js:341:9)
      at invokeEventListeners (node_modules/jsdom/lib/jsdom/living/events/EventTarget-impl.js:274:3)
      at HTMLUnknownElementImpl._dispatch (node_modules/jsdom/lib/jsdom/living/events/EventTarget-impl.js:221:9)
      at HTMLUnknownElementImpl.dispatchEvent (node_modules/jsdom/lib/jsdom/living/events/EventTarget-impl.js:94:17)
      at HTMLUnknownElement.dispatchEvent (node_modules/jsdom/lib/jsdom/living/generated/EventTarget.js:231:34)
      at Object.invokeGuardedCallbackDev (node_modules/react-dom/cjs/react-dom.development.js:4213:16)
      at invokeGuardedCallback (node_modules/react-dom/cjs/react-dom.development.js:4277:31)
      at reportUncaughtErrorInDEV (node_modules/react-dom/cjs/react-dom.development.js:22877:5)
      at captureCommitPhaseError (node_modules/react-dom/cjs/react-dom.development.js:27165:5)
      at commitPassiveMountEffects_complete (node_modules/react-dom/cjs/react-dom.development.js:24932:9)
      at commitPassiveMountEffects_begin (node_modules/react-dom/cjs/react-dom.development.js:24917:7)
      at commitPassiveMountEffects (node_modules/react-dom/cjs/react-dom.development.js:24905:3)
      at flushPassiveEffectsImpl (node_modules/react-dom/cjs/react-dom.development.js:27078:3)
      at flushPassiveEffects (node_modules/react-dom/cjs/react-dom.development.js:27023:14)
      at node_modules/react-dom/cjs/react-dom.development.js:26808:9
      at flushActQueue (node_modules/react/cjs/react.development.js:2667:24)
      at act (node_modules/react/cjs/react.development.js:2582:11)
      at node_modules/@testing-library/react/dist/act-compat.js:46:25
      at renderRoot (node_modules/@testing-library/react/dist/pure.js:189:26)
      at render (node_modules/@testing-library/react/dist/pure.js:291:10)
      at renderWithAuth (src/__tests__/AnalyticsPage.test.js:18:16)
      at Object.<anonymous> (src/__tests__/AnalyticsPage.test.js:84:5)

  console.error
    The above error occurred in the <ScrollReveal> component:
    
        at ScrollReveal (F:\myproject\frontend\src\hooks\useScrollAnimation.js:30:32)
        at div
        at div
        at AnalyticsPage (F:\myproject\frontend\src\pages\analytics\AnalyticsPage.js:8:35)
        at AuthProvider (F:\myproject\frontend\src\contexts\AuthContext.js:6:32)
    
    Consider adding an error boundary to your tree to customize error handling behavior.
    Visit https://reactjs.org/link/error-boundaries to learn more about error boundaries.

    [0m [90m 16 |[39m [36mfunction[39m renderWithAuth() {
     [90m 17 |[39m   localStorage[33m.[39msetItem([32m'token'[39m[33m,[39m [32m'mock-token'[39m)[33m;[39m
    [31m[1m>[22m[39m[90m 18 |[39m   [36mreturn[39m render(
     [90m    |[39m                [31m[1m^[22m[39m
     [90m 19 |[39m     [33m<[39m[33mAuthProvider[39m[33m>[39m
     [90m 20 |[39m       [33m<[39m[33mAnalyticsPage[39m [33m/[39m[33m>[39m
     [90m 21 |[39m     [33m<[39m[33m/[39m[33mAuthProvider[39m[33m>[39m[0m

      at logCapturedError (node_modules/react-dom/cjs/react-dom.development.js:18704:23)
      at update.callback (node_modules/react-dom/cjs/react-dom.development.js:18737:5)
      at callCallback (node_modules/react-dom/cjs/react-dom.development.js:15036:12)
      at commitUpdateQueue (node_modules/react-dom/cjs/react-dom.development.js:15057:9)
      at commitLayoutEffectOnFiber (node_modules/react-dom/cjs/react-dom.development.js:23430:13)
      at commitLayoutMountEffects_complete (node_modules/react-dom/cjs/react-dom.development.js:24727:9)
      at commitLayoutEffects_begin (node_modules/react-dom/cjs/react-dom.development.js:24713:7)
      at commitLayoutEffects (node_modules/react-dom/cjs/react-dom.development.js:24651:3)
      at commitRootImpl (node_modules/react-dom/cjs/react-dom.development.js:26862:5)
      at commitRoot (node_modules/react-dom/cjs/react-dom.development.js:26721:5)
      at performSyncWorkOnRoot (node_modules/react-dom/cjs/react-dom.development.js:26156:3)
      at flushSyncCallbacks (node_modules/react-dom/cjs/react-dom.development.js:12042:22)
      at flushPassiveEffectsImpl (node_modules/react-dom/cjs/react-dom.development.js:27099:3)
      at flushPassiveEffects (node_modules/react-dom/cjs/react-dom.development.js:27023:14)
      at node_modules/react-dom/cjs/react-dom.development.js:26808:9
      at flushActQueue (node_modules/react/cjs/react.development.js:2667:24)
      at act (node_modules/react/cjs/react.development.js:2582:11)
      at node_modules/@testing-library/react/dist/act-compat.js:46:25
      at renderRoot (node_modules/@testing-library/react/dist/pure.js:189:26)
      at render (node_modules/@testing-library/react/dist/pure.js:291:10)
      at renderWithAuth (src/__tests__/AnalyticsPage.test.js:18:16)
      at Object.<anonymous> (src/__tests__/AnalyticsPage.test.js:84:5)

  console.error
    The above error occurred in the <ScrollReveal> component:
    
        at ScrollReveal (F:\myproject\frontend\src\hooks\useScrollAnimation.js:30:32)
        at div
        at div
        at AnalyticsPage (F:\myproject\frontend\src\pages\analytics\AnalyticsPage.js:8:35)
        at AuthProvider (F:\myproject\frontend\src\contexts\AuthContext.js:6:32)
    
    Consider adding an error boundary to your tree to customize error handling behavior.
    Visit https://reactjs.org/link/error-boundaries to learn more about error boundaries.

    [0m [90m 16 |[39m [36mfunction[39m renderWithAuth() {
     [90m 17 |[39m   localStorage[33m.[39msetItem([32m'token'[39m[33m,[39m [32m'mock-token'[39m)[33m;[39m
    [31m[1m>[22m[39m[90m 18 |[39m   [36mreturn[39m render(
     [90m    |[39m                [31m[1m^[22m[39m
     [90m 19 |[39m     [33m<[39m[33mAuthProvider[39m[33m>[39m
     [90m 20 |[39m       [33m<[39m[33mAnalyticsPage[39m [33m/[39m[33m>[39m
     [90m 21 |[39m     [33m<[39m[33m/[39m[33mAuthProvider[39m[33m>[39m[0m

      at logCapturedError (node_modules/react-dom/cjs/react-dom.development.js:18704:23)
      at update.callback (node_modules/react-dom/cjs/react-dom.development.js:18737:5)
      at callCallback (node_modules/react-dom/cjs/react-dom.development.js:15036:12)
      at commitUpdateQueue (node_modules/react-dom/cjs/react-dom.development.js:15057:9)
      at commitLayoutEffectOnFiber (node_modules/react-dom/cjs/react-dom.development.js:23430:13)
      at commitLayoutMountEffects_complete (node_modules/react-dom/cjs/react-dom.development.js:24727:9)
      at commitLayoutEffects_begin (node_modules/react-dom/cjs/react-dom.development.js:24713:7)
      at commitLayoutEffects (node_modules/react-dom/cjs/react-dom.development.js:24651:3)
      at commitRootImpl (node_modules/react-dom/cjs/react-dom.development.js:26862:5)
      at commitRoot (node_modules/react-dom/cjs/react-dom.development.js:26721:5)
      at performSyncWorkOnRoot (node_modules/react-dom/cjs/react-dom.development.js:26156:3)
      at flushSyncCallbacks (node_modules/react-dom/cjs/react-dom.development.js:12042:22)
      at flushPassiveEffectsImpl (node_modules/react-dom/cjs/react-dom.development.js:27099:3)
      at flushPassiveEffects (node_modules/react-dom/cjs/react-dom.development.js:27023:14)
      at node_modules/react-dom/cjs/react-dom.development.js:26808:9
      at flushActQueue (node_modules/react/cjs/react.development.js:2667:24)
      at act (node_modules/react/cjs/react.development.js:2582:11)
      at node_modules/@testing-library/react/dist/act-compat.js:46:25
      at renderRoot (node_modules/@testing-library/react/dist/pure.js:189:26)
      at render (node_modules/@testing-library/react/dist/pure.js:291:10)
      at renderWithAuth (src/__tests__/AnalyticsPage.test.js:18:16)
      at Object.<anonymous> (src/__tests__/AnalyticsPage.test.js:84:5)

(node:12464) [DEP0040] DeprecationWarning: The `punycode` module is deprecated. Please use a userland alternative 
instead.
(Use `node --trace-deprecation ...` to show where the warning was created)
FAIL src/__tests__/AnalyticsPage.test.js (11.081 s)
  AnalyticsPage ΓÇö REQ-051
    ├ù TEST-177: displays loading skeleton on mount (544 ms)
    ├ù TEST-178: renders analytics data from service (104 ms)
    ├ù TEST-179: renders error state when service fails (217 ms)
    ├ù TEST-180: shows empty state when no data (125 ms)
    ├ù TEST-181: applies date filter on button click (119 ms)
    ├ù TEST-182: displays total booking count (70 ms)

  ΓùÅ AnalyticsPage ΓÇö REQ-051 ΓÇ║ TEST-177: displays loading skeleton on mount

    ReferenceError: IntersectionObserver is not defined

    [0m [90m  8 |[39m     [36mif[39m ([33m![39mel) [36mreturn[39m[33m;[39m
     [90m  9 |[39m
    [31m[1m>[22m[39m[90m 10 |[39m     [36mconst[39m observer [33m=[39m [36mnew[39m 
[33mIntersectionObserver[39m(
     [90m    |[39m                      [31m[1m^[22m[39m
     [90m 11 |[39m       ([entry]) [33m=>[39m {
     [90m 12 |[39m         [36mif[39m (entry[33m.[39misIntersecting) {
     [90m 13 |[39m           el[33m.[39mclassList[33m.[39madd([32m'revealed'[39m)[33m;[39m[0m

      at src/hooks/useScrollAnimation.js:10:22
      at commitHookEffectListMount (node_modules/react-dom/cjs/react-dom.development.js:23189:26)
      at commitPassiveMountOnFiber (node_modules/react-dom/cjs/react-dom.development.js:24970:11)
      at commitPassiveMountEffects_complete (node_modules/react-dom/cjs/react-dom.development.js:24930:9)
      at commitPassiveMountEffects_begin (node_modules/react-dom/cjs/react-dom.development.js:24917:7)
      at commitPassiveMountEffects (node_modules/react-dom/cjs/react-dom.development.js:24905:3)
      at flushPassiveEffectsImpl (node_modules/react-dom/cjs/react-dom.development.js:27078:3)
      at flushPassiveEffects (node_modules/react-dom/cjs/react-dom.development.js:27023:14)
      at node_modules/react-dom/cjs/react-dom.development.js:26808:9
      at flushActQueue (node_modules/react/cjs/react.development.js:2667:24)
      at act (node_modules/react/cjs/react.development.js:2582:11)
      at node_modules/@testing-library/react/dist/act-compat.js:46:25
      at renderRoot (node_modules/@testing-library/react/dist/pure.js:189:26)
      at render (node_modules/@testing-library/react/dist/pure.js:291:10)
      at renderWithAuth (src/__tests__/AnalyticsPage.test.js:18:16)
      at Object.<anonymous> (src/__tests__/AnalyticsPage.test.js:34:5)

  ΓùÅ AnalyticsPage ΓÇö REQ-051 ΓÇ║ TEST-178: renders analytics data from service

    ReferenceError: IntersectionObserver is not defined

    [0m [90m  8 |[39m     [36mif[39m ([33m![39mel) [36mreturn[39m[33m;[39m
     [90m  9 |[39m
    [31m[1m>[22m[39m[90m 10 |[39m     [36mconst[39m observer [33m=[39m [36mnew[39m 
[33mIntersectionObserver[39m(
     [90m    |[39m                      [31m[1m^[22m[39m
     [90m 11 |[39m       ([entry]) [33m=>[39m {
     [90m 12 |[39m         [36mif[39m (entry[33m.[39misIntersecting) {
     [90m 13 |[39m           el[33m.[39mclassList[33m.[39madd([32m'revealed'[39m)[33m;[39m[0m

      at src/hooks/useScrollAnimation.js:10:22
      at commitHookEffectListMount (node_modules/react-dom/cjs/react-dom.development.js:23189:26)
      at commitPassiveMountOnFiber (node_modules/react-dom/cjs/react-dom.development.js:24970:11)
      at commitPassiveMountEffects_complete (node_modules/react-dom/cjs/react-dom.development.js:24930:9)
      at commitPassiveMountEffects_begin (node_modules/react-dom/cjs/react-dom.development.js:24917:7)
      at commitPassiveMountEffects (node_modules/react-dom/cjs/react-dom.development.js:24905:3)
      at flushPassiveEffectsImpl (node_modules/react-dom/cjs/react-dom.development.js:27078:3)
      at flushPassiveEffects (node_modules/react-dom/cjs/react-dom.development.js:27023:14)
      at node_modules/react-dom/cjs/react-dom.development.js:26808:9
      at flushActQueue (node_modules/react/cjs/react.development.js:2667:24)
      at act (node_modules/react/cjs/react.development.js:2582:11)
      at node_modules/@testing-library/react/dist/act-compat.js:46:25
      at renderRoot (node_modules/@testing-library/react/dist/pure.js:189:26)
      at render (node_modules/@testing-library/react/dist/pure.js:291:10)
      at renderWithAuth (src/__tests__/AnalyticsPage.test.js:18:16)
      at Object.<anonymous> (src/__tests__/AnalyticsPage.test.js:41:5)

  ΓùÅ AnalyticsPage ΓÇö REQ-051 ΓÇ║ TEST-179: renders error state when service fails

    ReferenceError: IntersectionObserver is not defined

    [0m [90m  8 |[39m     [36mif[39m ([33m![39mel) [36mreturn[39m[33m;[39m
     [90m  9 |[39m
    [31m[1m>[22m[39m[90m 10 |[39m     [36mconst[39m observer [33m=[39m [36mnew[39m 
[33mIntersectionObserver[39m(
     [90m    |[39m                      [31m[1m^[22m[39m
     [90m 11 |[39m       ([entry]) [33m=>[39m {
     [90m 12 |[39m         [36mif[39m (entry[33m.[39misIntersecting) {
     [90m 13 |[39m           el[33m.[39mclassList[33m.[39madd([32m'revealed'[39m)[33m;[39m[0m

      at src/hooks/useScrollAnimation.js:10:22
      at commitHookEffectListMount (node_modules/react-dom/cjs/react-dom.development.js:23189:26)
      at commitPassiveMountOnFiber (node_modules/react-dom/cjs/react-dom.development.js:24970:11)
      at commitPassiveMountEffects_complete (node_modules/react-dom/cjs/react-dom.development.js:24930:9)
      at commitPassiveMountEffects_begin (node_modules/react-dom/cjs/react-dom.development.js:24917:7)
      at commitPassiveMountEffects (node_modules/react-dom/cjs/react-dom.development.js:24905:3)
      at flushPassiveEffectsImpl (node_modules/react-dom/cjs/react-dom.development.js:27078:3)
      at flushPassiveEffects (node_modules/react-dom/cjs/react-dom.development.js:27023:14)
      at node_modules/react-dom/cjs/react-dom.development.js:26808:9
      at flushActQueue (node_modules/react/cjs/react.development.js:2667:24)
      at act (node_modules/react/cjs/react.development.js:2582:11)
      at node_modules/@testing-library/react/dist/act-compat.js:46:25
      at renderRoot (node_modules/@testing-library/react/dist/pure.js:189:26)
      at render (node_modules/@testing-library/react/dist/pure.js:291:10)
      at renderWithAuth (src/__tests__/AnalyticsPage.test.js:18:16)
      at Object.<anonymous> (src/__tests__/AnalyticsPage.test.js:52:5)

  ΓùÅ AnalyticsPage ΓÇö REQ-051 ΓÇ║ TEST-180: shows empty state when no data

    ReferenceError: IntersectionObserver is not defined

    [0m [90m  8 |[39m     [36mif[39m ([33m![39mel) [36mreturn[39m[33m;[39m
     [90m  9 |[39m
    [31m[1m>[22m[39m[90m 10 |[39m     [36mconst[39m observer [33m=[39m [36mnew[39m 
[33mIntersectionObserver[39m(
     [90m    |[39m                      [31m[1m^[22m[39m
     [90m 11 |[39m       ([entry]) [33m=>[39m {
     [90m 12 |[39m         [36mif[39m (entry[33m.[39misIntersecting) {
     [90m 13 |[39m           el[33m.[39mclassList[33m.[39madd([32m'revealed'[39m)[33m;[39m[0m

      at src/hooks/useScrollAnimation.js:10:22
      at commitHookEffectListMount (node_modules/react-dom/cjs/react-dom.development.js:23189:26)
      at commitPassiveMountOnFiber (node_modules/react-dom/cjs/react-dom.development.js:24970:11)
      at commitPassiveMountEffects_complete (node_modules/react-dom/cjs/react-dom.development.js:24930:9)
      at commitPassiveMountEffects_begin (node_modules/react-dom/cjs/react-dom.development.js:24917:7)
      at commitPassiveMountEffects (node_modules/react-dom/cjs/react-dom.development.js:24905:3)
      at flushPassiveEffectsImpl (node_modules/react-dom/cjs/react-dom.development.js:27078:3)
      at flushPassiveEffects (node_modules/react-dom/cjs/react-dom.development.js:27023:14)
      at node_modules/react-dom/cjs/react-dom.development.js:26808:9
      at flushActQueue (node_modules/react/cjs/react.development.js:2667:24)
      at act (node_modules/react/cjs/react.development.js:2582:11)
      at node_modules/@testing-library/react/dist/act-compat.js:46:25
      at renderRoot (node_modules/@testing-library/react/dist/pure.js:189:26)
      at render (node_modules/@testing-library/react/dist/pure.js:291:10)
      at renderWithAuth (src/__tests__/AnalyticsPage.test.js:18:16)
      at Object.<anonymous> (src/__tests__/AnalyticsPage.test.js:61:5)

  ΓùÅ AnalyticsPage ΓÇö REQ-051 ΓÇ║ TEST-181: applies date filter on button click

    ReferenceError: IntersectionObserver is not defined

    [0m [90m  8 |[39m     [36mif[39m ([33m![39mel) [36mreturn[39m[33m;[39m
     [90m  9 |[39m
    [31m[1m>[22m[39m[90m 10 |[39m     [36mconst[39m observer [33m=[39m [36mnew[39m 
[33mIntersectionObserver[39m(
     [90m    |[39m                      [31m[1m^[22m[39m
     [90m 11 |[39m       ([entry]) [33m=>[39m {
     [90m 12 |[39m         [36mif[39m (entry[33m.[39misIntersecting) {
     [90m 13 |[39m           el[33m.[39mclassList[33m.[39madd([32m'revealed'[39m)[33m;[39m[0m

      at src/hooks/useScrollAnimation.js:10:22
      at commitHookEffectListMount (node_modules/react-dom/cjs/react-dom.development.js:23189:26)
      at commitPassiveMountOnFiber (node_modules/react-dom/cjs/react-dom.development.js:24970:11)
      at commitPassiveMountEffects_complete (node_modules/react-dom/cjs/react-dom.development.js:24930:9)
      at commitPassiveMountEffects_begin (node_modules/react-dom/cjs/react-dom.development.js:24917:7)
      at commitPassiveMountEffects (node_modules/react-dom/cjs/react-dom.development.js:24905:3)
      at flushPassiveEffectsImpl (node_modules/react-dom/cjs/react-dom.development.js:27078:3)
      at flushPassiveEffects (node_modules/react-dom/cjs/react-dom.development.js:27023:14)
      at node_modules/react-dom/cjs/react-dom.development.js:26808:9
      at flushActQueue (node_modules/react/cjs/react.development.js:2667:24)
      at act (node_modules/react/cjs/react.development.js:2582:11)
      at node_modules/@testing-library/react/dist/act-compat.js:46:25
      at renderRoot (node_modules/@testing-library/react/dist/pure.js:189:26)
      at render (node_modules/@testing-library/react/dist/pure.js:291:10)
      at renderWithAuth (src/__tests__/AnalyticsPage.test.js:18:16)
      at Object.<anonymous> (src/__tests__/AnalyticsPage.test.js:70:5)

  ΓùÅ AnalyticsPage ΓÇö REQ-051 ΓÇ║ TEST-182: displays total booking count

    ReferenceError: IntersectionObserver is not defined

    [0m [90m  8 |[39m     [36mif[39m ([33m![39mel) [36mreturn[39m[33m;[39m
     [90m  9 |[39m
    [31m[1m>[22m[39m[90m 10 |[39m     [36mconst[39m observer [33m=[39m [36mnew[39m 
[33mIntersectionObserver[39m(
     [90m    |[39m                      [31m[1m^[22m[39m
     [90m 11 |[39m       ([entry]) [33m=>[39m {
     [90m 12 |[39m         [36mif[39m (entry[33m.[39misIntersecting) {
     [90m 13 |[39m           el[33m.[39mclassList[33m.[39madd([32m'revealed'[39m)[33m;[39m[0m

      at src/hooks/useScrollAnimation.js:10:22
      at commitHookEffectListMount (node_modules/react-dom/cjs/react-dom.development.js:23189:26)
      at commitPassiveMountOnFiber (node_modules/react-dom/cjs/react-dom.development.js:24970:11)
      at commitPassiveMountEffects_complete (node_modules/react-dom/cjs/react-dom.development.js:24930:9)
      at commitPassiveMountEffects_begin (node_modules/react-dom/cjs/react-dom.development.js:24917:7)
      at commitPassiveMountEffects (node_modules/react-dom/cjs/react-dom.development.js:24905:3)
      at flushPassiveEffectsImpl (node_modules/react-dom/cjs/react-dom.development.js:27078:3)
      at flushPassiveEffects (node_modules/react-dom/cjs/react-dom.development.js:27023:14)
      at node_modules/react-dom/cjs/react-dom.development.js:26808:9
      at flushActQueue (node_modules/react/cjs/react.development.js:2667:24)
      at act (node_modules/react/cjs/react.development.js:2582:11)
      at node_modules/@testing-library/react/dist/act-compat.js:46:25
      at renderRoot (node_modules/@testing-library/react/dist/pure.js:189:26)
      at render (node_modules/@testing-library/react/dist/pure.js:291:10)
      at renderWithAuth (src/__tests__/AnalyticsPage.test.js:18:16)
      at Object.<anonymous> (src/__tests__/AnalyticsPage.test.js:84:5)

  console.error
    Error: Uncaught [ReferenceError: IntersectionObserver is not defined]
        at reportException (F:\myproject\frontend\node_modules\jsdom\lib\jsdom\living\helpers\runtime-script-errors.js:66:24)
        at innerInvokeEventListeners (F:\myproject\frontend\node_modules\jsdom\lib\jsdom\living\events\EventTarget-impl.js:341:9)
        at invokeEventListeners (F:\myproject\frontend\node_modules\jsdom\lib\jsdom\living\events\EventTarget-impl.js:274:3)
        at HTMLUnknownElementImpl._dispatch (F:\myproject\frontend\node_modules\jsdom\lib\jsdom\living\events\EventTarget-impl.js:221:9)
        at HTMLUnknownElementImpl.dispatchEvent (F:\myproject\frontend\node_modules\jsdom\lib\jsdom\living\events\EventTarget-impl.js:94:17)
        at HTMLUnknownElement.dispatchEvent (F:\myproject\frontend\node_modules\jsdom\lib\jsdom\living\generated\EventTarget.js:231:34)
        at Object.invokeGuardedCallbackDev (F:\myproject\frontend\node_modules\react-dom\cjs\react-dom.development.js:4213:16)
        at invokeGuardedCallback (F:\myproject\frontend\node_modules\react-dom\cjs\react-dom.development.js:4277:31)
        at reportUncaughtErrorInDEV (F:\myproject\frontend\node_modules\react-dom\cjs\react-dom.development.js:22877:5)
        at captureCommitPhaseError (F:\myproject\frontend\node_modules\react-dom\cjs\react-dom.development.js:27165:5)
        at commitPassiveMountEffects_complete (F:\myproject\frontend\node_modules\react-dom\cjs\react-dom.development.js:24932:9)
        at commitPassiveMountEffects_begin (F:\myproject\frontend\node_modules\react-dom\cjs\react-dom.development.js:24917:7)
        at commitPassiveMountEffects (F:\myproject\frontend\node_modules\react-dom\cjs\react-dom.development.js:24905:3)
        at flushPassiveEffectsImpl (F:\myproject\frontend\node_modules\react-dom\cjs\react-dom.development.js:27078:3)
        at flushPassiveEffects (F:\myproject\frontend\node_modules\react-dom\cjs\react-dom.development.js:27023:14)
        at F:\myproject\frontend\node_modules\react-dom\cjs\react-dom.development.js:26808:9
        at workLoop (F:\myproject\frontend\node_modules\scheduler\cjs\scheduler.development.js:266:34)
        at flushWork (F:\myproject\frontend\node_modules\scheduler\cjs\scheduler.development.js:239:14)
        at performWorkUntilDeadline (F:\myproject\frontend\node_modules\scheduler\cjs\scheduler.development.js:533:21)
        at Timeout.task [as _onTimeout] (F:\myproject\frontend\node_modules\jsdom\lib\jsdom\browser\Window.js:516:19)
        at listOnTimeout (node:internal/timers:594:17)
        at processTimers (node:internal/timers:529:7) ReferenceError: IntersectionObserver is not defined
        at F:\myproject\frontend\src\hooks\useScrollAnimation.js:10:22
        at commitHookEffectListMount (F:\myproject\frontend\node_modules\react-dom\cjs\react-dom.development.js:23189:26)
        at commitPassiveMountOnFiber (F:\myproject\frontend\node_modules\react-dom\cjs\react-dom.development.js:24970:11)
        at commitPassiveMountEffects_complete (F:\myproject\frontend\node_modules\react-dom\cjs\react-dom.development.js:24930:9)
        at commitPassiveMountEffects_begin (F:\myproject\frontend\node_modules\react-dom\cjs\react-dom.development.js:24917:7)
        at commitPassiveMountEffects (F:\myproject\frontend\node_modules\react-dom\cjs\react-dom.development.js:24905:3)
        at flushPassiveEffectsImpl (F:\myproject\frontend\node_modules\react-dom\cjs\react-dom.development.js:27078:3)
        at flushPassiveEffects (F:\myproject\frontend\node_modules\react-dom\cjs\react-dom.development.js:27023:14)
        at F:\myproject\frontend\node_modules\react-dom\cjs\react-dom.development.js:26808:9
        at workLoop (F:\myproject\frontend\node_modules\scheduler\cjs\scheduler.development.js:266:34)
        at flushWork (F:\myproject\frontend\node_modules\scheduler\cjs\scheduler.development.js:239:14)
        at performWorkUntilDeadline (F:\myproject\frontend\node_modules\scheduler\cjs\scheduler.development.js:533:21)
        at Timeout.task [as _onTimeout] (F:\myproject\frontend\node_modules\jsdom\lib\jsdom\browser\Window.js:516:19)
        at listOnTimeout (node:internal/timers:594:17)
        at processTimers (node:internal/timers:529:7)

      at VirtualConsole.<anonymous> (node_modules/jsdom/lib/jsdom/virtual-console.js:29:45)
      at reportException (node_modules/jsdom/lib/jsdom/living/helpers/runtime-script-errors.js:70:28)
      at innerInvokeEventListeners (node_modules/jsdom/lib/jsdom/living/events/EventTarget-impl.js:341:9)
      at invokeEventListeners (node_modules/jsdom/lib/jsdom/living/events/EventTarget-impl.js:274:3)
      at HTMLUnknownElementImpl._dispatch (node_modules/jsdom/lib/jsdom/living/events/EventTarget-impl.js:221:9)
      at HTMLUnknownElementImpl.dispatchEvent (node_modules/jsdom/lib/jsdom/living/events/EventTarget-impl.js:94:17)
      at HTMLUnknownElement.dispatchEvent (node_modules/jsdom/lib/jsdom/living/generated/EventTarget.js:231:34)
      at Object.invokeGuardedCallbackDev (node_modules/react-dom/cjs/react-dom.development.js:4213:16)
      at invokeGuardedCallback (node_modules/react-dom/cjs/react-dom.development.js:4277:31)
      at reportUncaughtErrorInDEV (node_modules/react-dom/cjs/react-dom.development.js:22877:5)
      at captureCommitPhaseError (node_modules/react-dom/cjs/react-dom.development.js:27165:5)
      at commitPassiveMountEffects_complete (node_modules/react-dom/cjs/react-dom.development.js:24932:9)
      at commitPassiveMountEffects_begin (node_modules/react-dom/cjs/react-dom.development.js:24917:7)
      at commitPassiveMountEffects (node_modules/react-dom/cjs/react-dom.development.js:24905:3)
      at flushPassiveEffectsImpl (node_modules/react-dom/cjs/react-dom.development.js:27078:3)
      at flushPassiveEffects (node_modules/react-dom/cjs/react-dom.development.js:27023:14)
      at node_modules/react-dom/cjs/react-dom.development.js:26808:9
      at workLoop (node_modules/scheduler/cjs/scheduler.development.js:266:34)
      at flushWork (node_modules/scheduler/cjs/scheduler.development.js:239:14)
      at performWorkUntilDeadline (node_modules/scheduler/cjs/scheduler.development.js:533:21)
      at Timeout.task [as _onTimeout] (node_modules/jsdom/lib/jsdom/browser/Window.js:516:19)

(node:10024) [DEP0040] DeprecationWarning: The `punycode` module is deprecated. Please use a userland alternative 
instead.
(Use `node --trace-deprecation ...` to show where the warning was created)
  console.error
    Error: Uncaught [ReferenceError: IntersectionObserver is not defined]
        at reportException (F:\myproject\frontend\node_modules\jsdom\lib\jsdom\living\helpers\runtime-script-errors.js:66:24)
        at innerInvokeEventListeners (F:\myproject\frontend\node_modules\jsdom\lib\jsdom\living\events\EventTarget-impl.js:341:9)
        at invokeEventListeners (F:\myproject\frontend\node_modules\jsdom\lib\jsdom\living\events\EventTarget-impl.js:274:3)
        at HTMLUnknownElementImpl._dispatch (F:\myproject\frontend\node_modules\jsdom\lib\jsdom\living\events\EventTarget-impl.js:221:9)
        at HTMLUnknownElementImpl.dispatchEvent (F:\myproject\frontend\node_modules\jsdom\lib\jsdom\living\events\EventTarget-impl.js:94:17)
        at HTMLUnknownElement.dispatchEvent (F:\myproject\frontend\node_modules\jsdom\lib\jsdom\living\generated\EventTarget.js:231:34)
        at Object.invokeGuardedCallbackDev (F:\myproject\frontend\node_modules\react-dom\cjs\react-dom.development.js:4213:16)
        at invokeGuardedCallback (F:\myproject\frontend\node_modules\react-dom\cjs\react-dom.development.js:4277:31)
        at reportUncaughtErrorInDEV (F:\myproject\frontend\node_modules\react-dom\cjs\react-dom.development.js:22877:5)
        at captureCommitPhaseError (F:\myproject\frontend\node_modules\react-dom\cjs\react-dom.development.js:27165:5)
        at commitPassiveMountEffects_complete (F:\myproject\frontend\node_modules\react-dom\cjs\react-dom.development.js:24932:9)
        at commitPassiveMountEffects_begin (F:\myproject\frontend\node_modules\react-dom\cjs\react-dom.development.js:24917:7)
        at commitPassiveMountEffects (F:\myproject\frontend\node_modules\react-dom\cjs\react-dom.development.js:24905:3)
        at flushPassiveEffectsImpl (F:\myproject\frontend\node_modules\react-dom\cjs\react-dom.development.js:27078:3)
        at flushPassiveEffects (F:\myproject\frontend\node_modules\react-dom\cjs\react-dom.development.js:27023:14)
        at F:\myproject\frontend\node_modules\react-dom\cjs\react-dom.development.js:26808:9
        at workLoop (F:\myproject\frontend\node_modules\scheduler\cjs\scheduler.development.js:266:34)
        at flushWork (F:\myproject\frontend\node_modules\scheduler\cjs\scheduler.development.js:239:14)
        at performWorkUntilDeadline (F:\myproject\frontend\node_modules\scheduler\cjs\scheduler.development.js:533:21)
        at Timeout.task [as _onTimeout] (F:\myproject\frontend\node_modules\jsdom\lib\jsdom\browser\Window.js:516:19)
        at listOnTimeout (node:internal/timers:594:17)
        at processTimers (node:internal/timers:529:7) ReferenceError: IntersectionObserver is not defined
        at F:\myproject\frontend\src\hooks\useScrollAnimation.js:10:22
        at commitHookEffectListMount (F:\myproject\frontend\node_modules\react-dom\cjs\react-dom.development.js:23189:26)
        at commitPassiveMountOnFiber (F:\myproject\frontend\node_modules\react-dom\cjs\react-dom.development.js:24970:11)
        at commitPassiveMountEffects_complete (F:\myproject\frontend\node_modules\react-dom\cjs\react-dom.development.js:24930:9)
        at commitPassiveMountEffects_begin (F:\myproject\frontend\node_modules\react-dom\cjs\react-dom.development.js:24917:7)
        at commitPassiveMountEffects (F:\myproject\frontend\node_modules\react-dom\cjs\react-dom.development.js:24905:3)
        at flushPassiveEffectsImpl (F:\myproject\frontend\node_modules\react-dom\cjs\react-dom.development.js:27078:3)
        at flushPassiveEffects (F:\myproject\frontend\node_modules\react-dom\cjs\react-dom.development.js:27023:14)
        at F:\myproject\frontend\node_modules\react-dom\cjs\react-dom.development.js:26808:9
        at workLoop (F:\myproject\frontend\node_modules\scheduler\cjs\scheduler.development.js:266:34)
        at flushWork (F:\myproject\frontend\node_modules\scheduler\cjs\scheduler.development.js:239:14)
        at performWorkUntilDeadline (F:\myproject\frontend\node_modules\scheduler\cjs\scheduler.development.js:533:21)
        at Timeout.task [as _onTimeout] (F:\myproject\frontend\node_modules\jsdom\lib\jsdom\browser\Window.js:516:19)
        at listOnTimeout (node:internal/timers:594:17)
        at processTimers (node:internal/timers:529:7)

      at VirtualConsole.<anonymous> (node_modules/jsdom/lib/jsdom/virtual-console.js:29:45)
      at reportException (node_modules/jsdom/lib/jsdom/living/helpers/runtime-script-errors.js:70:28)
      at innerInvokeEventListeners (node_modules/jsdom/lib/jsdom/living/events/EventTarget-impl.js:341:9)
      at invokeEventListeners (node_modules/jsdom/lib/jsdom/living/events/EventTarget-impl.js:274:3)
      at HTMLUnknownElementImpl._dispatch (node_modules/jsdom/lib/jsdom/living/events/EventTarget-impl.js:221:9)
      at HTMLUnknownElementImpl.dispatchEvent (node_modules/jsdom/lib/jsdom/living/events/EventTarget-impl.js:94:17)
      at HTMLUnknownElement.dispatchEvent (node_modules/jsdom/lib/jsdom/living/generated/EventTarget.js:231:34)
      at Object.invokeGuardedCallbackDev (node_modules/react-dom/cjs/react-dom.development.js:4213:16)
      at invokeGuardedCallback (node_modules/react-dom/cjs/react-dom.development.js:4277:31)
      at reportUncaughtErrorInDEV (node_modules/react-dom/cjs/react-dom.development.js:22877:5)
      at captureCommitPhaseError (node_modules/react-dom/cjs/react-dom.development.js:27165:5)
      at commitPassiveMountEffects_complete (node_modules/react-dom/cjs/react-dom.development.js:24932:9)
      at commitPassiveMountEffects_begin (node_modules/react-dom/cjs/react-dom.development.js:24917:7)
      at commitPassiveMountEffects (node_modules/react-dom/cjs/react-dom.development.js:24905:3)
      at flushPassiveEffectsImpl (node_modules/react-dom/cjs/react-dom.development.js:27078:3)
      at flushPassiveEffects (node_modules/react-dom/cjs/react-dom.development.js:27023:14)
      at node_modules/react-dom/cjs/react-dom.development.js:26808:9
      at workLoop (node_modules/scheduler/cjs/scheduler.development.js:266:34)
      at flushWork (node_modules/scheduler/cjs/scheduler.development.js:239:14)
      at performWorkUntilDeadline (node_modules/scheduler/cjs/scheduler.development.js:533:21)
      at Timeout.task [as _onTimeout] (node_modules/jsdom/lib/jsdom/browser/Window.js:516:19)

  console.error
    The above error occurred in the <ScrollReveal> component:
    
        at ScrollReveal (F:\myproject\frontend\src\hooks\useScrollAnimation.js:30:32)
        at div
        at div
        at BookingHistoryPage (F:\myproject\frontend\src\pages\traveler\BookingHistoryPage.js:12:43)
        at BookingProvider (F:\myproject\frontend\src\contexts\BookingContext.js:6:35)
        at AuthProvider (F:\myproject\frontend\src\contexts\AuthContext.js:6:32)
        at Router (F:\myproject\frontend\node_modules\react-router\lib\components.tsx:421:13)
        at MemoryRouter (F:\myproject\frontend\node_modules\react-router\lib\components.tsx:225:3)
    
    Consider adding an error boundary to your tree to customize error handling behavior.
    Visit https://reactjs.org/link/error-boundaries to learn more about error boundaries.

      at logCapturedError (node_modules/react-dom/cjs/react-dom.development.js:18704:23)
      at update.callback (node_modules/react-dom/cjs/react-dom.development.js:18737:5)
      at callCallback (node_modules/react-dom/cjs/react-dom.development.js:15036:12)
      at commitUpdateQueue (node_modules/react-dom/cjs/react-dom.development.js:15057:9)
      at commitLayoutEffectOnFiber (node_modules/react-dom/cjs/react-dom.development.js:23430:13)
      at commitLayoutMountEffects_complete (node_modules/react-dom/cjs/react-dom.development.js:24727:9)
      at commitLayoutEffects_begin (node_modules/react-dom/cjs/react-dom.development.js:24713:7)
      at commitLayoutEffects (node_modules/react-dom/cjs/react-dom.development.js:24651:3)
      at commitRootImpl (node_modules/react-dom/cjs/react-dom.development.js:26862:5)
      at commitRoot (node_modules/react-dom/cjs/react-dom.development.js:26721:5)
      at performSyncWorkOnRoot (node_modules/react-dom/cjs/react-dom.development.js:26156:3)
      at flushSyncCallbacks (node_modules/react-dom/cjs/react-dom.development.js:12042:22)
      at flushPassiveEffectsImpl (node_modules/react-dom/cjs/react-dom.development.js:27099:3)
      at flushPassiveEffects (node_modules/react-dom/cjs/react-dom.development.js:27023:14)
      at node_modules/react-dom/cjs/react-dom.development.js:26808:9
      at workLoop (node_modules/scheduler/cjs/scheduler.development.js:266:34)
      at flushWork (node_modules/scheduler/cjs/scheduler.development.js:239:14)
      at performWorkUntilDeadline (node_modules/scheduler/cjs/scheduler.development.js:533:21)
      at Timeout.task [as _onTimeout] (node_modules/jsdom/lib/jsdom/browser/Window.js:516:19)

  console.error
    The above error occurred in the <ScrollReveal> component:
    
        at ScrollReveal (F:\myproject\frontend\src\hooks\useScrollAnimation.js:30:32)
        at div
        at div
        at BookingHistoryPage (F:\myproject\frontend\src\pages\traveler\BookingHistoryPage.js:12:43)
        at BookingProvider (F:\myproject\frontend\src\contexts\BookingContext.js:6:35)
        at AuthProvider (F:\myproject\frontend\src\contexts\AuthContext.js:6:32)
        at Router (F:\myproject\frontend\node_modules\react-router\lib\components.tsx:421:13)
        at MemoryRouter (F:\myproject\frontend\node_modules\react-router\lib\components.tsx:225:3)
    
    Consider adding an error boundary to your tree to customize error handling behavior.
    Visit https://reactjs.org/link/error-boundaries to learn more about error boundaries.

      at logCapturedError (node_modules/react-dom/cjs/react-dom.development.js:18704:23)
      at update.callback (node_modules/react-dom/cjs/react-dom.development.js:18737:5)
      at callCallback (node_modules/react-dom/cjs/react-dom.development.js:15036:12)
      at commitUpdateQueue (node_modules/react-dom/cjs/react-dom.development.js:15057:9)
      at commitLayoutEffectOnFiber (node_modules/react-dom/cjs/react-dom.development.js:23430:13)
      at commitLayoutMountEffects_complete (node_modules/react-dom/cjs/react-dom.development.js:24727:9)
      at commitLayoutEffects_begin (node_modules/react-dom/cjs/react-dom.development.js:24713:7)
      at commitLayoutEffects (node_modules/react-dom/cjs/react-dom.development.js:24651:3)
      at commitRootImpl (node_modules/react-dom/cjs/react-dom.development.js:26862:5)
      at commitRoot (node_modules/react-dom/cjs/react-dom.development.js:26721:5)
      at performSyncWorkOnRoot (node_modules/react-dom/cjs/react-dom.development.js:26156:3)
      at flushSyncCallbacks (node_modules/react-dom/cjs/react-dom.development.js:12042:22)
      at flushPassiveEffectsImpl (node_modules/react-dom/cjs/react-dom.development.js:27099:3)
      at flushPassiveEffects (node_modules/react-dom/cjs/react-dom.development.js:27023:14)
      at node_modules/react-dom/cjs/react-dom.development.js:26808:9
      at workLoop (node_modules/scheduler/cjs/scheduler.development.js:266:34)
      at flushWork (node_modules/scheduler/cjs/scheduler.development.js:239:14)
      at performWorkUntilDeadline (node_modules/scheduler/cjs/scheduler.development.js:533:21)
      at Timeout.task [as _onTimeout] (node_modules/jsdom/lib/jsdom/browser/Window.js:516:19)

  console.error
    Error: Uncaught [ReferenceError: IntersectionObserver is not defined]
        at reportException (F:\myproject\frontend\node_modules\jsdom\lib\jsdom\living\helpers\runtime-script-errors.js:66:24)
        at Timeout.task [as _onTimeout] (F:\myproject\frontend\node_modules\jsdom\lib\jsdom\browser\Window.js:521:9)
        at listOnTimeout (node:internal/timers:594:17)
        at processTimers (node:internal/timers:529:7) ReferenceError: IntersectionObserver is not defined
        at F:\myproject\frontend\src\hooks\useScrollAnimation.js:10:22
        at commitHookEffectListMount (F:\myproject\frontend\node_modules\react-dom\cjs\react-dom.development.js:23189:26)
        at commitPassiveMountOnFiber (F:\myproject\frontend\node_modules\react-dom\cjs\react-dom.development.js:24970:11)
        at commitPassiveMountEffects_complete (F:\myproject\frontend\node_modules\react-dom\cjs\react-dom.development.js:24930:9)
        at commitPassiveMountEffects_begin (F:\myproject\frontend\node_modules\react-dom\cjs\react-dom.development.js:24917:7)
        at commitPassiveMountEffects (F:\myproject\frontend\node_modules\react-dom\cjs\react-dom.development.js:24905:3)
        at flushPassiveEffectsImpl (F:\myproject\frontend\node_modules\react-dom\cjs\react-dom.development.js:27078:3)
        at flushPassiveEffects (F:\myproject\frontend\node_modules\react-dom\cjs\react-dom.development.js:27023:14)
        at F:\myproject\frontend\node_modules\react-dom\cjs\react-dom.development.js:26808:9
        at workLoop (F:\myproject\frontend\node_modules\scheduler\cjs\scheduler.development.js:266:34)
        at flushWork (F:\myproject\frontend\node_modules\scheduler\cjs\scheduler.development.js:239:14)
        at performWorkUntilDeadline (F:\myproject\frontend\node_modules\scheduler\cjs\scheduler.development.js:533:21)
        at Timeout.task [as _onTimeout] (F:\myproject\frontend\node_modules\jsdom\lib\jsdom\browser\Window.js:516:19)
        at listOnTimeout (node:internal/timers:594:17)
        at processTimers (node:internal/timers:529:7)

      at VirtualConsole.<anonymous> (node_modules/jsdom/lib/jsdom/virtual-console.js:29:45)
      at reportException (node_modules/jsdom/lib/jsdom/living/helpers/runtime-script-errors.js:70:28)
      at Timeout.task [as _onTimeout] (node_modules/jsdom/lib/jsdom/browser/Window.js:521:9)

  console.error
    Error: Uncaught [ReferenceError: IntersectionObserver is not defined]
        at reportException (F:\myproject\frontend\node_modules\jsdom\lib\jsdom\living\helpers\runtime-script-errors.js:66:24)
        at innerInvokeEventListeners (F:\myproject\frontend\node_modules\jsdom\lib\jsdom\living\events\EventTarget-impl.js:341:9)
        at invokeEventListeners (F:\myproject\frontend\node_modules\jsdom\lib\jsdom\living\events\EventTarget-impl.js:274:3)
        at HTMLUnknownElementImpl._dispatch (F:\myproject\frontend\node_modules\jsdom\lib\jsdom\living\events\EventTarget-impl.js:221:9)
        at HTMLUnknownElementImpl.dispatchEvent (F:\myproject\frontend\node_modules\jsdom\lib\jsdom\living\events\EventTarget-impl.js:94:17)
        at HTMLUnknownElement.dispatchEvent (F:\myproject\frontend\node_modules\jsdom\lib\jsdom\living\generated\EventTarget.js:231:34)
        at Object.invokeGuardedCallbackDev (F:\myproject\frontend\node_modules\react-dom\cjs\react-dom.development.js:4213:16)
        at invokeGuardedCallback (F:\myproject\frontend\node_modules\react-dom\cjs\react-dom.development.js:4277:31)
        at reportUncaughtErrorInDEV (F:\myproject\frontend\node_modules\react-dom\cjs\react-dom.development.js:22877:5)
        at captureCommitPhaseError (F:\myproject\frontend\node_modules\react-dom\cjs\react-dom.development.js:27165:5)
        at commitPassiveMountEffects_complete (F:\myproject\frontend\node_modules\react-dom\cjs\react-dom.development.js:24932:9)
        at commitPassiveMountEffects_begin (F:\myproject\frontend\node_modules\react-dom\cjs\react-dom.development.js:24917:7)
        at commitPassiveMountEffects (F:\myproject\frontend\node_modules\react-dom\cjs\react-dom.development.js:24905:3)
        at flushPassiveEffectsImpl (F:\myproject\frontend\node_modules\react-dom\cjs\react-dom.development.js:27078:3)
        at flushPassiveEffects (F:\myproject\frontend\node_modules\react-dom\cjs\react-dom.development.js:27023:14)
        at F:\myproject\frontend\node_modules\react-dom\cjs\react-dom.development.js:26808:9
        at workLoop (F:\myproject\frontend\node_modules\scheduler\cjs\scheduler.development.js:266:34)
        at flushWork (F:\myproject\frontend\node_modules\scheduler\cjs\scheduler.development.js:239:14)
        at performWorkUntilDeadline (F:\myproject\frontend\node_modules\scheduler\cjs\scheduler.development.js:533:21)
        at Timeout.task [as _onTimeout] (F:\myproject\frontend\node_modules\jsdom\lib\jsdom\browser\Window.js:516:19)
        at listOnTimeout (node:internal/timers:594:17)
        at processTimers (node:internal/timers:529:7) ReferenceError: IntersectionObserver is not defined
        at F:\myproject\frontend\src\hooks\useScrollAnimation.js:10:22
        at commitHookEffectListMount (F:\myproject\frontend\node_modules\react-dom\cjs\react-dom.development.js:23189:26)
        at commitPassiveMountOnFiber (F:\myproject\frontend\node_modules\react-dom\cjs\react-dom.development.js:24970:11)
        at commitPassiveMountEffects_complete (F:\myproject\frontend\node_modules\react-dom\cjs\react-dom.development.js:24930:9)
        at commitPassiveMountEffects_begin (F:\myproject\frontend\node_modules\react-dom\cjs\react-dom.development.js:24917:7)
        at commitPassiveMountEffects (F:\myproject\frontend\node_modules\react-dom\cjs\react-dom.development.js:24905:3)
        at flushPassiveEffectsImpl (F:\myproject\frontend\node_modules\react-dom\cjs\react-dom.development.js:27078:3)
        at flushPassiveEffects (F:\myproject\frontend\node_modules\react-dom\cjs\react-dom.development.js:27023:14)
        at F:\myproject\frontend\node_modules\react-dom\cjs\react-dom.development.js:26808:9
        at workLoop (F:\myproject\frontend\node_modules\scheduler\cjs\scheduler.development.js:266:34)
        at flushWork (F:\myproject\frontend\node_modules\scheduler\cjs\scheduler.development.js:239:14)
        at performWorkUntilDeadline (F:\myproject\frontend\node_modules\scheduler\cjs\scheduler.development.js:533:21)
        at Timeout.task [as _onTimeout] (F:\myproject\frontend\node_modules\jsdom\lib\jsdom\browser\Window.js:516:19)
        at listOnTimeout (node:internal/timers:594:17)
        at processTimers (node:internal/timers:529:7)

      at VirtualConsole.<anonymous> (node_modules/jsdom/lib/jsdom/virtual-console.js:29:45)
      at reportException (node_modules/jsdom/lib/jsdom/living/helpers/runtime-script-errors.js:70:28)
      at innerInvokeEventListeners (node_modules/jsdom/lib/jsdom/living/events/EventTarget-impl.js:341:9)
      at invokeEventListeners (node_modules/jsdom/lib/jsdom/living/events/EventTarget-impl.js:274:3)
      at HTMLUnknownElementImpl._dispatch (node_modules/jsdom/lib/jsdom/living/events/EventTarget-impl.js:221:9)
      at HTMLUnknownElementImpl.dispatchEvent (node_modules/jsdom/lib/jsdom/living/events/EventTarget-impl.js:94:17)
      at HTMLUnknownElement.dispatchEvent (node_modules/jsdom/lib/jsdom/living/generated/EventTarget.js:231:34)
      at Object.invokeGuardedCallbackDev (node_modules/react-dom/cjs/react-dom.development.js:4213:16)
      at invokeGuardedCallback (node_modules/react-dom/cjs/react-dom.development.js:4277:31)
      at reportUncaughtErrorInDEV (node_modules/react-dom/cjs/react-dom.development.js:22877:5)
      at captureCommitPhaseError (node_modules/react-dom/cjs/react-dom.development.js:27165:5)
      at commitPassiveMountEffects_complete (node_modules/react-dom/cjs/react-dom.development.js:24932:9)
      at commitPassiveMountEffects_begin (node_modules/react-dom/cjs/react-dom.development.js:24917:7)
      at commitPassiveMountEffects (node_modules/react-dom/cjs/react-dom.development.js:24905:3)
      at flushPassiveEffectsImpl (node_modules/react-dom/cjs/react-dom.development.js:27078:3)
      at flushPassiveEffects (node_modules/react-dom/cjs/react-dom.development.js:27023:14)
      at node_modules/react-dom/cjs/react-dom.development.js:26808:9
      at workLoop (node_modules/scheduler/cjs/scheduler.development.js:266:34)
      at flushWork (node_modules/scheduler/cjs/scheduler.development.js:239:14)
      at performWorkUntilDeadline (node_modules/scheduler/cjs/scheduler.development.js:533:21)
      at Timeout.task [as _onTimeout] (node_modules/jsdom/lib/jsdom/browser/Window.js:516:19)

  console.error
    Error: Uncaught [ReferenceError: IntersectionObserver is not defined]
        at reportException (F:\myproject\frontend\node_modules\jsdom\lib\jsdom\living\helpers\runtime-script-errors.js:66:24)
        at innerInvokeEventListeners (F:\myproject\frontend\node_modules\jsdom\lib\jsdom\living\events\EventTarget-impl.js:341:9)
        at invokeEventListeners (F:\myproject\frontend\node_modules\jsdom\lib\jsdom\living\events\EventTarget-impl.js:274:3)
        at HTMLUnknownElementImpl._dispatch (F:\myproject\frontend\node_modules\jsdom\lib\jsdom\living\events\EventTarget-impl.js:221:9)
        at HTMLUnknownElementImpl.dispatchEvent (F:\myproject\frontend\node_modules\jsdom\lib\jsdom\living\events\EventTarget-impl.js:94:17)
        at HTMLUnknownElement.dispatchEvent (F:\myproject\frontend\node_modules\jsdom\lib\jsdom\living\generated\EventTarget.js:231:34)
        at Object.invokeGuardedCallbackDev (F:\myproject\frontend\node_modules\react-dom\cjs\react-dom.development.js:4213:16)
        at invokeGuardedCallback (F:\myproject\frontend\node_modules\react-dom\cjs\react-dom.development.js:4277:31)
        at reportUncaughtErrorInDEV (F:\myproject\frontend\node_modules\react-dom\cjs\react-dom.development.js:22877:5)
        at captureCommitPhaseError (F:\myproject\frontend\node_modules\react-dom\cjs\react-dom.development.js:27165:5)
        at commitPassiveMountEffects_complete (F:\myproject\frontend\node_modules\react-dom\cjs\react-dom.development.js:24932:9)
        at commitPassiveMountEffects_begin (F:\myproject\frontend\node_modules\react-dom\cjs\react-dom.development.js:24917:7)
        at commitPassiveMountEffects (F:\myproject\frontend\node_modules\react-dom\cjs\react-dom.development.js:24905:3)
        at flushPassiveEffectsImpl (F:\myproject\frontend\node_modules\react-dom\cjs\react-dom.development.js:27078:3)
        at flushPassiveEffects (F:\myproject\frontend\node_modules\react-dom\cjs\react-dom.development.js:27023:14)
        at F:\myproject\frontend\node_modules\react-dom\cjs\react-dom.development.js:26808:9
        at workLoop (F:\myproject\frontend\node_modules\scheduler\cjs\scheduler.development.js:266:34)
        at flushWork (F:\myproject\frontend\node_modules\scheduler\cjs\scheduler.development.js:239:14)
        at performWorkUntilDeadline (F:\myproject\frontend\node_modules\scheduler\cjs\scheduler.development.js:533:21)
        at Timeout.task [as _onTimeout] (F:\myproject\frontend\node_modules\jsdom\lib\jsdom\browser\Window.js:516:19)
        at listOnTimeout (node:internal/timers:594:17)
        at processTimers (node:internal/timers:529:7) ReferenceError: IntersectionObserver is not defined
        at F:\myproject\frontend\src\hooks\useScrollAnimation.js:10:22
        at commitHookEffectListMount (F:\myproject\frontend\node_modules\react-dom\cjs\react-dom.development.js:23189:26)
        at commitPassiveMountOnFiber (F:\myproject\frontend\node_modules\react-dom\cjs\react-dom.development.js:24970:11)
        at commitPassiveMountEffects_complete (F:\myproject\frontend\node_modules\react-dom\cjs\react-dom.development.js:24930:9)
        at commitPassiveMountEffects_begin (F:\myproject\frontend\node_modules\react-dom\cjs\react-dom.development.js:24917:7)
        at commitPassiveMountEffects (F:\myproject\frontend\node_modules\react-dom\cjs\react-dom.development.js:24905:3)
        at flushPassiveEffectsImpl (F:\myproject\frontend\node_modules\react-dom\cjs\react-dom.development.js:27078:3)
        at flushPassiveEffects (F:\myproject\frontend\node_modules\react-dom\cjs\react-dom.development.js:27023:14)
        at F:\myproject\frontend\node_modules\react-dom\cjs\react-dom.development.js:26808:9
        at workLoop (F:\myproject\frontend\node_modules\scheduler\cjs\scheduler.development.js:266:34)
        at flushWork (F:\myproject\frontend\node_modules\scheduler\cjs\scheduler.development.js:239:14)
        at performWorkUntilDeadline (F:\myproject\frontend\node_modules\scheduler\cjs\scheduler.development.js:533:21)
        at Timeout.task [as _onTimeout] (F:\myproject\frontend\node_modules\jsdom\lib\jsdom\browser\Window.js:516:19)
        at listOnTimeout (node:internal/timers:594:17)
        at processTimers (node:internal/timers:529:7)

      at VirtualConsole.<anonymous> (node_modules/jsdom/lib/jsdom/virtual-console.js:29:45)
      at reportException (node_modules/jsdom/lib/jsdom/living/helpers/runtime-script-errors.js:70:28)
      at innerInvokeEventListeners (node_modules/jsdom/lib/jsdom/living/events/EventTarget-impl.js:341:9)
      at invokeEventListeners (node_modules/jsdom/lib/jsdom/living/events/EventTarget-impl.js:274:3)
      at HTMLUnknownElementImpl._dispatch (node_modules/jsdom/lib/jsdom/living/events/EventTarget-impl.js:221:9)
      at HTMLUnknownElementImpl.dispatchEvent (node_modules/jsdom/lib/jsdom/living/events/EventTarget-impl.js:94:17)
      at HTMLUnknownElement.dispatchEvent (node_modules/jsdom/lib/jsdom/living/generated/EventTarget.js:231:34)
      at Object.invokeGuardedCallbackDev (node_modules/react-dom/cjs/react-dom.development.js:4213:16)
      at invokeGuardedCallback (node_modules/react-dom/cjs/react-dom.development.js:4277:31)
      at reportUncaughtErrorInDEV (node_modules/react-dom/cjs/react-dom.development.js:22877:5)
      at captureCommitPhaseError (node_modules/react-dom/cjs/react-dom.development.js:27165:5)
      at commitPassiveMountEffects_complete (node_modules/react-dom/cjs/react-dom.development.js:24932:9)
      at commitPassiveMountEffects_begin (node_modules/react-dom/cjs/react-dom.development.js:24917:7)
      at commitPassiveMountEffects (node_modules/react-dom/cjs/react-dom.development.js:24905:3)
      at flushPassiveEffectsImpl (node_modules/react-dom/cjs/react-dom.development.js:27078:3)
      at flushPassiveEffects (node_modules/react-dom/cjs/react-dom.development.js:27023:14)
      at node_modules/react-dom/cjs/react-dom.development.js:26808:9
      at workLoop (node_modules/scheduler/cjs/scheduler.development.js:266:34)
      at flushWork (node_modules/scheduler/cjs/scheduler.development.js:239:14)
      at performWorkUntilDeadline (node_modules/scheduler/cjs/scheduler.development.js:533:21)
      at Timeout.task [as _onTimeout] (node_modules/jsdom/lib/jsdom/browser/Window.js:516:19)

  console.error
    The above error occurred in the <ScrollReveal> component:
    
        at ScrollReveal (F:\myproject\frontend\src\hooks\useScrollAnimation.js:30:32)
        at div
        at div
        at BookingHistoryPage (F:\myproject\frontend\src\pages\traveler\BookingHistoryPage.js:12:43)
        at BookingProvider (F:\myproject\frontend\src\contexts\BookingContext.js:6:35)
        at AuthProvider (F:\myproject\frontend\src\contexts\AuthContext.js:6:32)
        at Router (F:\myproject\frontend\node_modules\react-router\lib\components.tsx:421:13)
        at MemoryRouter (F:\myproject\frontend\node_modules\react-router\lib\components.tsx:225:3)
    
    Consider adding an error boundary to your tree to customize error handling behavior.
    Visit https://reactjs.org/link/error-boundaries to learn more about error boundaries.

      at logCapturedError (node_modules/react-dom/cjs/react-dom.development.js:18704:23)
      at update.callback (node_modules/react-dom/cjs/react-dom.development.js:18737:5)
      at callCallback (node_modules/react-dom/cjs/react-dom.development.js:15036:12)
      at commitUpdateQueue (node_modules/react-dom/cjs/react-dom.development.js:15057:9)
      at commitLayoutEffectOnFiber (node_modules/react-dom/cjs/react-dom.development.js:23430:13)
      at commitLayoutMountEffects_complete (node_modules/react-dom/cjs/react-dom.development.js:24727:9)
      at commitLayoutEffects_begin (node_modules/react-dom/cjs/react-dom.development.js:24713:7)
      at commitLayoutEffects (node_modules/react-dom/cjs/react-dom.development.js:24651:3)
      at commitRootImpl (node_modules/react-dom/cjs/react-dom.development.js:26862:5)
      at commitRoot (node_modules/react-dom/cjs/react-dom.development.js:26721:5)
      at performSyncWorkOnRoot (node_modules/react-dom/cjs/react-dom.development.js:26156:3)
      at flushSyncCallbacks (node_modules/react-dom/cjs/react-dom.development.js:12042:22)
      at flushPassiveEffectsImpl (node_modules/react-dom/cjs/react-dom.development.js:27099:3)
      at flushPassiveEffects (node_modules/react-dom/cjs/react-dom.development.js:27023:14)
      at node_modules/react-dom/cjs/react-dom.development.js:26808:9
      at workLoop (node_modules/scheduler/cjs/scheduler.development.js:266:34)
      at flushWork (node_modules/scheduler/cjs/scheduler.development.js:239:14)
      at performWorkUntilDeadline (node_modules/scheduler/cjs/scheduler.development.js:533:21)
      at Timeout.task [as _onTimeout] (node_modules/jsdom/lib/jsdom/browser/Window.js:516:19)

  console.error
    The above error occurred in the <ScrollReveal> component:
    
        at ScrollReveal (F:\myproject\frontend\src\hooks\useScrollAnimation.js:30:32)
        at div
        at div
        at div
        at BookingHistoryPage (F:\myproject\frontend\src\pages\traveler\BookingHistoryPage.js:12:43)
        at BookingProvider (F:\myproject\frontend\src\contexts\BookingContext.js:6:35)
        at AuthProvider (F:\myproject\frontend\src\contexts\AuthContext.js:6:32)
        at Router (F:\myproject\frontend\node_modules\react-router\lib\components.tsx:421:13)
        at MemoryRouter (F:\myproject\frontend\node_modules\react-router\lib\components.tsx:225:3)
    
    Consider adding an error boundary to your tree to customize error handling behavior.
    Visit https://reactjs.org/link/error-boundaries to learn more about error boundaries.

      at logCapturedError (node_modules/react-dom/cjs/react-dom.development.js:18704:23)
      at update.callback (node_modules/react-dom/cjs/react-dom.development.js:18737:5)
      at callCallback (node_modules/react-dom/cjs/react-dom.development.js:15036:12)
      at commitUpdateQueue (node_modules/react-dom/cjs/react-dom.development.js:15057:9)
      at commitLayoutEffectOnFiber (node_modules/react-dom/cjs/react-dom.development.js:23430:13)
      at commitLayoutMountEffects_complete (node_modules/react-dom/cjs/react-dom.development.js:24727:9)
      at commitLayoutEffects_begin (node_modules/react-dom/cjs/react-dom.development.js:24713:7)
      at commitLayoutEffects (node_modules/react-dom/cjs/react-dom.development.js:24651:3)
      at commitRootImpl (node_modules/react-dom/cjs/react-dom.development.js:26862:5)
      at commitRoot (node_modules/react-dom/cjs/react-dom.development.js:26721:5)
      at performSyncWorkOnRoot (node_modules/react-dom/cjs/react-dom.development.js:26156:3)
      at flushSyncCallbacks (node_modules/react-dom/cjs/react-dom.development.js:12042:22)
      at flushPassiveEffectsImpl (node_modules/react-dom/cjs/react-dom.development.js:27099:3)
      at flushPassiveEffects (node_modules/react-dom/cjs/react-dom.development.js:27023:14)
      at node_modules/react-dom/cjs/react-dom.development.js:26808:9
      at workLoop (node_modules/scheduler/cjs/scheduler.development.js:266:34)
      at flushWork (node_modules/scheduler/cjs/scheduler.development.js:239:14)
      at performWorkUntilDeadline (node_modules/scheduler/cjs/scheduler.development.js:533:21)
      at Timeout.task [as _onTimeout] (node_modules/jsdom/lib/jsdom/browser/Window.js:516:19)

  console.error
    Error: Uncaught [ReferenceError: IntersectionObserver is not defined]
        at reportException (F:\myproject\frontend\node_modules\jsdom\lib\jsdom\living\helpers\runtime-script-errors.js:66:24)
        at Timeout.task [as _onTimeout] (F:\myproject\frontend\node_modules\jsdom\lib\jsdom\browser\Window.js:521:9)
        at listOnTimeout (node:internal/timers:594:17)
        at processTimers (node:internal/timers:529:7) ReferenceError: IntersectionObserver is not defined
        at F:\myproject\frontend\src\hooks\useScrollAnimation.js:10:22
        at commitHookEffectListMount (F:\myproject\frontend\node_modules\react-dom\cjs\react-dom.development.js:23189:26)
        at commitPassiveMountOnFiber (F:\myproject\frontend\node_modules\react-dom\cjs\react-dom.development.js:24970:11)
        at commitPassiveMountEffects_complete (F:\myproject\frontend\node_modules\react-dom\cjs\react-dom.development.js:24930:9)
        at commitPassiveMountEffects_begin (F:\myproject\frontend\node_modules\react-dom\cjs\react-dom.development.js:24917:7)
        at commitPassiveMountEffects (F:\myproject\frontend\node_modules\react-dom\cjs\react-dom.development.js:24905:3)
        at flushPassiveEffectsImpl (F:\myproject\frontend\node_modules\react-dom\cjs\react-dom.development.js:27078:3)
        at flushPassiveEffects (F:\myproject\frontend\node_modules\react-dom\cjs\react-dom.development.js:27023:14)
        at F:\myproject\frontend\node_modules\react-dom\cjs\react-dom.development.js:26808:9
        at workLoop (F:\myproject\frontend\node_modules\scheduler\cjs\scheduler.development.js:266:34)
        at flushWork (F:\myproject\frontend\node_modules\scheduler\cjs\scheduler.development.js:239:14)
        at performWorkUntilDeadline (F:\myproject\frontend\node_modules\scheduler\cjs\scheduler.development.js:533:21)
        at Timeout.task [as _onTimeout] (F:\myproject\frontend\node_modules\jsdom\lib\jsdom\browser\Window.js:516:19)
        at listOnTimeout (node:internal/timers:594:17)
        at processTimers (node:internal/timers:529:7)

      at VirtualConsole.<anonymous> (node_modules/jsdom/lib/jsdom/virtual-console.js:29:45)
      at reportException (node_modules/jsdom/lib/jsdom/living/helpers/runtime-script-errors.js:70:28)
      at Timeout.task [as _onTimeout] (node_modules/jsdom/lib/jsdom/browser/Window.js:521:9)

FAIL src/__tests__/BookingHistoryPage.test.js (12.885 s)
  BookingHistoryPage ΓÇö REQ-048, REQ-049, REQ-050
    ΓêÜ TEST-171: displays loading skeleton on mount (404 ms)
    ├ù TEST-172: renders bookings using bookingService (283 ms)
    ├ù TEST-173: renders error state when bookingService fails (2189 ms)
    ├ù TEST-174: shows empty state when no bookings (192 ms)
    ΓêÜ TEST-175: uses BookingContext provider for state (10 ms)
    ├ù TEST-176: pagination appears for multi-page results (75 ms)

  ΓùÅ BookingHistoryPage ΓÇö REQ-048, REQ-049, REQ-050 ΓÇ║ TEST-172: renders bookings using bookingService

    ReferenceError: IntersectionObserver is not defined

    [0m [90m  8 |[39m     [36mif[39m ([33m![39mel) [36mreturn[39m[33m;[39m
     [90m  9 |[39m
    [31m[1m>[22m[39m[90m 10 |[39m     [36mconst[39m observer [33m=[39m [36mnew[39m 
[33mIntersectionObserver[39m(
     [90m    |[39m                      [31m[1m^[22m[39m
     [90m 11 |[39m       ([entry]) [33m=>[39m {
     [90m 12 |[39m         [36mif[39m (entry[33m.[39misIntersecting) {
     [90m 13 |[39m           el[33m.[39mclassList[33m.[39madd([32m'revealed'[39m)[33m;[39m[0m

      at src/hooks/useScrollAnimation.js:10:22
      at commitHookEffectListMount (node_modules/react-dom/cjs/react-dom.development.js:23189:26)
      at commitPassiveMountOnFiber (node_modules/react-dom/cjs/react-dom.development.js:24970:11)
      at commitPassiveMountEffects_complete (node_modules/react-dom/cjs/react-dom.development.js:24930:9)
      at commitPassiveMountEffects_begin (node_modules/react-dom/cjs/react-dom.development.js:24917:7)
      at commitPassiveMountEffects (node_modules/react-dom/cjs/react-dom.development.js:24905:3)
      at flushPassiveEffectsImpl (node_modules/react-dom/cjs/react-dom.development.js:27078:3)
      at flushPassiveEffects (node_modules/react-dom/cjs/react-dom.development.js:27023:14)
      at node_modules/react-dom/cjs/react-dom.development.js:26808:9
      at workLoop (node_modules/scheduler/cjs/scheduler.development.js:266:34)
      at flushWork (node_modules/scheduler/cjs/scheduler.development.js:239:14)
      at performWorkUntilDeadline (node_modules/scheduler/cjs/scheduler.development.js:533:21)
      at Timeout.task [as _onTimeout] (node_modules/jsdom/lib/jsdom/browser/Window.js:516:19)

  ΓùÅ BookingHistoryPage ΓÇö REQ-048, REQ-049, REQ-050 ΓÇ║ TEST-173: renders error state when bookingService fails

    ReferenceError: IntersectionObserver is not defined

    [0m [90m  8 |[39m     [36mif[39m ([33m![39mel) [36mreturn[39m[33m;[39m
     [90m  9 |[39m
    [31m[1m>[22m[39m[90m 10 |[39m     [36mconst[39m observer [33m=[39m [36mnew[39m 
[33mIntersectionObserver[39m(
     [90m    |[39m                      [31m[1m^[22m[39m
     [90m 11 |[39m       ([entry]) [33m=>[39m {
     [90m 12 |[39m         [36mif[39m (entry[33m.[39misIntersecting) {
     [90m 13 |[39m           el[33m.[39mclassList[33m.[39madd([32m'revealed'[39m)[33m;[39m[0m

      at src/hooks/useScrollAnimation.js:10:22
      at commitHookEffectListMount (node_modules/react-dom/cjs/react-dom.development.js:23189:26)
      at commitPassiveMountOnFiber (node_modules/react-dom/cjs/react-dom.development.js:24970:11)
      at commitPassiveMountEffects_complete (node_modules/react-dom/cjs/react-dom.development.js:24930:9)
      at commitPassiveMountEffects_begin (node_modules/react-dom/cjs/react-dom.development.js:24917:7)
      at commitPassiveMountEffects (node_modules/react-dom/cjs/react-dom.development.js:24905:3)
      at flushPassiveEffectsImpl (node_modules/react-dom/cjs/react-dom.development.js:27078:3)
      at flushPassiveEffects (node_modules/react-dom/cjs/react-dom.development.js:27023:14)
      at node_modules/react-dom/cjs/react-dom.development.js:26808:9
      at workLoop (node_modules/scheduler/cjs/scheduler.development.js:266:34)
      at flushWork (node_modules/scheduler/cjs/scheduler.development.js:239:14)
      at performWorkUntilDeadline (node_modules/scheduler/cjs/scheduler.development.js:533:21)
      at Timeout.task [as _onTimeout] (node_modules/jsdom/lib/jsdom/browser/Window.js:516:19)

  ΓùÅ BookingHistoryPage ΓÇö REQ-048, REQ-049, REQ-050 ΓÇ║ TEST-173: renders error state when bookingService fails

    Unable to find an element with the text: /Failed to load/i. This could be because the text is broken up by 
multiple elements. In this case, you can provide a function for your text matcher to make your matcher more flexible.

    Ignored nodes: comments, script, style
    [36m<body>[39m
      [36m<div />[39m
    [36m</body>[39m

    [0m [90m 62 |[39m     bookingService[33m.[39mgetBookings[33m.[39mmockRejectedValue([36mnew[39m 
[33mError[39m([32m'Failed to load'[39m))[33m;[39m
     [90m 63 |[39m     renderWithProviders()[33m;[39m
    [31m[1m>[22m[39m[90m 64 |[39m     [36mawait[39m waitFor(() [33m=>[39m {
     [90m    |[39m                  [31m[1m^[22m[39m
     [90m 65 |[39m       expect(screen[33m.[39mgetByText([35m/Failed to 
load/i[39m))[33m.[39mtoBeInTheDocument()[33m;[39m
     [90m 66 |[39m     })[33m;[39m
     [90m 67 |[39m   })[33m;[39m[0m

      at waitForWrapper (node_modules/@testing-library/dom/dist/wait-for.js:163:27)
      at Object.<anonymous> (src/__tests__/BookingHistoryPage.test.js:64:18)

  ΓùÅ BookingHistoryPage ΓÇö REQ-048, REQ-049, REQ-050 ΓÇ║ TEST-174: shows empty state when no bookings

    ReferenceError: IntersectionObserver is not defined

    [0m [90m  8 |[39m     [36mif[39m ([33m![39mel) [36mreturn[39m[33m;[39m
     [90m  9 |[39m
    [31m[1m>[22m[39m[90m 10 |[39m     [36mconst[39m observer [33m=[39m [36mnew[39m 
[33mIntersectionObserver[39m(
     [90m    |[39m                      [31m[1m^[22m[39m
     [90m 11 |[39m       ([entry]) [33m=>[39m {
     [90m 12 |[39m         [36mif[39m (entry[33m.[39misIntersecting) {
     [90m 13 |[39m           el[33m.[39mclassList[33m.[39madd([32m'revealed'[39m)[33m;[39m[0m

      at src/hooks/useScrollAnimation.js:10:22
      at commitHookEffectListMount (node_modules/react-dom/cjs/react-dom.development.js:23189:26)
      at commitPassiveMountOnFiber (node_modules/react-dom/cjs/react-dom.development.js:24970:11)
      at commitPassiveMountEffects_complete (node_modules/react-dom/cjs/react-dom.development.js:24930:9)
      at commitPassiveMountEffects_begin (node_modules/react-dom/cjs/react-dom.development.js:24917:7)
      at commitPassiveMountEffects (node_modules/react-dom/cjs/react-dom.development.js:24905:3)
      at flushPassiveEffectsImpl (node_modules/react-dom/cjs/react-dom.development.js:27078:3)
      at flushPassiveEffects (node_modules/react-dom/cjs/react-dom.development.js:27023:14)
      at node_modules/react-dom/cjs/react-dom.development.js:26808:9
      at workLoop (node_modules/scheduler/cjs/scheduler.development.js:266:34)
      at flushWork (node_modules/scheduler/cjs/scheduler.development.js:239:14)
      at performWorkUntilDeadline (node_modules/scheduler/cjs/scheduler.development.js:533:21)
      at Timeout.task [as _onTimeout] (node_modules/jsdom/lib/jsdom/browser/Window.js:516:19)

  ΓùÅ BookingHistoryPage ΓÇö REQ-048, REQ-049, REQ-050 ΓÇ║ TEST-176: pagination appears for multi-page results

    ReferenceError: IntersectionObserver is not defined

    [0m [90m  8 |[39m     [36mif[39m ([33m![39mel) [36mreturn[39m[33m;[39m
     [90m  9 |[39m
    [31m[1m>[22m[39m[90m 10 |[39m     [36mconst[39m observer [33m=[39m [36mnew[39m 
[33mIntersectionObserver[39m(
     [90m    |[39m                      [31m[1m^[22m[39m
     [90m 11 |[39m       ([entry]) [33m=>[39m {
     [90m 12 |[39m         [36mif[39m (entry[33m.[39misIntersecting) {
     [90m 13 |[39m           el[33m.[39mclassList[33m.[39madd([32m'revealed'[39m)[33m;[39m[0m

      at src/hooks/useScrollAnimation.js:10:22
      at commitHookEffectListMount (node_modules/react-dom/cjs/react-dom.development.js:23189:26)
      at commitPassiveMountOnFiber (node_modules/react-dom/cjs/react-dom.development.js:24970:11)
      at commitPassiveMountEffects_complete (node_modules/react-dom/cjs/react-dom.development.js:24930:9)
      at commitPassiveMountEffects_begin (node_modules/react-dom/cjs/react-dom.development.js:24917:7)
      at commitPassiveMountEffects (node_modules/react-dom/cjs/react-dom.development.js:24905:3)
      at flushPassiveEffectsImpl (node_modules/react-dom/cjs/react-dom.development.js:27078:3)
      at flushPassiveEffects (node_modules/react-dom/cjs/react-dom.development.js:27023:14)
      at node_modules/react-dom/cjs/react-dom.development.js:26808:9
      at workLoop (node_modules/scheduler/cjs/scheduler.development.js:266:34)
      at flushWork (node_modules/scheduler/cjs/scheduler.development.js:239:14)
      at performWorkUntilDeadline (node_modules/scheduler/cjs/scheduler.development.js:533:21)
      at Timeout.task [as _onTimeout] (node_modules/jsdom/lib/jsdom/browser/Window.js:516:19)

  console.error
    Error: Uncaught [ReferenceError: IntersectionObserver is not defined]
        at reportException (F:\myproject\frontend\node_modules\jsdom\lib\jsdom\living\helpers\runtime-script-errors.js:66:24)
        at innerInvokeEventListeners (F:\myproject\frontend\node_modules\jsdom\lib\jsdom\living\events\EventTarget-impl.js:341:9)
        at invokeEventListeners (F:\myproject\frontend\node_modules\jsdom\lib\jsdom\living\events\EventTarget-impl.js:274:3)
        at HTMLUnknownElementImpl._dispatch (F:\myproject\frontend\node_modules\jsdom\lib\jsdom\living\events\EventTarget-impl.js:221:9)
        at HTMLUnknownElementImpl.dispatchEvent (F:\myproject\frontend\node_modules\jsdom\lib\jsdom\living\events\EventTarget-impl.js:94:17)
        at HTMLUnknownElement.dispatchEvent (F:\myproject\frontend\node_modules\jsdom\lib\jsdom\living\generated\EventTarget.js:231:34)
        at Object.invokeGuardedCallbackDev (F:\myproject\frontend\node_modules\react-dom\cjs\react-dom.development.js:4213:16)
        at invokeGuardedCallback (F:\myproject\frontend\node_modules\react-dom\cjs\react-dom.development.js:4277:31)
        at reportUncaughtErrorInDEV (F:\myproject\frontend\node_modules\react-dom\cjs\react-dom.development.js:22877:5)
        at captureCommitPhaseError (F:\myproject\frontend\node_modules\react-dom\cjs\react-dom.development.js:27165:5)
        at commitPassiveMountEffects_complete (F:\myproject\frontend\node_modules\react-dom\cjs\react-dom.development.js:24932:9)
        at commitPassiveMountEffects_begin (F:\myproject\frontend\node_modules\react-dom\cjs\react-dom.development.js:24917:7)
        at commitPassiveMountEffects (F:\myproject\frontend\node_modules\react-dom\cjs\react-dom.development.js:24905:3)
        at flushPassiveEffectsImpl (F:\myproject\frontend\node_modules\react-dom\cjs\react-dom.development.js:27078:3)
        at flushPassiveEffects (F:\myproject\frontend\node_modules\react-dom\cjs\react-dom.development.js:27023:14)
        at F:\myproject\frontend\node_modules\react-dom\cjs\react-dom.development.js:26808:9
        at workLoop (F:\myproject\frontend\node_modules\scheduler\cjs\scheduler.development.js:266:34)
        at flushWork (F:\myproject\frontend\node_modules\scheduler\cjs\scheduler.development.js:239:14)
        at performWorkUntilDeadline (F:\myproject\frontend\node_modules\scheduler\cjs\scheduler.development.js:533:21)
        at Timeout.task [as _onTimeout] (F:\myproject\frontend\node_modules\jsdom\lib\jsdom\browser\Window.js:516:19)
        at listOnTimeout (node:internal/timers:594:17)
        at processTimers (node:internal/timers:529:7) ReferenceError: IntersectionObserver is not defined
        at F:\myproject\frontend\src\hooks\useScrollAnimation.js:10:22
        at commitHookEffectListMount (F:\myproject\frontend\node_modules\react-dom\cjs\react-dom.development.js:23189:26)
        at commitPassiveMountOnFiber (F:\myproject\frontend\node_modules\react-dom\cjs\react-dom.development.js:24970:11)
        at commitPassiveMountEffects_complete (F:\myproject\frontend\node_modules\react-dom\cjs\react-dom.development.js:24930:9)
        at commitPassiveMountEffects_begin (F:\myproject\frontend\node_modules\react-dom\cjs\react-dom.development.js:24917:7)
        at commitPassiveMountEffects (F:\myproject\frontend\node_modules\react-dom\cjs\react-dom.development.js:24905:3)
        at flushPassiveEffectsImpl (F:\myproject\frontend\node_modules\react-dom\cjs\react-dom.development.js:27078:3)
        at flushPassiveEffects (F:\myproject\frontend\node_modules\react-dom\cjs\react-dom.development.js:27023:14)
        at F:\myproject\frontend\node_modules\react-dom\cjs\react-dom.development.js:26808:9
        at workLoop (F:\myproject\frontend\node_modules\scheduler\cjs\scheduler.development.js:266:34)
        at flushWork (F:\myproject\frontend\node_modules\scheduler\cjs\scheduler.development.js:239:14)
        at performWorkUntilDeadline (F:\myproject\frontend\node_modules\scheduler\cjs\scheduler.development.js:533:21)
        at Timeout.task [as _onTimeout] (F:\myproject\frontend\node_modules\jsdom\lib\jsdom\browser\Window.js:516:19)
        at listOnTimeout (node:internal/timers:594:17)
        at processTimers (node:internal/timers:529:7)

      at VirtualConsole.<anonymous> (node_modules/jsdom/lib/jsdom/virtual-console.js:29:45)
      at reportException (node_modules/jsdom/lib/jsdom/living/helpers/runtime-script-errors.js:70:28)
      at innerInvokeEventListeners (node_modules/jsdom/lib/jsdom/living/events/EventTarget-impl.js:341:9)
      at invokeEventListeners (node_modules/jsdom/lib/jsdom/living/events/EventTarget-impl.js:274:3)
      at HTMLUnknownElementImpl._dispatch (node_modules/jsdom/lib/jsdom/living/events/EventTarget-impl.js:221:9)
      at HTMLUnknownElementImpl.dispatchEvent (node_modules/jsdom/lib/jsdom/living/events/EventTarget-impl.js:94:17)
      at HTMLUnknownElement.dispatchEvent (node_modules/jsdom/lib/jsdom/living/generated/EventTarget.js:231:34)
      at Object.invokeGuardedCallbackDev (node_modules/react-dom/cjs/react-dom.development.js:4213:16)
      at invokeGuardedCallback (node_modules/react-dom/cjs/react-dom.development.js:4277:31)
      at reportUncaughtErrorInDEV (node_modules/react-dom/cjs/react-dom.development.js:22877:5)
      at captureCommitPhaseError (node_modules/react-dom/cjs/react-dom.development.js:27165:5)
      at commitPassiveMountEffects_complete (node_modules/react-dom/cjs/react-dom.development.js:24932:9)
      at commitPassiveMountEffects_begin (node_modules/react-dom/cjs/react-dom.development.js:24917:7)
      at commitPassiveMountEffects (node_modules/react-dom/cjs/react-dom.development.js:24905:3)
      at flushPassiveEffectsImpl (node_modules/react-dom/cjs/react-dom.development.js:27078:3)
      at flushPassiveEffects (node_modules/react-dom/cjs/react-dom.development.js:27023:14)
      at node_modules/react-dom/cjs/react-dom.development.js:26808:9
      at workLoop (node_modules/scheduler/cjs/scheduler.development.js:266:34)
      at flushWork (node_modules/scheduler/cjs/scheduler.development.js:239:14)
      at performWorkUntilDeadline (node_modules/scheduler/cjs/scheduler.development.js:533:21)
      at Timeout.task [as _onTimeout] (node_modules/jsdom/lib/jsdom/browser/Window.js:516:19)

  console.error
    Error: Uncaught [ReferenceError: IntersectionObserver is not defined]
        at reportException (F:\myproject\frontend\node_modules\jsdom\lib\jsdom\living\helpers\runtime-script-errors.js:66:24)
        at innerInvokeEventListeners (F:\myproject\frontend\node_modules\jsdom\lib\jsdom\living\events\EventTarget-impl.js:341:9)
        at invokeEventListeners (F:\myproject\frontend\node_modules\jsdom\lib\jsdom\living\events\EventTarget-impl.js:274:3)
        at HTMLUnknownElementImpl._dispatch (F:\myproject\frontend\node_modules\jsdom\lib\jsdom\living\events\EventTarget-impl.js:221:9)
        at HTMLUnknownElementImpl.dispatchEvent (F:\myproject\frontend\node_modules\jsdom\lib\jsdom\living\events\EventTarget-impl.js:94:17)
        at HTMLUnknownElement.dispatchEvent (F:\myproject\frontend\node_modules\jsdom\lib\jsdom\living\generated\EventTarget.js:231:34)
        at Object.invokeGuardedCallbackDev (F:\myproject\frontend\node_modules\react-dom\cjs\react-dom.development.js:4213:16)
        at invokeGuardedCallback (F:\myproject\frontend\node_modules\react-dom\cjs\react-dom.development.js:4277:31)
        at reportUncaughtErrorInDEV (F:\myproject\frontend\node_modules\react-dom\cjs\react-dom.development.js:22877:5)
        at captureCommitPhaseError (F:\myproject\frontend\node_modules\react-dom\cjs\react-dom.development.js:27165:5)
        at commitPassiveMountEffects_complete (F:\myproject\frontend\node_modules\react-dom\cjs\react-dom.development.js:24932:9)
        at commitPassiveMountEffects_begin (F:\myproject\frontend\node_modules\react-dom\cjs\react-dom.development.js:24917:7)
        at commitPassiveMountEffects (F:\myproject\frontend\node_modules\react-dom\cjs\react-dom.development.js:24905:3)
        at flushPassiveEffectsImpl (F:\myproject\frontend\node_modules\react-dom\cjs\react-dom.development.js:27078:3)
        at flushPassiveEffects (F:\myproject\frontend\node_modules\react-dom\cjs\react-dom.development.js:27023:14)
        at F:\myproject\frontend\node_modules\react-dom\cjs\react-dom.development.js:26808:9
        at workLoop (F:\myproject\frontend\node_modules\scheduler\cjs\scheduler.development.js:266:34)
        at flushWork (F:\myproject\frontend\node_modules\scheduler\cjs\scheduler.development.js:239:14)
        at performWorkUntilDeadline (F:\myproject\frontend\node_modules\scheduler\cjs\scheduler.development.js:533:21)
        at Timeout.task [as _onTimeout] (F:\myproject\frontend\node_modules\jsdom\lib\jsdom\browser\Window.js:516:19)
        at listOnTimeout (node:internal/timers:594:17)
        at processTimers (node:internal/timers:529:7) ReferenceError: IntersectionObserver is not defined
        at F:\myproject\frontend\src\hooks\useScrollAnimation.js:10:22
        at commitHookEffectListMount (F:\myproject\frontend\node_modules\react-dom\cjs\react-dom.development.js:23189:26)
        at commitPassiveMountOnFiber (F:\myproject\frontend\node_modules\react-dom\cjs\react-dom.development.js:24970:11)
        at commitPassiveMountEffects_complete (F:\myproject\frontend\node_modules\react-dom\cjs\react-dom.development.js:24930:9)
        at commitPassiveMountEffects_begin (F:\myproject\frontend\node_modules\react-dom\cjs\react-dom.development.js:24917:7)
        at commitPassiveMountEffects (F:\myproject\frontend\node_modules\react-dom\cjs\react-dom.development.js:24905:3)
        at flushPassiveEffectsImpl (F:\myproject\frontend\node_modules\react-dom\cjs\react-dom.development.js:27078:3)
        at flushPassiveEffects (F:\myproject\frontend\node_modules\react-dom\cjs\react-dom.development.js:27023:14)
        at F:\myproject\frontend\node_modules\react-dom\cjs\react-dom.development.js:26808:9
        at workLoop (F:\myproject\frontend\node_modules\scheduler\cjs\scheduler.development.js:266:34)
        at flushWork (F:\myproject\frontend\node_modules\scheduler\cjs\scheduler.development.js:239:14)
        at performWorkUntilDeadline (F:\myproject\frontend\node_modules\scheduler\cjs\scheduler.development.js:533:21)
        at Timeout.task [as _onTimeout] (F:\myproject\frontend\node_modules\jsdom\lib\jsdom\browser\Window.js:516:19)
        at listOnTimeout (node:internal/timers:594:17)
        at processTimers (node:internal/timers:529:7)

      at VirtualConsole.<anonymous> (node_modules/jsdom/lib/jsdom/virtual-console.js:29:45)
      at reportException (node_modules/jsdom/lib/jsdom/living/helpers/runtime-script-errors.js:70:28)
      at innerInvokeEventListeners (node_modules/jsdom/lib/jsdom/living/events/EventTarget-impl.js:341:9)
      at invokeEventListeners (node_modules/jsdom/lib/jsdom/living/events/EventTarget-impl.js:274:3)
      at HTMLUnknownElementImpl._dispatch (node_modules/jsdom/lib/jsdom/living/events/EventTarget-impl.js:221:9)
      at HTMLUnknownElementImpl.dispatchEvent (node_modules/jsdom/lib/jsdom/living/events/EventTarget-impl.js:94:17)
      at HTMLUnknownElement.dispatchEvent (node_modules/jsdom/lib/jsdom/living/generated/EventTarget.js:231:34)
      at Object.invokeGuardedCallbackDev (node_modules/react-dom/cjs/react-dom.development.js:4213:16)
      at invokeGuardedCallback (node_modules/react-dom/cjs/react-dom.development.js:4277:31)
      at reportUncaughtErrorInDEV (node_modules/react-dom/cjs/react-dom.development.js:22877:5)
      at captureCommitPhaseError (node_modules/react-dom/cjs/react-dom.development.js:27165:5)
      at commitPassiveMountEffects_complete (node_modules/react-dom/cjs/react-dom.development.js:24932:9)
      at commitPassiveMountEffects_begin (node_modules/react-dom/cjs/react-dom.development.js:24917:7)
      at commitPassiveMountEffects (node_modules/react-dom/cjs/react-dom.development.js:24905:3)
      at flushPassiveEffectsImpl (node_modules/react-dom/cjs/react-dom.development.js:27078:3)
      at flushPassiveEffects (node_modules/react-dom/cjs/react-dom.development.js:27023:14)
      at node_modules/react-dom/cjs/react-dom.development.js:26808:9
      at workLoop (node_modules/scheduler/cjs/scheduler.development.js:266:34)
      at flushWork (node_modules/scheduler/cjs/scheduler.development.js:239:14)
      at performWorkUntilDeadline (node_modules/scheduler/cjs/scheduler.development.js:533:21)
      at Timeout.task [as _onTimeout] (node_modules/jsdom/lib/jsdom/browser/Window.js:516:19)

  console.error
    The above error occurred in the <ScrollReveal> component:
    
        at ScrollReveal (F:\myproject\frontend\src\hooks\useScrollAnimation.js:30:32)
        at div
        at div
        at UserManagementPage (F:\myproject\frontend\src\pages\admin\UserManagementPage.js:9:37)
        at AuthProvider (F:\myproject\frontend\src\contexts\AuthContext.js:6:32)
    
    Consider adding an error boundary to your tree to customize error handling behavior.
    Visit https://reactjs.org/link/error-boundaries to learn more about error boundaries.

      at logCapturedError (node_modules/react-dom/cjs/react-dom.development.js:18704:23)
      at update.callback (node_modules/react-dom/cjs/react-dom.development.js:18737:5)
      at callCallback (node_modules/react-dom/cjs/react-dom.development.js:15036:12)
      at commitUpdateQueue (node_modules/react-dom/cjs/react-dom.development.js:15057:9)
      at commitLayoutEffectOnFiber (node_modules/react-dom/cjs/react-dom.development.js:23430:13)
      at commitLayoutMountEffects_complete (node_modules/react-dom/cjs/react-dom.development.js:24727:9)
      at commitLayoutEffects_begin (node_modules/react-dom/cjs/react-dom.development.js:24713:7)
      at commitLayoutEffects (node_modules/react-dom/cjs/react-dom.development.js:24651:3)
      at commitRootImpl (node_modules/react-dom/cjs/react-dom.development.js:26862:5)
      at commitRoot (node_modules/react-dom/cjs/react-dom.development.js:26721:5)
      at performSyncWorkOnRoot (node_modules/react-dom/cjs/react-dom.development.js:26156:3)
      at flushSyncCallbacks (node_modules/react-dom/cjs/react-dom.development.js:12042:22)
      at flushPassiveEffectsImpl (node_modules/react-dom/cjs/react-dom.development.js:27099:3)
      at flushPassiveEffects (node_modules/react-dom/cjs/react-dom.development.js:27023:14)
      at node_modules/react-dom/cjs/react-dom.development.js:26808:9
      at workLoop (node_modules/scheduler/cjs/scheduler.development.js:266:34)
      at flushWork (node_modules/scheduler/cjs/scheduler.development.js:239:14)
      at performWorkUntilDeadline (node_modules/scheduler/cjs/scheduler.development.js:533:21)
      at Timeout.task [as _onTimeout] (node_modules/jsdom/lib/jsdom/browser/Window.js:516:19)

  console.error
    The above error occurred in the <ScrollReveal> component:
    
        at ScrollReveal (F:\myproject\frontend\src\hooks\useScrollAnimation.js:30:32)
        at div
        at div
        at UserManagementPage (F:\myproject\frontend\src\pages\admin\UserManagementPage.js:9:37)
        at AuthProvider (F:\myproject\frontend\src\contexts\AuthContext.js:6:32)
    
    Consider adding an error boundary to your tree to customize error handling behavior.
    Visit https://reactjs.org/link/error-boundaries to learn more about error boundaries.

      at logCapturedError (node_modules/react-dom/cjs/react-dom.development.js:18704:23)
      at update.callback (node_modules/react-dom/cjs/react-dom.development.js:18737:5)
      at callCallback (node_modules/react-dom/cjs/react-dom.development.js:15036:12)
      at commitUpdateQueue (node_modules/react-dom/cjs/react-dom.development.js:15057:9)
      at commitLayoutEffectOnFiber (node_modules/react-dom/cjs/react-dom.development.js:23430:13)
      at commitLayoutMountEffects_complete (node_modules/react-dom/cjs/react-dom.development.js:24727:9)
      at commitLayoutEffects_begin (node_modules/react-dom/cjs/react-dom.development.js:24713:7)
      at commitLayoutEffects (node_modules/react-dom/cjs/react-dom.development.js:24651:3)
      at commitRootImpl (node_modules/react-dom/cjs/react-dom.development.js:26862:5)
      at commitRoot (node_modules/react-dom/cjs/react-dom.development.js:26721:5)
      at performSyncWorkOnRoot (node_modules/react-dom/cjs/react-dom.development.js:26156:3)
      at flushSyncCallbacks (node_modules/react-dom/cjs/react-dom.development.js:12042:22)
      at flushPassiveEffectsImpl (node_modules/react-dom/cjs/react-dom.development.js:27099:3)
      at flushPassiveEffects (node_modules/react-dom/cjs/react-dom.development.js:27023:14)
      at node_modules/react-dom/cjs/react-dom.development.js:26808:9
      at workLoop (node_modules/scheduler/cjs/scheduler.development.js:266:34)
      at flushWork (node_modules/scheduler/cjs/scheduler.development.js:239:14)
      at performWorkUntilDeadline (node_modules/scheduler/cjs/scheduler.development.js:533:21)
      at Timeout.task [as _onTimeout] (node_modules/jsdom/lib/jsdom/browser/Window.js:516:19)

  console.error
    Error: Uncaught [ReferenceError: IntersectionObserver is not defined]
        at reportException (F:\myproject\frontend\node_modules\jsdom\lib\jsdom\living\helpers\runtime-script-errors.js:66:24)
        at Timeout.task [as _onTimeout] (F:\myproject\frontend\node_modules\jsdom\lib\jsdom\browser\Window.js:521:9)
        at listOnTimeout (node:internal/timers:594:17)
        at processTimers (node:internal/timers:529:7) ReferenceError: IntersectionObserver is not defined
        at F:\myproject\frontend\src\hooks\useScrollAnimation.js:10:22
        at commitHookEffectListMount (F:\myproject\frontend\node_modules\react-dom\cjs\react-dom.development.js:23189:26)
        at commitPassiveMountOnFiber (F:\myproject\frontend\node_modules\react-dom\cjs\react-dom.development.js:24970:11)
        at commitPassiveMountEffects_complete (F:\myproject\frontend\node_modules\react-dom\cjs\react-dom.development.js:24930:9)
        at commitPassiveMountEffects_begin (F:\myproject\frontend\node_modules\react-dom\cjs\react-dom.development.js:24917:7)
        at commitPassiveMountEffects (F:\myproject\frontend\node_modules\react-dom\cjs\react-dom.development.js:24905:3)
        at flushPassiveEffectsImpl (F:\myproject\frontend\node_modules\react-dom\cjs\react-dom.development.js:27078:3)
        at flushPassiveEffects (F:\myproject\frontend\node_modules\react-dom\cjs\react-dom.development.js:27023:14)
        at F:\myproject\frontend\node_modules\react-dom\cjs\react-dom.development.js:26808:9
        at workLoop (F:\myproject\frontend\node_modules\scheduler\cjs\scheduler.development.js:266:34)
        at flushWork (F:\myproject\frontend\node_modules\scheduler\cjs\scheduler.development.js:239:14)
        at performWorkUntilDeadline (F:\myproject\frontend\node_modules\scheduler\cjs\scheduler.development.js:533:21)
        at Timeout.task [as _onTimeout] (F:\myproject\frontend\node_modules\jsdom\lib\jsdom\browser\Window.js:516:19)
        at listOnTimeout (node:internal/timers:594:17)
        at processTimers (node:internal/timers:529:7)

      at VirtualConsole.<anonymous> (node_modules/jsdom/lib/jsdom/virtual-console.js:29:45)
      at reportException (node_modules/jsdom/lib/jsdom/living/helpers/runtime-script-errors.js:70:28)
      at Timeout.task [as _onTimeout] (node_modules/jsdom/lib/jsdom/browser/Window.js:521:9)

  console.error
    Error: Uncaught [ReferenceError: IntersectionObserver is not defined]
        at reportException (F:\myproject\frontend\node_modules\jsdom\lib\jsdom\living\helpers\runtime-script-errors.js:66:24)
        at innerInvokeEventListeners (F:\myproject\frontend\node_modules\jsdom\lib\jsdom\living\events\EventTarget-impl.js:341:9)
        at invokeEventListeners (F:\myproject\frontend\node_modules\jsdom\lib\jsdom\living\events\EventTarget-impl.js:274:3)
        at HTMLUnknownElementImpl._dispatch (F:\myproject\frontend\node_modules\jsdom\lib\jsdom\living\events\EventTarget-impl.js:221:9)
        at HTMLUnknownElementImpl.dispatchEvent (F:\myproject\frontend\node_modules\jsdom\lib\jsdom\living\events\EventTarget-impl.js:94:17)
        at HTMLUnknownElement.dispatchEvent (F:\myproject\frontend\node_modules\jsdom\lib\jsdom\living\generated\EventTarget.js:231:34)
        at Object.invokeGuardedCallbackDev (F:\myproject\frontend\node_modules\react-dom\cjs\react-dom.development.js:4213:16)
        at invokeGuardedCallback (F:\myproject\frontend\node_modules\react-dom\cjs\react-dom.development.js:4277:31)
        at reportUncaughtErrorInDEV (F:\myproject\frontend\node_modules\react-dom\cjs\react-dom.development.js:22877:5)
        at captureCommitPhaseError (F:\myproject\frontend\node_modules\react-dom\cjs\react-dom.development.js:27165:5)
        at commitPassiveMountEffects_complete (F:\myproject\frontend\node_modules\react-dom\cjs\react-dom.development.js:24932:9)
        at commitPassiveMountEffects_begin (F:\myproject\frontend\node_modules\react-dom\cjs\react-dom.development.js:24917:7)
        at commitPassiveMountEffects (F:\myproject\frontend\node_modules\react-dom\cjs\react-dom.development.js:24905:3)
        at flushPassiveEffectsImpl (F:\myproject\frontend\node_modules\react-dom\cjs\react-dom.development.js:27078:3)
        at flushPassiveEffects (F:\myproject\frontend\node_modules\react-dom\cjs\react-dom.development.js:27023:14)
        at F:\myproject\frontend\node_modules\react-dom\cjs\react-dom.development.js:26808:9
        at workLoop (F:\myproject\frontend\node_modules\scheduler\cjs\scheduler.development.js:266:34)
        at flushWork (F:\myproject\frontend\node_modules\scheduler\cjs\scheduler.development.js:239:14)
        at performWorkUntilDeadline (F:\myproject\frontend\node_modules\scheduler\cjs\scheduler.development.js:533:21)
        at Timeout.task [as _onTimeout] (F:\myproject\frontend\node_modules\jsdom\lib\jsdom\browser\Window.js:516:19)
        at listOnTimeout (node:internal/timers:594:17)
        at processTimers (node:internal/timers:529:7) ReferenceError: IntersectionObserver is not defined
        at F:\myproject\frontend\src\hooks\useScrollAnimation.js:10:22
        at commitHookEffectListMount (F:\myproject\frontend\node_modules\react-dom\cjs\react-dom.development.js:23189:26)
        at commitPassiveMountOnFiber (F:\myproject\frontend\node_modules\react-dom\cjs\react-dom.development.js:24970:11)
        at commitPassiveMountEffects_complete (F:\myproject\frontend\node_modules\react-dom\cjs\react-dom.development.js:24930:9)
        at commitPassiveMountEffects_begin (F:\myproject\frontend\node_modules\react-dom\cjs\react-dom.development.js:24917:7)
        at commitPassiveMountEffects (F:\myproject\frontend\node_modules\react-dom\cjs\react-dom.development.js:24905:3)
        at flushPassiveEffectsImpl (F:\myproject\frontend\node_modules\react-dom\cjs\react-dom.development.js:27078:3)
        at flushPassiveEffects (F:\myproject\frontend\node_modules\react-dom\cjs\react-dom.development.js:27023:14)
        at F:\myproject\frontend\node_modules\react-dom\cjs\react-dom.development.js:26808:9
        at workLoop (F:\myproject\frontend\node_modules\scheduler\cjs\scheduler.development.js:266:34)
        at flushWork (F:\myproject\frontend\node_modules\scheduler\cjs\scheduler.development.js:239:14)
        at performWorkUntilDeadline (F:\myproject\frontend\node_modules\scheduler\cjs\scheduler.development.js:533:21)
        at Timeout.task [as _onTimeout] (F:\myproject\frontend\node_modules\jsdom\lib\jsdom\browser\Window.js:516:19)
        at listOnTimeout (node:internal/timers:594:17)
        at processTimers (node:internal/timers:529:7)

      at VirtualConsole.<anonymous> (node_modules/jsdom/lib/jsdom/virtual-console.js:29:45)
      at reportException (node_modules/jsdom/lib/jsdom/living/helpers/runtime-script-errors.js:70:28)
      at innerInvokeEventListeners (node_modules/jsdom/lib/jsdom/living/events/EventTarget-impl.js:341:9)
      at invokeEventListeners (node_modules/jsdom/lib/jsdom/living/events/EventTarget-impl.js:274:3)
      at HTMLUnknownElementImpl._dispatch (node_modules/jsdom/lib/jsdom/living/events/EventTarget-impl.js:221:9)
      at HTMLUnknownElementImpl.dispatchEvent (node_modules/jsdom/lib/jsdom/living/events/EventTarget-impl.js:94:17)
      at HTMLUnknownElement.dispatchEvent (node_modules/jsdom/lib/jsdom/living/generated/EventTarget.js:231:34)
      at Object.invokeGuardedCallbackDev (node_modules/react-dom/cjs/react-dom.development.js:4213:16)
      at invokeGuardedCallback (node_modules/react-dom/cjs/react-dom.development.js:4277:31)
      at reportUncaughtErrorInDEV (node_modules/react-dom/cjs/react-dom.development.js:22877:5)
      at captureCommitPhaseError (node_modules/react-dom/cjs/react-dom.development.js:27165:5)
      at commitPassiveMountEffects_complete (node_modules/react-dom/cjs/react-dom.development.js:24932:9)
      at commitPassiveMountEffects_begin (node_modules/react-dom/cjs/react-dom.development.js:24917:7)
      at commitPassiveMountEffects (node_modules/react-dom/cjs/react-dom.development.js:24905:3)
      at flushPassiveEffectsImpl (node_modules/react-dom/cjs/react-dom.development.js:27078:3)
      at flushPassiveEffects (node_modules/react-dom/cjs/react-dom.development.js:27023:14)
      at node_modules/react-dom/cjs/react-dom.development.js:26808:9
      at workLoop (node_modules/scheduler/cjs/scheduler.development.js:266:34)
      at flushWork (node_modules/scheduler/cjs/scheduler.development.js:239:14)
      at performWorkUntilDeadline (node_modules/scheduler/cjs/scheduler.development.js:533:21)
      at Timeout.task [as _onTimeout] (node_modules/jsdom/lib/jsdom/browser/Window.js:516:19)

  console.error
    The above error occurred in the <ScrollReveal> component:
    
        at ScrollReveal (F:\myproject\frontend\src\hooks\useScrollAnimation.js:30:32)
        at div
        at div
        at UserManagementPage (F:\myproject\frontend\src\pages\admin\UserManagementPage.js:9:37)
        at AuthProvider (F:\myproject\frontend\src\contexts\AuthContext.js:6:32)
    
    Consider adding an error boundary to your tree to customize error handling behavior.
    Visit https://reactjs.org/link/error-boundaries to learn more about error boundaries.

      at logCapturedError (node_modules/react-dom/cjs/react-dom.development.js:18704:23)
      at update.callback (node_modules/react-dom/cjs/react-dom.development.js:18737:5)
      at callCallback (node_modules/react-dom/cjs/react-dom.development.js:15036:12)
      at commitUpdateQueue (node_modules/react-dom/cjs/react-dom.development.js:15057:9)
      at commitLayoutEffectOnFiber (node_modules/react-dom/cjs/react-dom.development.js:23430:13)
      at commitLayoutMountEffects_complete (node_modules/react-dom/cjs/react-dom.development.js:24727:9)
      at commitLayoutEffects_begin (node_modules/react-dom/cjs/react-dom.development.js:24713:7)
      at commitLayoutEffects (node_modules/react-dom/cjs/react-dom.development.js:24651:3)
      at commitRootImpl (node_modules/react-dom/cjs/react-dom.development.js:26862:5)
      at commitRoot (node_modules/react-dom/cjs/react-dom.development.js:26721:5)
      at performSyncWorkOnRoot (node_modules/react-dom/cjs/react-dom.development.js:26156:3)
      at flushSyncCallbacks (node_modules/react-dom/cjs/react-dom.development.js:12042:22)
      at flushPassiveEffectsImpl (node_modules/react-dom/cjs/react-dom.development.js:27099:3)
      at flushPassiveEffects (node_modules/react-dom/cjs/react-dom.development.js:27023:14)
      at node_modules/react-dom/cjs/react-dom.development.js:26808:9
      at workLoop (node_modules/scheduler/cjs/scheduler.development.js:266:34)
      at flushWork (node_modules/scheduler/cjs/scheduler.development.js:239:14)
      at performWorkUntilDeadline (node_modules/scheduler/cjs/scheduler.development.js:533:21)
      at Timeout.task [as _onTimeout] (node_modules/jsdom/lib/jsdom/browser/Window.js:516:19)

  console.error
    Error: Uncaught [ReferenceError: IntersectionObserver is not defined]
        at reportException (F:\myproject\frontend\node_modules\jsdom\lib\jsdom\living\helpers\runtime-script-errors.js:66:24)
        at Timeout.task [as _onTimeout] (F:\myproject\frontend\node_modules\jsdom\lib\jsdom\browser\Window.js:521:9)
        at listOnTimeout (node:internal/timers:594:17)
        at processTimers (node:internal/timers:529:7) ReferenceError: IntersectionObserver is not defined
        at F:\myproject\frontend\src\hooks\useScrollAnimation.js:10:22
        at commitHookEffectListMount (F:\myproject\frontend\node_modules\react-dom\cjs\react-dom.development.js:23189:26)
        at commitPassiveMountOnFiber (F:\myproject\frontend\node_modules\react-dom\cjs\react-dom.development.js:24970:11)
        at commitPassiveMountEffects_complete (F:\myproject\frontend\node_modules\react-dom\cjs\react-dom.development.js:24930:9)
        at commitPassiveMountEffects_begin (F:\myproject\frontend\node_modules\react-dom\cjs\react-dom.development.js:24917:7)
        at commitPassiveMountEffects (F:\myproject\frontend\node_modules\react-dom\cjs\react-dom.development.js:24905:3)
        at flushPassiveEffectsImpl (F:\myproject\frontend\node_modules\react-dom\cjs\react-dom.development.js:27078:3)
        at flushPassiveEffects (F:\myproject\frontend\node_modules\react-dom\cjs\react-dom.development.js:27023:14)
        at F:\myproject\frontend\node_modules\react-dom\cjs\react-dom.development.js:26808:9
        at workLoop (F:\myproject\frontend\node_modules\scheduler\cjs\scheduler.development.js:266:34)
        at flushWork (F:\myproject\frontend\node_modules\scheduler\cjs\scheduler.development.js:239:14)
        at performWorkUntilDeadline (F:\myproject\frontend\node_modules\scheduler\cjs\scheduler.development.js:533:21)
        at Timeout.task [as _onTimeout] (F:\myproject\frontend\node_modules\jsdom\lib\jsdom\browser\Window.js:516:19)
        at listOnTimeout (node:internal/timers:594:17)
        at processTimers (node:internal/timers:529:7)

      at VirtualConsole.<anonymous> (node_modules/jsdom/lib/jsdom/virtual-console.js:29:45)
      at reportException (node_modules/jsdom/lib/jsdom/living/helpers/runtime-script-errors.js:70:28)
      at Timeout.task [as _onTimeout] (node_modules/jsdom/lib/jsdom/browser/Window.js:521:9)

  console.error
    Error: Uncaught [ReferenceError: IntersectionObserver is not defined]
        at reportException (F:\myproject\frontend\node_modules\jsdom\lib\jsdom\living\helpers\runtime-script-errors.js:66:24)
        at innerInvokeEventListeners (F:\myproject\frontend\node_modules\jsdom\lib\jsdom\living\events\EventTarget-impl.js:341:9)
        at invokeEventListeners (F:\myproject\frontend\node_modules\jsdom\lib\jsdom\living\events\EventTarget-impl.js:274:3)
        at HTMLUnknownElementImpl._dispatch (F:\myproject\frontend\node_modules\jsdom\lib\jsdom\living\events\EventTarget-impl.js:221:9)
        at HTMLUnknownElementImpl.dispatchEvent (F:\myproject\frontend\node_modules\jsdom\lib\jsdom\living\events\EventTarget-impl.js:94:17)
        at HTMLUnknownElement.dispatchEvent (F:\myproject\frontend\node_modules\jsdom\lib\jsdom\living\generated\EventTarget.js:231:34)
        at Object.invokeGuardedCallbackDev (F:\myproject\frontend\node_modules\react-dom\cjs\react-dom.development.js:4213:16)
        at invokeGuardedCallback (F:\myproject\frontend\node_modules\react-dom\cjs\react-dom.development.js:4277:31)
        at reportUncaughtErrorInDEV (F:\myproject\frontend\node_modules\react-dom\cjs\react-dom.development.js:22877:5)
        at captureCommitPhaseError (F:\myproject\frontend\node_modules\react-dom\cjs\react-dom.development.js:27165:5)
        at commitPassiveMountEffects_complete (F:\myproject\frontend\node_modules\react-dom\cjs\react-dom.development.js:24932:9)
        at commitPassiveMountEffects_begin (F:\myproject\frontend\node_modules\react-dom\cjs\react-dom.development.js:24917:7)
        at commitPassiveMountEffects (F:\myproject\frontend\node_modules\react-dom\cjs\react-dom.development.js:24905:3)
        at flushPassiveEffectsImpl (F:\myproject\frontend\node_modules\react-dom\cjs\react-dom.development.js:27078:3)
        at flushPassiveEffects (F:\myproject\frontend\node_modules\react-dom\cjs\react-dom.development.js:27023:14)
        at F:\myproject\frontend\node_modules\react-dom\cjs\react-dom.development.js:26808:9
        at workLoop (F:\myproject\frontend\node_modules\scheduler\cjs\scheduler.development.js:266:34)
        at flushWork (F:\myproject\frontend\node_modules\scheduler\cjs\scheduler.development.js:239:14)
        at performWorkUntilDeadline (F:\myproject\frontend\node_modules\scheduler\cjs\scheduler.development.js:533:21)
        at Timeout.task [as _onTimeout] (F:\myproject\frontend\node_modules\jsdom\lib\jsdom\browser\Window.js:516:19)
        at listOnTimeout (node:internal/timers:594:17)
        at processTimers (node:internal/timers:529:7) ReferenceError: IntersectionObserver is not defined
        at F:\myproject\frontend\src\hooks\useScrollAnimation.js:10:22
        at commitHookEffectListMount (F:\myproject\frontend\node_modules\react-dom\cjs\react-dom.development.js:23189:26)
        at commitPassiveMountOnFiber (F:\myproject\frontend\node_modules\react-dom\cjs\react-dom.development.js:24970:11)
        at commitPassiveMountEffects_complete (F:\myproject\frontend\node_modules\react-dom\cjs\react-dom.development.js:24930:9)
        at commitPassiveMountEffects_begin (F:\myproject\frontend\node_modules\react-dom\cjs\react-dom.development.js:24917:7)
        at commitPassiveMountEffects (F:\myproject\frontend\node_modules\react-dom\cjs\react-dom.development.js:24905:3)
        at flushPassiveEffectsImpl (F:\myproject\frontend\node_modules\react-dom\cjs\react-dom.development.js:27078:3)
        at flushPassiveEffects (F:\myproject\frontend\node_modules\react-dom\cjs\react-dom.development.js:27023:14)
        at F:\myproject\frontend\node_modules\react-dom\cjs\react-dom.development.js:26808:9
        at workLoop (F:\myproject\frontend\node_modules\scheduler\cjs\scheduler.development.js:266:34)
        at flushWork (F:\myproject\frontend\node_modules\scheduler\cjs\scheduler.development.js:239:14)
        at performWorkUntilDeadline (F:\myproject\frontend\node_modules\scheduler\cjs\scheduler.development.js:533:21)
        at Timeout.task [as _onTimeout] (F:\myproject\frontend\node_modules\jsdom\lib\jsdom\browser\Window.js:516:19)
        at listOnTimeout (node:internal/timers:594:17)
        at processTimers (node:internal/timers:529:7)

      at VirtualConsole.<anonymous> (node_modules/jsdom/lib/jsdom/virtual-console.js:29:45)
      at reportException (node_modules/jsdom/lib/jsdom/living/helpers/runtime-script-errors.js:70:28)
      at innerInvokeEventListeners (node_modules/jsdom/lib/jsdom/living/events/EventTarget-impl.js:341:9)
      at invokeEventListeners (node_modules/jsdom/lib/jsdom/living/events/EventTarget-impl.js:274:3)
      at HTMLUnknownElementImpl._dispatch (node_modules/jsdom/lib/jsdom/living/events/EventTarget-impl.js:221:9)
      at HTMLUnknownElementImpl.dispatchEvent (node_modules/jsdom/lib/jsdom/living/events/EventTarget-impl.js:94:17)
      at HTMLUnknownElement.dispatchEvent (node_modules/jsdom/lib/jsdom/living/generated/EventTarget.js:231:34)
      at Object.invokeGuardedCallbackDev (node_modules/react-dom/cjs/react-dom.development.js:4213:16)
      at invokeGuardedCallback (node_modules/react-dom/cjs/react-dom.development.js:4277:31)
      at reportUncaughtErrorInDEV (node_modules/react-dom/cjs/react-dom.development.js:22877:5)
      at captureCommitPhaseError (node_modules/react-dom/cjs/react-dom.development.js:27165:5)
      at commitPassiveMountEffects_complete (node_modules/react-dom/cjs/react-dom.development.js:24932:9)
      at commitPassiveMountEffects_begin (node_modules/react-dom/cjs/react-dom.development.js:24917:7)
      at commitPassiveMountEffects (node_modules/react-dom/cjs/react-dom.development.js:24905:3)
      at flushPassiveEffectsImpl (node_modules/react-dom/cjs/react-dom.development.js:27078:3)
      at flushPassiveEffects (node_modules/react-dom/cjs/react-dom.development.js:27023:14)
      at node_modules/react-dom/cjs/react-dom.development.js:26808:9
      at workLoop (node_modules/scheduler/cjs/scheduler.development.js:266:34)
      at flushWork (node_modules/scheduler/cjs/scheduler.development.js:239:14)
      at performWorkUntilDeadline (node_modules/scheduler/cjs/scheduler.development.js:533:21)
      at Timeout.task [as _onTimeout] (node_modules/jsdom/lib/jsdom/browser/Window.js:516:19)

  console.error
    The above error occurred in the <ScrollReveal> component:
    
        at ScrollReveal (F:\myproject\frontend\src\hooks\useScrollAnimation.js:30:32)
        at div
        at div
        at UserManagementPage (F:\myproject\frontend\src\pages\admin\UserManagementPage.js:9:37)
        at AuthProvider (F:\myproject\frontend\src\contexts\AuthContext.js:6:32)
    
    Consider adding an error boundary to your tree to customize error handling behavior.
    Visit https://reactjs.org/link/error-boundaries to learn more about error boundaries.

      at logCapturedError (node_modules/react-dom/cjs/react-dom.development.js:18704:23)
      at update.callback (node_modules/react-dom/cjs/react-dom.development.js:18737:5)
      at callCallback (node_modules/react-dom/cjs/react-dom.development.js:15036:12)
      at commitUpdateQueue (node_modules/react-dom/cjs/react-dom.development.js:15057:9)
      at commitLayoutEffectOnFiber (node_modules/react-dom/cjs/react-dom.development.js:23430:13)
      at commitLayoutMountEffects_complete (node_modules/react-dom/cjs/react-dom.development.js:24727:9)
      at commitLayoutEffects_begin (node_modules/react-dom/cjs/react-dom.development.js:24713:7)
      at commitLayoutEffects (node_modules/react-dom/cjs/react-dom.development.js:24651:3)
      at commitRootImpl (node_modules/react-dom/cjs/react-dom.development.js:26862:5)
      at commitRoot (node_modules/react-dom/cjs/react-dom.development.js:26721:5)
      at performSyncWorkOnRoot (node_modules/react-dom/cjs/react-dom.development.js:26156:3)
      at flushSyncCallbacks (node_modules/react-dom/cjs/react-dom.development.js:12042:22)
      at flushPassiveEffectsImpl (node_modules/react-dom/cjs/react-dom.development.js:27099:3)
      at flushPassiveEffects (node_modules/react-dom/cjs/react-dom.development.js:27023:14)
      at node_modules/react-dom/cjs/react-dom.development.js:26808:9
      at workLoop (node_modules/scheduler/cjs/scheduler.development.js:266:34)
      at flushWork (node_modules/scheduler/cjs/scheduler.development.js:239:14)
      at performWorkUntilDeadline (node_modules/scheduler/cjs/scheduler.development.js:533:21)
      at Timeout.task [as _onTimeout] (node_modules/jsdom/lib/jsdom/browser/Window.js:516:19)

  console.error
    Error: Uncaught [ReferenceError: IntersectionObserver is not defined]
        at reportException (F:\myproject\frontend\node_modules\jsdom\lib\jsdom\living\helpers\runtime-script-errors.js:66:24)
        at Timeout.task [as _onTimeout] (F:\myproject\frontend\node_modules\jsdom\lib\jsdom\browser\Window.js:521:9)
        at listOnTimeout (node:internal/timers:594:17)
        at processTimers (node:internal/timers:529:7) ReferenceError: IntersectionObserver is not defined
        at F:\myproject\frontend\src\hooks\useScrollAnimation.js:10:22
        at commitHookEffectListMount (F:\myproject\frontend\node_modules\react-dom\cjs\react-dom.development.js:23189:26)
        at commitPassiveMountOnFiber (F:\myproject\frontend\node_modules\react-dom\cjs\react-dom.development.js:24970:11)
        at commitPassiveMountEffects_complete (F:\myproject\frontend\node_modules\react-dom\cjs\react-dom.development.js:24930:9)
        at commitPassiveMountEffects_begin (F:\myproject\frontend\node_modules\react-dom\cjs\react-dom.development.js:24917:7)
        at commitPassiveMountEffects (F:\myproject\frontend\node_modules\react-dom\cjs\react-dom.development.js:24905:3)
        at flushPassiveEffectsImpl (F:\myproject\frontend\node_modules\react-dom\cjs\react-dom.development.js:27078:3)
        at flushPassiveEffects (F:\myproject\frontend\node_modules\react-dom\cjs\react-dom.development.js:27023:14)
        at F:\myproject\frontend\node_modules\react-dom\cjs\react-dom.development.js:26808:9
        at workLoop (F:\myproject\frontend\node_modules\scheduler\cjs\scheduler.development.js:266:34)
        at flushWork (F:\myproject\frontend\node_modules\scheduler\cjs\scheduler.development.js:239:14)
        at performWorkUntilDeadline (F:\myproject\frontend\node_modules\scheduler\cjs\scheduler.development.js:533:21)
        at Timeout.task [as _onTimeout] (F:\myproject\frontend\node_modules\jsdom\lib\jsdom\browser\Window.js:516:19)
        at listOnTimeout (node:internal/timers:594:17)
        at processTimers (node:internal/timers:529:7)

      at VirtualConsole.<anonymous> (node_modules/jsdom/lib/jsdom/virtual-console.js:29:45)
      at reportException (node_modules/jsdom/lib/jsdom/living/helpers/runtime-script-errors.js:70:28)
      at Timeout.task [as _onTimeout] (node_modules/jsdom/lib/jsdom/browser/Window.js:521:9)

  console.error
    Error: Uncaught [ReferenceError: IntersectionObserver is not defined]
        at reportException (F:\myproject\frontend\node_modules\jsdom\lib\jsdom\living\helpers\runtime-script-errors.js:66:24)
        at innerInvokeEventListeners (F:\myproject\frontend\node_modules\jsdom\lib\jsdom\living\events\EventTarget-impl.js:341:9)
        at invokeEventListeners (F:\myproject\frontend\node_modules\jsdom\lib\jsdom\living\events\EventTarget-impl.js:274:3)
        at HTMLUnknownElementImpl._dispatch (F:\myproject\frontend\node_modules\jsdom\lib\jsdom\living\events\EventTarget-impl.js:221:9)
        at HTMLUnknownElementImpl.dispatchEvent (F:\myproject\frontend\node_modules\jsdom\lib\jsdom\living\events\EventTarget-impl.js:94:17)
        at HTMLUnknownElement.dispatchEvent (F:\myproject\frontend\node_modules\jsdom\lib\jsdom\living\generated\EventTarget.js:231:34)
        at Object.invokeGuardedCallbackDev (F:\myproject\frontend\node_modules\react-dom\cjs\react-dom.development.js:4213:16)
        at invokeGuardedCallback (F:\myproject\frontend\node_modules\react-dom\cjs\react-dom.development.js:4277:31)
        at reportUncaughtErrorInDEV (F:\myproject\frontend\node_modules\react-dom\cjs\react-dom.development.js:22877:5)
        at captureCommitPhaseError (F:\myproject\frontend\node_modules\react-dom\cjs\react-dom.development.js:27165:5)
        at commitPassiveMountEffects_complete (F:\myproject\frontend\node_modules\react-dom\cjs\react-dom.development.js:24932:9)
        at commitPassiveMountEffects_begin (F:\myproject\frontend\node_modules\react-dom\cjs\react-dom.development.js:24917:7)
        at commitPassiveMountEffects (F:\myproject\frontend\node_modules\react-dom\cjs\react-dom.development.js:24905:3)
        at flushPassiveEffectsImpl (F:\myproject\frontend\node_modules\react-dom\cjs\react-dom.development.js:27078:3)
        at flushPassiveEffects (F:\myproject\frontend\node_modules\react-dom\cjs\react-dom.development.js:27023:14)
        at F:\myproject\frontend\node_modules\react-dom\cjs\react-dom.development.js:26808:9
        at workLoop (F:\myproject\frontend\node_modules\scheduler\cjs\scheduler.development.js:266:34)
        at flushWork (F:\myproject\frontend\node_modules\scheduler\cjs\scheduler.development.js:239:14)
        at performWorkUntilDeadline (F:\myproject\frontend\node_modules\scheduler\cjs\scheduler.development.js:533:21)
        at Timeout.task [as _onTimeout] (F:\myproject\frontend\node_modules\jsdom\lib\jsdom\browser\Window.js:516:19)
        at listOnTimeout (node:internal/timers:594:17)
        at processTimers (node:internal/timers:529:7) ReferenceError: IntersectionObserver is not defined
        at F:\myproject\frontend\src\hooks\useScrollAnimation.js:10:22
        at commitHookEffectListMount (F:\myproject\frontend\node_modules\react-dom\cjs\react-dom.development.js:23189:26)
        at commitPassiveMountOnFiber (F:\myproject\frontend\node_modules\react-dom\cjs\react-dom.development.js:24970:11)
        at commitPassiveMountEffects_complete (F:\myproject\frontend\node_modules\react-dom\cjs\react-dom.development.js:24930:9)
        at commitPassiveMountEffects_begin (F:\myproject\frontend\node_modules\react-dom\cjs\react-dom.development.js:24917:7)
        at commitPassiveMountEffects (F:\myproject\frontend\node_modules\react-dom\cjs\react-dom.development.js:24905:3)
        at flushPassiveEffectsImpl (F:\myproject\frontend\node_modules\react-dom\cjs\react-dom.development.js:27078:3)
        at flushPassiveEffects (F:\myproject\frontend\node_modules\react-dom\cjs\react-dom.development.js:27023:14)
        at F:\myproject\frontend\node_modules\react-dom\cjs\react-dom.development.js:26808:9
        at workLoop (F:\myproject\frontend\node_modules\scheduler\cjs\scheduler.development.js:266:34)
        at flushWork (F:\myproject\frontend\node_modules\scheduler\cjs\scheduler.development.js:239:14)
        at performWorkUntilDeadline (F:\myproject\frontend\node_modules\scheduler\cjs\scheduler.development.js:533:21)
        at Timeout.task [as _onTimeout] (F:\myproject\frontend\node_modules\jsdom\lib\jsdom\browser\Window.js:516:19)
        at listOnTimeout (node:internal/timers:594:17)
        at processTimers (node:internal/timers:529:7)

      at VirtualConsole.<anonymous> (node_modules/jsdom/lib/jsdom/virtual-console.js:29:45)
      at reportException (node_modules/jsdom/lib/jsdom/living/helpers/runtime-script-errors.js:70:28)
      at innerInvokeEventListeners (node_modules/jsdom/lib/jsdom/living/events/EventTarget-impl.js:341:9)
      at invokeEventListeners (node_modules/jsdom/lib/jsdom/living/events/EventTarget-impl.js:274:3)
      at HTMLUnknownElementImpl._dispatch (node_modules/jsdom/lib/jsdom/living/events/EventTarget-impl.js:221:9)
      at HTMLUnknownElementImpl.dispatchEvent (node_modules/jsdom/lib/jsdom/living/events/EventTarget-impl.js:94:17)
      at HTMLUnknownElement.dispatchEvent (node_modules/jsdom/lib/jsdom/living/generated/EventTarget.js:231:34)
      at Object.invokeGuardedCallbackDev (node_modules/react-dom/cjs/react-dom.development.js:4213:16)
      at invokeGuardedCallback (node_modules/react-dom/cjs/react-dom.development.js:4277:31)
      at reportUncaughtErrorInDEV (node_modules/react-dom/cjs/react-dom.development.js:22877:5)
      at captureCommitPhaseError (node_modules/react-dom/cjs/react-dom.development.js:27165:5)
      at commitPassiveMountEffects_complete (node_modules/react-dom/cjs/react-dom.development.js:24932:9)
      at commitPassiveMountEffects_begin (node_modules/react-dom/cjs/react-dom.development.js:24917:7)
      at commitPassiveMountEffects (node_modules/react-dom/cjs/react-dom.development.js:24905:3)
      at flushPassiveEffectsImpl (node_modules/react-dom/cjs/react-dom.development.js:27078:3)
      at flushPassiveEffects (node_modules/react-dom/cjs/react-dom.development.js:27023:14)
      at node_modules/react-dom/cjs/react-dom.development.js:26808:9
      at workLoop (node_modules/scheduler/cjs/scheduler.development.js:266:34)
      at flushWork (node_modules/scheduler/cjs/scheduler.development.js:239:14)
      at performWorkUntilDeadline (node_modules/scheduler/cjs/scheduler.development.js:533:21)
      at Timeout.task [as _onTimeout] (node_modules/jsdom/lib/jsdom/browser/Window.js:516:19)

  console.error
    Error: Uncaught [ReferenceError: IntersectionObserver is not defined]
        at reportException (F:\myproject\frontend\node_modules\jsdom\lib\jsdom\living\helpers\runtime-script-errors.js:66:24)
        at innerInvokeEventListeners (F:\myproject\frontend\node_modules\jsdom\lib\jsdom\living\events\EventTarget-impl.js:341:9)
        at invokeEventListeners (F:\myproject\frontend\node_modules\jsdom\lib\jsdom\living\events\EventTarget-impl.js:274:3)
        at HTMLUnknownElementImpl._dispatch (F:\myproject\frontend\node_modules\jsdom\lib\jsdom\living\events\EventTarget-impl.js:221:9)
        at HTMLUnknownElementImpl.dispatchEvent (F:\myproject\frontend\node_modules\jsdom\lib\jsdom\living\events\EventTarget-impl.js:94:17)
        at HTMLUnknownElement.dispatchEvent (F:\myproject\frontend\node_modules\jsdom\lib\jsdom\living\generated\EventTarget.js:231:34)
        at Object.invokeGuardedCallbackDev (F:\myproject\frontend\node_modules\react-dom\cjs\react-dom.development.js:4213:16)
        at invokeGuardedCallback (F:\myproject\frontend\node_modules\react-dom\cjs\react-dom.development.js:4277:31)
        at reportUncaughtErrorInDEV (F:\myproject\frontend\node_modules\react-dom\cjs\react-dom.development.js:22877:5)
        at captureCommitPhaseError (F:\myproject\frontend\node_modules\react-dom\cjs\react-dom.development.js:27165:5)
        at commitPassiveMountEffects_complete (F:\myproject\frontend\node_modules\react-dom\cjs\react-dom.development.js:24932:9)
        at commitPassiveMountEffects_begin (F:\myproject\frontend\node_modules\react-dom\cjs\react-dom.development.js:24917:7)
        at commitPassiveMountEffects (F:\myproject\frontend\node_modules\react-dom\cjs\react-dom.development.js:24905:3)
        at flushPassiveEffectsImpl (F:\myproject\frontend\node_modules\react-dom\cjs\react-dom.development.js:27078:3)
        at flushPassiveEffects (F:\myproject\frontend\node_modules\react-dom\cjs\react-dom.development.js:27023:14)
        at F:\myproject\frontend\node_modules\react-dom\cjs\react-dom.development.js:26808:9
        at workLoop (F:\myproject\frontend\node_modules\scheduler\cjs\scheduler.development.js:266:34)
        at flushWork (F:\myproject\frontend\node_modules\scheduler\cjs\scheduler.development.js:239:14)
        at performWorkUntilDeadline (F:\myproject\frontend\node_modules\scheduler\cjs\scheduler.development.js:533:21)
        at Timeout.task [as _onTimeout] (F:\myproject\frontend\node_modules\jsdom\lib\jsdom\browser\Window.js:516:19)
        at listOnTimeout (node:internal/timers:594:17)
        at processTimers (node:internal/timers:529:7) ReferenceError: IntersectionObserver is not defined
        at F:\myproject\frontend\src\hooks\useScrollAnimation.js:10:22
        at commitHookEffectListMount (F:\myproject\frontend\node_modules\react-dom\cjs\react-dom.development.js:23189:26)
        at commitPassiveMountOnFiber (F:\myproject\frontend\node_modules\react-dom\cjs\react-dom.development.js:24970:11)
        at commitPassiveMountEffects_complete (F:\myproject\frontend\node_modules\react-dom\cjs\react-dom.development.js:24930:9)
        at commitPassiveMountEffects_begin (F:\myproject\frontend\node_modules\react-dom\cjs\react-dom.development.js:24917:7)
        at commitPassiveMountEffects (F:\myproject\frontend\node_modules\react-dom\cjs\react-dom.development.js:24905:3)
        at flushPassiveEffectsImpl (F:\myproject\frontend\node_modules\react-dom\cjs\react-dom.development.js:27078:3)
        at flushPassiveEffects (F:\myproject\frontend\node_modules\react-dom\cjs\react-dom.development.js:27023:14)
        at F:\myproject\frontend\node_modules\react-dom\cjs\react-dom.development.js:26808:9
        at workLoop (F:\myproject\frontend\node_modules\scheduler\cjs\scheduler.development.js:266:34)
        at flushWork (F:\myproject\frontend\node_modules\scheduler\cjs\scheduler.development.js:239:14)
        at performWorkUntilDeadline (F:\myproject\frontend\node_modules\scheduler\cjs\scheduler.development.js:533:21)
        at Timeout.task [as _onTimeout] (F:\myproject\frontend\node_modules\jsdom\lib\jsdom\browser\Window.js:516:19)
        at listOnTimeout (node:internal/timers:594:17)
        at processTimers (node:internal/timers:529:7)

      at VirtualConsole.<anonymous> (node_modules/jsdom/lib/jsdom/virtual-console.js:29:45)
      at reportException (node_modules/jsdom/lib/jsdom/living/helpers/runtime-script-errors.js:70:28)
      at innerInvokeEventListeners (node_modules/jsdom/lib/jsdom/living/events/EventTarget-impl.js:341:9)
      at invokeEventListeners (node_modules/jsdom/lib/jsdom/living/events/EventTarget-impl.js:274:3)
      at HTMLUnknownElementImpl._dispatch (node_modules/jsdom/lib/jsdom/living/events/EventTarget-impl.js:221:9)
      at HTMLUnknownElementImpl.dispatchEvent (node_modules/jsdom/lib/jsdom/living/events/EventTarget-impl.js:94:17)
      at HTMLUnknownElement.dispatchEvent (node_modules/jsdom/lib/jsdom/living/generated/EventTarget.js:231:34)
      at Object.invokeGuardedCallbackDev (node_modules/react-dom/cjs/react-dom.development.js:4213:16)
      at invokeGuardedCallback (node_modules/react-dom/cjs/react-dom.development.js:4277:31)
      at reportUncaughtErrorInDEV (node_modules/react-dom/cjs/react-dom.development.js:22877:5)
      at captureCommitPhaseError (node_modules/react-dom/cjs/react-dom.development.js:27165:5)
      at commitPassiveMountEffects_complete (node_modules/react-dom/cjs/react-dom.development.js:24932:9)
      at commitPassiveMountEffects_begin (node_modules/react-dom/cjs/react-dom.development.js:24917:7)
      at commitPassiveMountEffects (node_modules/react-dom/cjs/react-dom.development.js:24905:3)
      at flushPassiveEffectsImpl (node_modules/react-dom/cjs/react-dom.development.js:27078:3)
      at flushPassiveEffects (node_modules/react-dom/cjs/react-dom.development.js:27023:14)
      at node_modules/react-dom/cjs/react-dom.development.js:26808:9
      at workLoop (node_modules/scheduler/cjs/scheduler.development.js:266:34)
      at flushWork (node_modules/scheduler/cjs/scheduler.development.js:239:14)
      at performWorkUntilDeadline (node_modules/scheduler/cjs/scheduler.development.js:533:21)
      at Timeout.task [as _onTimeout] (node_modules/jsdom/lib/jsdom/browser/Window.js:516:19)

  console.error
    The above error occurred in the <ScrollReveal> component:
    
        at ScrollReveal (F:\myproject\frontend\src\hooks\useScrollAnimation.js:30:32)
        at div
        at div
        at UserManagementPage (F:\myproject\frontend\src\pages\admin\UserManagementPage.js:9:37)
        at AuthProvider (F:\myproject\frontend\src\contexts\AuthContext.js:6:32)
    
    Consider adding an error boundary to your tree to customize error handling behavior.
    Visit https://reactjs.org/link/error-boundaries to learn more about error boundaries.

      at logCapturedError (node_modules/react-dom/cjs/react-dom.development.js:18704:23)
      at update.callback (node_modules/react-dom/cjs/react-dom.development.js:18737:5)
      at callCallback (node_modules/react-dom/cjs/react-dom.development.js:15036:12)
      at commitUpdateQueue (node_modules/react-dom/cjs/react-dom.development.js:15057:9)
      at commitLayoutEffectOnFiber (node_modules/react-dom/cjs/react-dom.development.js:23430:13)
      at commitLayoutMountEffects_complete (node_modules/react-dom/cjs/react-dom.development.js:24727:9)
      at commitLayoutEffects_begin (node_modules/react-dom/cjs/react-dom.development.js:24713:7)
      at commitLayoutEffects (node_modules/react-dom/cjs/react-dom.development.js:24651:3)
      at commitRootImpl (node_modules/react-dom/cjs/react-dom.development.js:26862:5)
      at commitRoot (node_modules/react-dom/cjs/react-dom.development.js:26721:5)
      at performSyncWorkOnRoot (node_modules/react-dom/cjs/react-dom.development.js:26156:3)
      at flushSyncCallbacks (node_modules/react-dom/cjs/react-dom.development.js:12042:22)
      at flushPassiveEffectsImpl (node_modules/react-dom/cjs/react-dom.development.js:27099:3)
      at flushPassiveEffects (node_modules/react-dom/cjs/react-dom.development.js:27023:14)
      at node_modules/react-dom/cjs/react-dom.development.js:26808:9
      at workLoop (node_modules/scheduler/cjs/scheduler.development.js:266:34)
      at flushWork (node_modules/scheduler/cjs/scheduler.development.js:239:14)
      at performWorkUntilDeadline (node_modules/scheduler/cjs/scheduler.development.js:533:21)
      at Timeout.task [as _onTimeout] (node_modules/jsdom/lib/jsdom/browser/Window.js:516:19)

  console.error
    The above error occurred in the <ScrollReveal> component:
    
        at ScrollReveal (F:\myproject\frontend\src\hooks\useScrollAnimation.js:30:32)
        at div
        at div
        at UserManagementPage (F:\myproject\frontend\src\pages\admin\UserManagementPage.js:9:37)
        at AuthProvider (F:\myproject\frontend\src\contexts\AuthContext.js:6:32)
    
    Consider adding an error boundary to your tree to customize error handling behavior.
    Visit https://reactjs.org/link/error-boundaries to learn more about error boundaries.

      at logCapturedError (node_modules/react-dom/cjs/react-dom.development.js:18704:23)
      at update.callback (node_modules/react-dom/cjs/react-dom.development.js:18737:5)
      at callCallback (node_modules/react-dom/cjs/react-dom.development.js:15036:12)
      at commitUpdateQueue (node_modules/react-dom/cjs/react-dom.development.js:15057:9)
      at commitLayoutEffectOnFiber (node_modules/react-dom/cjs/react-dom.development.js:23430:13)
      at commitLayoutMountEffects_complete (node_modules/react-dom/cjs/react-dom.development.js:24727:9)
      at commitLayoutEffects_begin (node_modules/react-dom/cjs/react-dom.development.js:24713:7)
      at commitLayoutEffects (node_modules/react-dom/cjs/react-dom.development.js:24651:3)
      at commitRootImpl (node_modules/react-dom/cjs/react-dom.development.js:26862:5)
      at commitRoot (node_modules/react-dom/cjs/react-dom.development.js:26721:5)
      at performSyncWorkOnRoot (node_modules/react-dom/cjs/react-dom.development.js:26156:3)
      at flushSyncCallbacks (node_modules/react-dom/cjs/react-dom.development.js:12042:22)
      at flushPassiveEffectsImpl (node_modules/react-dom/cjs/react-dom.development.js:27099:3)
      at flushPassiveEffects (node_modules/react-dom/cjs/react-dom.development.js:27023:14)
      at node_modules/react-dom/cjs/react-dom.development.js:26808:9
      at workLoop (node_modules/scheduler/cjs/scheduler.development.js:266:34)
      at flushWork (node_modules/scheduler/cjs/scheduler.development.js:239:14)
      at performWorkUntilDeadline (node_modules/scheduler/cjs/scheduler.development.js:533:21)
      at Timeout.task [as _onTimeout] (node_modules/jsdom/lib/jsdom/browser/Window.js:516:19)

  console.error
    Error: Uncaught [ReferenceError: IntersectionObserver is not defined]
        at reportException (F:\myproject\frontend\node_modules\jsdom\lib\jsdom\living\helpers\runtime-script-errors.js:66:24)
        at Timeout.task [as _onTimeout] (F:\myproject\frontend\node_modules\jsdom\lib\jsdom\browser\Window.js:521:9)
        at listOnTimeout (node:internal/timers:594:17)
        at processTimers (node:internal/timers:529:7) ReferenceError: IntersectionObserver is not defined
        at F:\myproject\frontend\src\hooks\useScrollAnimation.js:10:22
        at commitHookEffectListMount (F:\myproject\frontend\node_modules\react-dom\cjs\react-dom.development.js:23189:26)
        at commitPassiveMountOnFiber (F:\myproject\frontend\node_modules\react-dom\cjs\react-dom.development.js:24970:11)
        at commitPassiveMountEffects_complete (F:\myproject\frontend\node_modules\react-dom\cjs\react-dom.development.js:24930:9)
        at commitPassiveMountEffects_begin (F:\myproject\frontend\node_modules\react-dom\cjs\react-dom.development.js:24917:7)
        at commitPassiveMountEffects (F:\myproject\frontend\node_modules\react-dom\cjs\react-dom.development.js:24905:3)
        at flushPassiveEffectsImpl (F:\myproject\frontend\node_modules\react-dom\cjs\react-dom.development.js:27078:3)
        at flushPassiveEffects (F:\myproject\frontend\node_modules\react-dom\cjs\react-dom.development.js:27023:14)
        at F:\myproject\frontend\node_modules\react-dom\cjs\react-dom.development.js:26808:9
        at workLoop (F:\myproject\frontend\node_modules\scheduler\cjs\scheduler.development.js:266:34)
        at flushWork (F:\myproject\frontend\node_modules\scheduler\cjs\scheduler.development.js:239:14)
        at performWorkUntilDeadline (F:\myproject\frontend\node_modules\scheduler\cjs\scheduler.development.js:533:21)
        at Timeout.task [as _onTimeout] (F:\myproject\frontend\node_modules\jsdom\lib\jsdom\browser\Window.js:516:19)
        at listOnTimeout (node:internal/timers:594:17)
        at processTimers (node:internal/timers:529:7)

      at VirtualConsole.<anonymous> (node_modules/jsdom/lib/jsdom/virtual-console.js:29:45)
      at reportException (node_modules/jsdom/lib/jsdom/living/helpers/runtime-script-errors.js:70:28)
      at Timeout.task [as _onTimeout] (node_modules/jsdom/lib/jsdom/browser/Window.js:521:9)

  console.error
    Error: Uncaught [ReferenceError: IntersectionObserver is not defined]
        at reportException (F:\myproject\frontend\node_modules\jsdom\lib\jsdom\living\helpers\runtime-script-errors.js:66:24)
        at innerInvokeEventListeners (F:\myproject\frontend\node_modules\jsdom\lib\jsdom\living\events\EventTarget-impl.js:341:9)
        at invokeEventListeners (F:\myproject\frontend\node_modules\jsdom\lib\jsdom\living\events\EventTarget-impl.js:274:3)
        at HTMLUnknownElementImpl._dispatch (F:\myproject\frontend\node_modules\jsdom\lib\jsdom\living\events\EventTarget-impl.js:221:9)
        at HTMLUnknownElementImpl.dispatchEvent (F:\myproject\frontend\node_modules\jsdom\lib\jsdom\living\events\EventTarget-impl.js:94:17)
        at HTMLUnknownElement.dispatchEvent (F:\myproject\frontend\node_modules\jsdom\lib\jsdom\living\generated\EventTarget.js:231:34)
        at Object.invokeGuardedCallbackDev (F:\myproject\frontend\node_modules\react-dom\cjs\react-dom.development.js:4213:16)
        at invokeGuardedCallback (F:\myproject\frontend\node_modules\react-dom\cjs\react-dom.development.js:4277:31)
        at reportUncaughtErrorInDEV (F:\myproject\frontend\node_modules\react-dom\cjs\react-dom.development.js:22877:5)
        at captureCommitPhaseError (F:\myproject\frontend\node_modules\react-dom\cjs\react-dom.development.js:27165:5)
        at commitPassiveMountEffects_complete (F:\myproject\frontend\node_modules\react-dom\cjs\react-dom.development.js:24932:9)
        at commitPassiveMountEffects_begin (F:\myproject\frontend\node_modules\react-dom\cjs\react-dom.development.js:24917:7)
        at commitPassiveMountEffects (F:\myproject\frontend\node_modules\react-dom\cjs\react-dom.development.js:24905:3)
        at flushPassiveEffectsImpl (F:\myproject\frontend\node_modules\react-dom\cjs\react-dom.development.js:27078:3)
        at flushPassiveEffects (F:\myproject\frontend\node_modules\react-dom\cjs\react-dom.development.js:27023:14)
        at F:\myproject\frontend\node_modules\react-dom\cjs\react-dom.development.js:26808:9
        at workLoop (F:\myproject\frontend\node_modules\scheduler\cjs\scheduler.development.js:266:34)
        at flushWork (F:\myproject\frontend\node_modules\scheduler\cjs\scheduler.development.js:239:14)
        at performWorkUntilDeadline (F:\myproject\frontend\node_modules\scheduler\cjs\scheduler.development.js:533:21)
        at Timeout.task [as _onTimeout] (F:\myproject\frontend\node_modules\jsdom\lib\jsdom\browser\Window.js:516:19)
        at listOnTimeout (node:internal/timers:594:17)
        at processTimers (node:internal/timers:529:7) ReferenceError: IntersectionObserver is not defined
        at F:\myproject\frontend\src\hooks\useScrollAnimation.js:10:22
        at commitHookEffectListMount (F:\myproject\frontend\node_modules\react-dom\cjs\react-dom.development.js:23189:26)
        at commitPassiveMountOnFiber (F:\myproject\frontend\node_modules\react-dom\cjs\react-dom.development.js:24970:11)
        at commitPassiveMountEffects_complete (F:\myproject\frontend\node_modules\react-dom\cjs\react-dom.development.js:24930:9)
        at commitPassiveMountEffects_begin (F:\myproject\frontend\node_modules\react-dom\cjs\react-dom.development.js:24917:7)
        at commitPassiveMountEffects (F:\myproject\frontend\node_modules\react-dom\cjs\react-dom.development.js:24905:3)
        at flushPassiveEffectsImpl (F:\myproject\frontend\node_modules\react-dom\cjs\react-dom.development.js:27078:3)
        at flushPassiveEffects (F:\myproject\frontend\node_modules\react-dom\cjs\react-dom.development.js:27023:14)
        at F:\myproject\frontend\node_modules\react-dom\cjs\react-dom.development.js:26808:9
        at workLoop (F:\myproject\frontend\node_modules\scheduler\cjs\scheduler.development.js:266:34)
        at flushWork (F:\myproject\frontend\node_modules\scheduler\cjs\scheduler.development.js:239:14)
        at performWorkUntilDeadline (F:\myproject\frontend\node_modules\scheduler\cjs\scheduler.development.js:533:21)
        at Timeout.task [as _onTimeout] (F:\myproject\frontend\node_modules\jsdom\lib\jsdom\browser\Window.js:516:19)
        at listOnTimeout (node:internal/timers:594:17)
        at processTimers (node:internal/timers:529:7)

      at VirtualConsole.<anonymous> (node_modules/jsdom/lib/jsdom/virtual-console.js:29:45)
      at reportException (node_modules/jsdom/lib/jsdom/living/helpers/runtime-script-errors.js:70:28)
      at innerInvokeEventListeners (node_modules/jsdom/lib/jsdom/living/events/EventTarget-impl.js:341:9)
      at invokeEventListeners (node_modules/jsdom/lib/jsdom/living/events/EventTarget-impl.js:274:3)
      at HTMLUnknownElementImpl._dispatch (node_modules/jsdom/lib/jsdom/living/events/EventTarget-impl.js:221:9)
      at HTMLUnknownElementImpl.dispatchEvent (node_modules/jsdom/lib/jsdom/living/events/EventTarget-impl.js:94:17)
      at HTMLUnknownElement.dispatchEvent (node_modules/jsdom/lib/jsdom/living/generated/EventTarget.js:231:34)
      at Object.invokeGuardedCallbackDev (node_modules/react-dom/cjs/react-dom.development.js:4213:16)
      at invokeGuardedCallback (node_modules/react-dom/cjs/react-dom.development.js:4277:31)
      at reportUncaughtErrorInDEV (node_modules/react-dom/cjs/react-dom.development.js:22877:5)
      at captureCommitPhaseError (node_modules/react-dom/cjs/react-dom.development.js:27165:5)
      at commitPassiveMountEffects_complete (node_modules/react-dom/cjs/react-dom.development.js:24932:9)
      at commitPassiveMountEffects_begin (node_modules/react-dom/cjs/react-dom.development.js:24917:7)
      at commitPassiveMountEffects (node_modules/react-dom/cjs/react-dom.development.js:24905:3)
      at flushPassiveEffectsImpl (node_modules/react-dom/cjs/react-dom.development.js:27078:3)
      at flushPassiveEffects (node_modules/react-dom/cjs/react-dom.development.js:27023:14)
      at node_modules/react-dom/cjs/react-dom.development.js:26808:9
      at workLoop (node_modules/scheduler/cjs/scheduler.development.js:266:34)
      at flushWork (node_modules/scheduler/cjs/scheduler.development.js:239:14)
      at performWorkUntilDeadline (node_modules/scheduler/cjs/scheduler.development.js:533:21)
      at Timeout.task [as _onTimeout] (node_modules/jsdom/lib/jsdom/browser/Window.js:516:19)

  console.error
    Error: Uncaught [ReferenceError: IntersectionObserver is not defined]
        at reportException (F:\myproject\frontend\node_modules\jsdom\lib\jsdom\living\helpers\runtime-script-errors.js:66:24)
        at innerInvokeEventListeners (F:\myproject\frontend\node_modules\jsdom\lib\jsdom\living\events\EventTarget-impl.js:341:9)
        at invokeEventListeners (F:\myproject\frontend\node_modules\jsdom\lib\jsdom\living\events\EventTarget-impl.js:274:3)
        at HTMLUnknownElementImpl._dispatch (F:\myproject\frontend\node_modules\jsdom\lib\jsdom\living\events\EventTarget-impl.js:221:9)
        at HTMLUnknownElementImpl.dispatchEvent (F:\myproject\frontend\node_modules\jsdom\lib\jsdom\living\events\EventTarget-impl.js:94:17)
        at HTMLUnknownElement.dispatchEvent (F:\myproject\frontend\node_modules\jsdom\lib\jsdom\living\generated\EventTarget.js:231:34)
        at Object.invokeGuardedCallbackDev (F:\myproject\frontend\node_modules\react-dom\cjs\react-dom.development.js:4213:16)
        at invokeGuardedCallback (F:\myproject\frontend\node_modules\react-dom\cjs\react-dom.development.js:4277:31)
        at reportUncaughtErrorInDEV (F:\myproject\frontend\node_modules\react-dom\cjs\react-dom.development.js:22877:5)
        at captureCommitPhaseError (F:\myproject\frontend\node_modules\react-dom\cjs\react-dom.development.js:27165:5)
        at commitPassiveMountEffects_complete (F:\myproject\frontend\node_modules\react-dom\cjs\react-dom.development.js:24932:9)
        at commitPassiveMountEffects_begin (F:\myproject\frontend\node_modules\react-dom\cjs\react-dom.development.js:24917:7)
        at commitPassiveMountEffects (F:\myproject\frontend\node_modules\react-dom\cjs\react-dom.development.js:24905:3)
        at flushPassiveEffectsImpl (F:\myproject\frontend\node_modules\react-dom\cjs\react-dom.development.js:27078:3)
        at flushPassiveEffects (F:\myproject\frontend\node_modules\react-dom\cjs\react-dom.development.js:27023:14)
        at F:\myproject\frontend\node_modules\react-dom\cjs\react-dom.development.js:26808:9
        at workLoop (F:\myproject\frontend\node_modules\scheduler\cjs\scheduler.development.js:266:34)
        at flushWork (F:\myproject\frontend\node_modules\scheduler\cjs\scheduler.development.js:239:14)
        at performWorkUntilDeadline (F:\myproject\frontend\node_modules\scheduler\cjs\scheduler.development.js:533:21)
        at Timeout.task [as _onTimeout] (F:\myproject\frontend\node_modules\jsdom\lib\jsdom\browser\Window.js:516:19)
        at listOnTimeout (node:internal/timers:594:17)
        at processTimers (node:internal/timers:529:7) ReferenceError: IntersectionObserver is not defined
        at F:\myproject\frontend\src\hooks\useScrollAnimation.js:10:22
        at commitHookEffectListMount (F:\myproject\frontend\node_modules\react-dom\cjs\react-dom.development.js:23189:26)
        at commitPassiveMountOnFiber (F:\myproject\frontend\node_modules\react-dom\cjs\react-dom.development.js:24970:11)
        at commitPassiveMountEffects_complete (F:\myproject\frontend\node_modules\react-dom\cjs\react-dom.development.js:24930:9)
        at commitPassiveMountEffects_begin (F:\myproject\frontend\node_modules\react-dom\cjs\react-dom.development.js:24917:7)
        at commitPassiveMountEffects (F:\myproject\frontend\node_modules\react-dom\cjs\react-dom.development.js:24905:3)
        at flushPassiveEffectsImpl (F:\myproject\frontend\node_modules\react-dom\cjs\react-dom.development.js:27078:3)
        at flushPassiveEffects (F:\myproject\frontend\node_modules\react-dom\cjs\react-dom.development.js:27023:14)
        at F:\myproject\frontend\node_modules\react-dom\cjs\react-dom.development.js:26808:9
        at workLoop (F:\myproject\frontend\node_modules\scheduler\cjs\scheduler.development.js:266:34)
        at flushWork (F:\myproject\frontend\node_modules\scheduler\cjs\scheduler.development.js:239:14)
        at performWorkUntilDeadline (F:\myproject\frontend\node_modules\scheduler\cjs\scheduler.development.js:533:21)
        at Timeout.task [as _onTimeout] (F:\myproject\frontend\node_modules\jsdom\lib\jsdom\browser\Window.js:516:19)
        at listOnTimeout (node:internal/timers:594:17)
        at processTimers (node:internal/timers:529:7)

      at VirtualConsole.<anonymous> (node_modules/jsdom/lib/jsdom/virtual-console.js:29:45)
      at reportException (node_modules/jsdom/lib/jsdom/living/helpers/runtime-script-errors.js:70:28)
      at innerInvokeEventListeners (node_modules/jsdom/lib/jsdom/living/events/EventTarget-impl.js:341:9)
      at invokeEventListeners (node_modules/jsdom/lib/jsdom/living/events/EventTarget-impl.js:274:3)
      at HTMLUnknownElementImpl._dispatch (node_modules/jsdom/lib/jsdom/living/events/EventTarget-impl.js:221:9)
      at HTMLUnknownElementImpl.dispatchEvent (node_modules/jsdom/lib/jsdom/living/events/EventTarget-impl.js:94:17)
      at HTMLUnknownElement.dispatchEvent (node_modules/jsdom/lib/jsdom/living/generated/EventTarget.js:231:34)
      at Object.invokeGuardedCallbackDev (node_modules/react-dom/cjs/react-dom.development.js:4213:16)
      at invokeGuardedCallback (node_modules/react-dom/cjs/react-dom.development.js:4277:31)
      at reportUncaughtErrorInDEV (node_modules/react-dom/cjs/react-dom.development.js:22877:5)
      at captureCommitPhaseError (node_modules/react-dom/cjs/react-dom.development.js:27165:5)
      at commitPassiveMountEffects_complete (node_modules/react-dom/cjs/react-dom.development.js:24932:9)
      at commitPassiveMountEffects_begin (node_modules/react-dom/cjs/react-dom.development.js:24917:7)
      at commitPassiveMountEffects (node_modules/react-dom/cjs/react-dom.development.js:24905:3)
      at flushPassiveEffectsImpl (node_modules/react-dom/cjs/react-dom.development.js:27078:3)
      at flushPassiveEffects (node_modules/react-dom/cjs/react-dom.development.js:27023:14)
      at node_modules/react-dom/cjs/react-dom.development.js:26808:9
      at workLoop (node_modules/scheduler/cjs/scheduler.development.js:266:34)
      at flushWork (node_modules/scheduler/cjs/scheduler.development.js:239:14)
      at performWorkUntilDeadline (node_modules/scheduler/cjs/scheduler.development.js:533:21)
      at Timeout.task [as _onTimeout] (node_modules/jsdom/lib/jsdom/browser/Window.js:516:19)

  console.error
    The above error occurred in the <ScrollReveal> component:
    
        at ScrollReveal (F:\myproject\frontend\src\hooks\useScrollAnimation.js:30:32)
        at div
        at div
        at UserManagementPage (F:\myproject\frontend\src\pages\admin\UserManagementPage.js:9:37)
        at AuthProvider (F:\myproject\frontend\src\contexts\AuthContext.js:6:32)
    
    Consider adding an error boundary to your tree to customize error handling behavior.
    Visit https://reactjs.org/link/error-boundaries to learn more about error boundaries.

      at logCapturedError (node_modules/react-dom/cjs/react-dom.development.js:18704:23)
      at update.callback (node_modules/react-dom/cjs/react-dom.development.js:18737:5)
      at callCallback (node_modules/react-dom/cjs/react-dom.development.js:15036:12)
      at commitUpdateQueue (node_modules/react-dom/cjs/react-dom.development.js:15057:9)
      at commitLayoutEffectOnFiber (node_modules/react-dom/cjs/react-dom.development.js:23430:13)
      at commitLayoutMountEffects_complete (node_modules/react-dom/cjs/react-dom.development.js:24727:9)
      at commitLayoutEffects_begin (node_modules/react-dom/cjs/react-dom.development.js:24713:7)
      at commitLayoutEffects (node_modules/react-dom/cjs/react-dom.development.js:24651:3)
      at commitRootImpl (node_modules/react-dom/cjs/react-dom.development.js:26862:5)
      at commitRoot (node_modules/react-dom/cjs/react-dom.development.js:26721:5)
      at performSyncWorkOnRoot (node_modules/react-dom/cjs/react-dom.development.js:26156:3)
      at flushSyncCallbacks (node_modules/react-dom/cjs/react-dom.development.js:12042:22)
      at flushPassiveEffectsImpl (node_modules/react-dom/cjs/react-dom.development.js:27099:3)
      at flushPassiveEffects (node_modules/react-dom/cjs/react-dom.development.js:27023:14)
      at node_modules/react-dom/cjs/react-dom.development.js:26808:9
      at workLoop (node_modules/scheduler/cjs/scheduler.development.js:266:34)
      at flushWork (node_modules/scheduler/cjs/scheduler.development.js:239:14)
      at performWorkUntilDeadline (node_modules/scheduler/cjs/scheduler.development.js:533:21)
      at Timeout.task [as _onTimeout] (node_modules/jsdom/lib/jsdom/browser/Window.js:516:19)

  console.error
    The above error occurred in the <ScrollReveal> component:
    
        at ScrollReveal (F:\myproject\frontend\src\hooks\useScrollAnimation.js:30:32)
        at div
        at div
        at UserManagementPage (F:\myproject\frontend\src\pages\admin\UserManagementPage.js:9:37)
        at AuthProvider (F:\myproject\frontend\src\contexts\AuthContext.js:6:32)
    
    Consider adding an error boundary to your tree to customize error handling behavior.
    Visit https://reactjs.org/link/error-boundaries to learn more about error boundaries.

      at logCapturedError (node_modules/react-dom/cjs/react-dom.development.js:18704:23)
      at update.callback (node_modules/react-dom/cjs/react-dom.development.js:18737:5)
      at callCallback (node_modules/react-dom/cjs/react-dom.development.js:15036:12)
      at commitUpdateQueue (node_modules/react-dom/cjs/react-dom.development.js:15057:9)
      at commitLayoutEffectOnFiber (node_modules/react-dom/cjs/react-dom.development.js:23430:13)
      at commitLayoutMountEffects_complete (node_modules/react-dom/cjs/react-dom.development.js:24727:9)
      at commitLayoutEffects_begin (node_modules/react-dom/cjs/react-dom.development.js:24713:7)
      at commitLayoutEffects (node_modules/react-dom/cjs/react-dom.development.js:24651:3)
      at commitRootImpl (node_modules/react-dom/cjs/react-dom.development.js:26862:5)
      at commitRoot (node_modules/react-dom/cjs/react-dom.development.js:26721:5)
      at performSyncWorkOnRoot (node_modules/react-dom/cjs/react-dom.development.js:26156:3)
      at flushSyncCallbacks (node_modules/react-dom/cjs/react-dom.development.js:12042:22)
      at flushPassiveEffectsImpl (node_modules/react-dom/cjs/react-dom.development.js:27099:3)
      at flushPassiveEffects (node_modules/react-dom/cjs/react-dom.development.js:27023:14)
      at node_modules/react-dom/cjs/react-dom.development.js:26808:9
      at workLoop (node_modules/scheduler/cjs/scheduler.development.js:266:34)
      at flushWork (node_modules/scheduler/cjs/scheduler.development.js:239:14)
      at performWorkUntilDeadline (node_modules/scheduler/cjs/scheduler.development.js:533:21)
      at Timeout.task [as _onTimeout] (node_modules/jsdom/lib/jsdom/browser/Window.js:516:19)

  console.error
    Error: Uncaught [ReferenceError: IntersectionObserver is not defined]
        at reportException (F:\myproject\frontend\node_modules\jsdom\lib\jsdom\living\helpers\runtime-script-errors.js:66:24)
        at Timeout.task [as _onTimeout] (F:\myproject\frontend\node_modules\jsdom\lib\jsdom\browser\Window.js:521:9)
        at listOnTimeout (node:internal/timers:594:17)
        at processTimers (node:internal/timers:529:7) ReferenceError: IntersectionObserver is not defined
        at F:\myproject\frontend\src\hooks\useScrollAnimation.js:10:22
        at commitHookEffectListMount (F:\myproject\frontend\node_modules\react-dom\cjs\react-dom.development.js:23189:26)
        at commitPassiveMountOnFiber (F:\myproject\frontend\node_modules\react-dom\cjs\react-dom.development.js:24970:11)
        at commitPassiveMountEffects_complete (F:\myproject\frontend\node_modules\react-dom\cjs\react-dom.development.js:24930:9)
        at commitPassiveMountEffects_begin (F:\myproject\frontend\node_modules\react-dom\cjs\react-dom.development.js:24917:7)
        at commitPassiveMountEffects (F:\myproject\frontend\node_modules\react-dom\cjs\react-dom.development.js:24905:3)
        at flushPassiveEffectsImpl (F:\myproject\frontend\node_modules\react-dom\cjs\react-dom.development.js:27078:3)
        at flushPassiveEffects (F:\myproject\frontend\node_modules\react-dom\cjs\react-dom.development.js:27023:14)
        at F:\myproject\frontend\node_modules\react-dom\cjs\react-dom.development.js:26808:9
        at workLoop (F:\myproject\frontend\node_modules\scheduler\cjs\scheduler.development.js:266:34)
        at flushWork (F:\myproject\frontend\node_modules\scheduler\cjs\scheduler.development.js:239:14)
        at performWorkUntilDeadline (F:\myproject\frontend\node_modules\scheduler\cjs\scheduler.development.js:533:21)
        at Timeout.task [as _onTimeout] (F:\myproject\frontend\node_modules\jsdom\lib\jsdom\browser\Window.js:516:19)
        at listOnTimeout (node:internal/timers:594:17)
        at processTimers (node:internal/timers:529:7)

      at VirtualConsole.<anonymous> (node_modules/jsdom/lib/jsdom/virtual-console.js:29:45)
      at reportException (node_modules/jsdom/lib/jsdom/living/helpers/runtime-script-errors.js:70:28)
      at Timeout.task [as _onTimeout] (node_modules/jsdom/lib/jsdom/browser/Window.js:521:9)

  console.error
    Error: Uncaught [ReferenceError: IntersectionObserver is not defined]
        at reportException (F:\myproject\frontend\node_modules\jsdom\lib\jsdom\living\helpers\runtime-script-errors.js:66:24)
        at innerInvokeEventListeners (F:\myproject\frontend\node_modules\jsdom\lib\jsdom\living\events\EventTarget-impl.js:341:9)
        at invokeEventListeners (F:\myproject\frontend\node_modules\jsdom\lib\jsdom\living\events\EventTarget-impl.js:274:3)
        at HTMLUnknownElementImpl._dispatch (F:\myproject\frontend\node_modules\jsdom\lib\jsdom\living\events\EventTarget-impl.js:221:9)
        at HTMLUnknownElementImpl.dispatchEvent (F:\myproject\frontend\node_modules\jsdom\lib\jsdom\living\events\EventTarget-impl.js:94:17)
        at HTMLUnknownElement.dispatchEvent (F:\myproject\frontend\node_modules\jsdom\lib\jsdom\living\generated\EventTarget.js:231:34)
        at Object.invokeGuardedCallbackDev (F:\myproject\frontend\node_modules\react-dom\cjs\react-dom.development.js:4213:16)
        at invokeGuardedCallback (F:\myproject\frontend\node_modules\react-dom\cjs\react-dom.development.js:4277:31)
        at reportUncaughtErrorInDEV (F:\myproject\frontend\node_modules\react-dom\cjs\react-dom.development.js:22877:5)
        at captureCommitPhaseError (F:\myproject\frontend\node_modules\react-dom\cjs\react-dom.development.js:27165:5)
        at commitPassiveMountEffects_complete (F:\myproject\frontend\node_modules\react-dom\cjs\react-dom.development.js:24932:9)
        at commitPassiveMountEffects_begin (F:\myproject\frontend\node_modules\react-dom\cjs\react-dom.development.js:24917:7)
        at commitPassiveMountEffects (F:\myproject\frontend\node_modules\react-dom\cjs\react-dom.development.js:24905:3)
        at flushPassiveEffectsImpl (F:\myproject\frontend\node_modules\react-dom\cjs\react-dom.development.js:27078:3)
        at flushPassiveEffects (F:\myproject\frontend\node_modules\react-dom\cjs\react-dom.development.js:27023:14)
        at F:\myproject\frontend\node_modules\react-dom\cjs\react-dom.development.js:26808:9
        at workLoop (F:\myproject\frontend\node_modules\scheduler\cjs\scheduler.development.js:266:34)
        at flushWork (F:\myproject\frontend\node_modules\scheduler\cjs\scheduler.development.js:239:14)
        at performWorkUntilDeadline (F:\myproject\frontend\node_modules\scheduler\cjs\scheduler.development.js:533:21)
        at Timeout.task [as _onTimeout] (F:\myproject\frontend\node_modules\jsdom\lib\jsdom\browser\Window.js:516:19)
        at listOnTimeout (node:internal/timers:594:17)
        at processTimers (node:internal/timers:529:7) ReferenceError: IntersectionObserver is not defined
        at F:\myproject\frontend\src\hooks\useScrollAnimation.js:10:22
        at commitHookEffectListMount (F:\myproject\frontend\node_modules\react-dom\cjs\react-dom.development.js:23189:26)
        at commitPassiveMountOnFiber (F:\myproject\frontend\node_modules\react-dom\cjs\react-dom.development.js:24970:11)
        at commitPassiveMountEffects_complete (F:\myproject\frontend\node_modules\react-dom\cjs\react-dom.development.js:24930:9)
        at commitPassiveMountEffects_begin (F:\myproject\frontend\node_modules\react-dom\cjs\react-dom.development.js:24917:7)
        at commitPassiveMountEffects (F:\myproject\frontend\node_modules\react-dom\cjs\react-dom.development.js:24905:3)
        at flushPassiveEffectsImpl (F:\myproject\frontend\node_modules\react-dom\cjs\react-dom.development.js:27078:3)
        at flushPassiveEffects (F:\myproject\frontend\node_modules\react-dom\cjs\react-dom.development.js:27023:14)
        at F:\myproject\frontend\node_modules\react-dom\cjs\react-dom.development.js:26808:9
        at workLoop (F:\myproject\frontend\node_modules\scheduler\cjs\scheduler.development.js:266:34)
        at flushWork (F:\myproject\frontend\node_modules\scheduler\cjs\scheduler.development.js:239:14)
        at performWorkUntilDeadline (F:\myproject\frontend\node_modules\scheduler\cjs\scheduler.development.js:533:21)
        at Timeout.task [as _onTimeout] (F:\myproject\frontend\node_modules\jsdom\lib\jsdom\browser\Window.js:516:19)
        at listOnTimeout (node:internal/timers:594:17)
        at processTimers (node:internal/timers:529:7)

      at VirtualConsole.<anonymous> (node_modules/jsdom/lib/jsdom/virtual-console.js:29:45)
      at reportException (node_modules/jsdom/lib/jsdom/living/helpers/runtime-script-errors.js:70:28)
      at innerInvokeEventListeners (node_modules/jsdom/lib/jsdom/living/events/EventTarget-impl.js:341:9)
      at invokeEventListeners (node_modules/jsdom/lib/jsdom/living/events/EventTarget-impl.js:274:3)
      at HTMLUnknownElementImpl._dispatch (node_modules/jsdom/lib/jsdom/living/events/EventTarget-impl.js:221:9)
      at HTMLUnknownElementImpl.dispatchEvent (node_modules/jsdom/lib/jsdom/living/events/EventTarget-impl.js:94:17)
      at HTMLUnknownElement.dispatchEvent (node_modules/jsdom/lib/jsdom/living/generated/EventTarget.js:231:34)
      at Object.invokeGuardedCallbackDev (node_modules/react-dom/cjs/react-dom.development.js:4213:16)
      at invokeGuardedCallback (node_modules/react-dom/cjs/react-dom.development.js:4277:31)
      at reportUncaughtErrorInDEV (node_modules/react-dom/cjs/react-dom.development.js:22877:5)
      at captureCommitPhaseError (node_modules/react-dom/cjs/react-dom.development.js:27165:5)
      at commitPassiveMountEffects_complete (node_modules/react-dom/cjs/react-dom.development.js:24932:9)
      at commitPassiveMountEffects_begin (node_modules/react-dom/cjs/react-dom.development.js:24917:7)
      at commitPassiveMountEffects (node_modules/react-dom/cjs/react-dom.development.js:24905:3)
      at flushPassiveEffectsImpl (node_modules/react-dom/cjs/react-dom.development.js:27078:3)
      at flushPassiveEffects (node_modules/react-dom/cjs/react-dom.development.js:27023:14)
      at node_modules/react-dom/cjs/react-dom.development.js:26808:9
      at workLoop (node_modules/scheduler/cjs/scheduler.development.js:266:34)
      at flushWork (node_modules/scheduler/cjs/scheduler.development.js:239:14)
      at performWorkUntilDeadline (node_modules/scheduler/cjs/scheduler.development.js:533:21)
      at Timeout.task [as _onTimeout] (node_modules/jsdom/lib/jsdom/browser/Window.js:516:19)

  console.error
    Error: Uncaught [ReferenceError: IntersectionObserver is not defined]
        at reportException (F:\myproject\frontend\node_modules\jsdom\lib\jsdom\living\helpers\runtime-script-errors.js:66:24)
        at innerInvokeEventListeners (F:\myproject\frontend\node_modules\jsdom\lib\jsdom\living\events\EventTarget-impl.js:341:9)
        at invokeEventListeners (F:\myproject\frontend\node_modules\jsdom\lib\jsdom\living\events\EventTarget-impl.js:274:3)
        at HTMLUnknownElementImpl._dispatch (F:\myproject\frontend\node_modules\jsdom\lib\jsdom\living\events\EventTarget-impl.js:221:9)
        at HTMLUnknownElementImpl.dispatchEvent (F:\myproject\frontend\node_modules\jsdom\lib\jsdom\living\events\EventTarget-impl.js:94:17)
        at HTMLUnknownElement.dispatchEvent (F:\myproject\frontend\node_modules\jsdom\lib\jsdom\living\generated\EventTarget.js:231:34)
        at Object.invokeGuardedCallbackDev (F:\myproject\frontend\node_modules\react-dom\cjs\react-dom.development.js:4213:16)
        at invokeGuardedCallback (F:\myproject\frontend\node_modules\react-dom\cjs\react-dom.development.js:4277:31)
        at reportUncaughtErrorInDEV (F:\myproject\frontend\node_modules\react-dom\cjs\react-dom.development.js:22877:5)
        at captureCommitPhaseError (F:\myproject\frontend\node_modules\react-dom\cjs\react-dom.development.js:27165:5)
        at commitPassiveMountEffects_complete (F:\myproject\frontend\node_modules\react-dom\cjs\react-dom.development.js:24932:9)
        at commitPassiveMountEffects_begin (F:\myproject\frontend\node_modules\react-dom\cjs\react-dom.development.js:24917:7)
        at commitPassiveMountEffects (F:\myproject\frontend\node_modules\react-dom\cjs\react-dom.development.js:24905:3)
        at flushPassiveEffectsImpl (F:\myproject\frontend\node_modules\react-dom\cjs\react-dom.development.js:27078:3)
        at flushPassiveEffects (F:\myproject\frontend\node_modules\react-dom\cjs\react-dom.development.js:27023:14)
        at F:\myproject\frontend\node_modules\react-dom\cjs\react-dom.development.js:26808:9
        at workLoop (F:\myproject\frontend\node_modules\scheduler\cjs\scheduler.development.js:266:34)
        at flushWork (F:\myproject\frontend\node_modules\scheduler\cjs\scheduler.development.js:239:14)
        at performWorkUntilDeadline (F:\myproject\frontend\node_modules\scheduler\cjs\scheduler.development.js:533:21)
        at Timeout.task [as _onTimeout] (F:\myproject\frontend\node_modules\jsdom\lib\jsdom\browser\Window.js:516:19)
        at listOnTimeout (node:internal/timers:594:17)
        at processTimers (node:internal/timers:529:7) ReferenceError: IntersectionObserver is not defined
        at F:\myproject\frontend\src\hooks\useScrollAnimation.js:10:22
        at commitHookEffectListMount (F:\myproject\frontend\node_modules\react-dom\cjs\react-dom.development.js:23189:26)
        at commitPassiveMountOnFiber (F:\myproject\frontend\node_modules\react-dom\cjs\react-dom.development.js:24970:11)
        at commitPassiveMountEffects_complete (F:\myproject\frontend\node_modules\react-dom\cjs\react-dom.development.js:24930:9)
        at commitPassiveMountEffects_begin (F:\myproject\frontend\node_modules\react-dom\cjs\react-dom.development.js:24917:7)
        at commitPassiveMountEffects (F:\myproject\frontend\node_modules\react-dom\cjs\react-dom.development.js:24905:3)
        at flushPassiveEffectsImpl (F:\myproject\frontend\node_modules\react-dom\cjs\react-dom.development.js:27078:3)
        at flushPassiveEffects (F:\myproject\frontend\node_modules\react-dom\cjs\react-dom.development.js:27023:14)
        at F:\myproject\frontend\node_modules\react-dom\cjs\react-dom.development.js:26808:9
        at workLoop (F:\myproject\frontend\node_modules\scheduler\cjs\scheduler.development.js:266:34)
        at flushWork (F:\myproject\frontend\node_modules\scheduler\cjs\scheduler.development.js:239:14)
        at performWorkUntilDeadline (F:\myproject\frontend\node_modules\scheduler\cjs\scheduler.development.js:533:21)
        at Timeout.task [as _onTimeout] (F:\myproject\frontend\node_modules\jsdom\lib\jsdom\browser\Window.js:516:19)
        at listOnTimeout (node:internal/timers:594:17)
        at processTimers (node:internal/timers:529:7)

      at VirtualConsole.<anonymous> (node_modules/jsdom/lib/jsdom/virtual-console.js:29:45)
      at reportException (node_modules/jsdom/lib/jsdom/living/helpers/runtime-script-errors.js:70:28)
      at innerInvokeEventListeners (node_modules/jsdom/lib/jsdom/living/events/EventTarget-impl.js:341:9)
      at invokeEventListeners (node_modules/jsdom/lib/jsdom/living/events/EventTarget-impl.js:274:3)
      at HTMLUnknownElementImpl._dispatch (node_modules/jsdom/lib/jsdom/living/events/EventTarget-impl.js:221:9)
      at HTMLUnknownElementImpl.dispatchEvent (node_modules/jsdom/lib/jsdom/living/events/EventTarget-impl.js:94:17)
      at HTMLUnknownElement.dispatchEvent (node_modules/jsdom/lib/jsdom/living/generated/EventTarget.js:231:34)
      at Object.invokeGuardedCallbackDev (node_modules/react-dom/cjs/react-dom.development.js:4213:16)
      at invokeGuardedCallback (node_modules/react-dom/cjs/react-dom.development.js:4277:31)
      at reportUncaughtErrorInDEV (node_modules/react-dom/cjs/react-dom.development.js:22877:5)
      at captureCommitPhaseError (node_modules/react-dom/cjs/react-dom.development.js:27165:5)
      at commitPassiveMountEffects_complete (node_modules/react-dom/cjs/react-dom.development.js:24932:9)
      at commitPassiveMountEffects_begin (node_modules/react-dom/cjs/react-dom.development.js:24917:7)
      at commitPassiveMountEffects (node_modules/react-dom/cjs/react-dom.development.js:24905:3)
      at flushPassiveEffectsImpl (node_modules/react-dom/cjs/react-dom.development.js:27078:3)
      at flushPassiveEffects (node_modules/react-dom/cjs/react-dom.development.js:27023:14)
      at node_modules/react-dom/cjs/react-dom.development.js:26808:9
      at workLoop (node_modules/scheduler/cjs/scheduler.development.js:266:34)
      at flushWork (node_modules/scheduler/cjs/scheduler.development.js:239:14)
      at performWorkUntilDeadline (node_modules/scheduler/cjs/scheduler.development.js:533:21)
      at Timeout.task [as _onTimeout] (node_modules/jsdom/lib/jsdom/browser/Window.js:516:19)

  console.error
    The above error occurred in the <ScrollReveal> component:
    
        at ScrollReveal (F:\myproject\frontend\src\hooks\useScrollAnimation.js:30:32)
        at div
        at div
        at UserManagementPage (F:\myproject\frontend\src\pages\admin\UserManagementPage.js:9:37)
        at AuthProvider (F:\myproject\frontend\src\contexts\AuthContext.js:6:32)
    
    Consider adding an error boundary to your tree to customize error handling behavior.
    Visit https://reactjs.org/link/error-boundaries to learn more about error boundaries.

      at logCapturedError (node_modules/react-dom/cjs/react-dom.development.js:18704:23)
      at update.callback (node_modules/react-dom/cjs/react-dom.development.js:18737:5)
      at callCallback (node_modules/react-dom/cjs/react-dom.development.js:15036:12)
      at commitUpdateQueue (node_modules/react-dom/cjs/react-dom.development.js:15057:9)
      at commitLayoutEffectOnFiber (node_modules/react-dom/cjs/react-dom.development.js:23430:13)
      at commitLayoutMountEffects_complete (node_modules/react-dom/cjs/react-dom.development.js:24727:9)
      at commitLayoutEffects_begin (node_modules/react-dom/cjs/react-dom.development.js:24713:7)
      at commitLayoutEffects (node_modules/react-dom/cjs/react-dom.development.js:24651:3)
      at commitRootImpl (node_modules/react-dom/cjs/react-dom.development.js:26862:5)
      at commitRoot (node_modules/react-dom/cjs/react-dom.development.js:26721:5)
      at performSyncWorkOnRoot (node_modules/react-dom/cjs/react-dom.development.js:26156:3)
      at flushSyncCallbacks (node_modules/react-dom/cjs/react-dom.development.js:12042:22)
      at flushPassiveEffectsImpl (node_modules/react-dom/cjs/react-dom.development.js:27099:3)
      at flushPassiveEffects (node_modules/react-dom/cjs/react-dom.development.js:27023:14)
      at node_modules/react-dom/cjs/react-dom.development.js:26808:9
      at workLoop (node_modules/scheduler/cjs/scheduler.development.js:266:34)
      at flushWork (node_modules/scheduler/cjs/scheduler.development.js:239:14)
      at performWorkUntilDeadline (node_modules/scheduler/cjs/scheduler.development.js:533:21)
      at Timeout.task [as _onTimeout] (node_modules/jsdom/lib/jsdom/browser/Window.js:516:19)

  console.error
    The above error occurred in the <ScrollReveal> component:
    
        at ScrollReveal (F:\myproject\frontend\src\hooks\useScrollAnimation.js:30:32)
        at div
        at div
        at UserManagementPage (F:\myproject\frontend\src\pages\admin\UserManagementPage.js:9:37)
        at AuthProvider (F:\myproject\frontend\src\contexts\AuthContext.js:6:32)
    
    Consider adding an error boundary to your tree to customize error handling behavior.
    Visit https://reactjs.org/link/error-boundaries to learn more about error boundaries.

      at logCapturedError (node_modules/react-dom/cjs/react-dom.development.js:18704:23)
      at update.callback (node_modules/react-dom/cjs/react-dom.development.js:18737:5)
      at callCallback (node_modules/react-dom/cjs/react-dom.development.js:15036:12)
      at commitUpdateQueue (node_modules/react-dom/cjs/react-dom.development.js:15057:9)
      at commitLayoutEffectOnFiber (node_modules/react-dom/cjs/react-dom.development.js:23430:13)
      at commitLayoutMountEffects_complete (node_modules/react-dom/cjs/react-dom.development.js:24727:9)
      at commitLayoutEffects_begin (node_modules/react-dom/cjs/react-dom.development.js:24713:7)
      at commitLayoutEffects (node_modules/react-dom/cjs/react-dom.development.js:24651:3)
      at commitRootImpl (node_modules/react-dom/cjs/react-dom.development.js:26862:5)
      at commitRoot (node_modules/react-dom/cjs/react-dom.development.js:26721:5)
      at performSyncWorkOnRoot (node_modules/react-dom/cjs/react-dom.development.js:26156:3)
      at flushSyncCallbacks (node_modules/react-dom/cjs/react-dom.development.js:12042:22)
      at flushPassiveEffectsImpl (node_modules/react-dom/cjs/react-dom.development.js:27099:3)
      at flushPassiveEffects (node_modules/react-dom/cjs/react-dom.development.js:27023:14)
      at node_modules/react-dom/cjs/react-dom.development.js:26808:9
      at workLoop (node_modules/scheduler/cjs/scheduler.development.js:266:34)
      at flushWork (node_modules/scheduler/cjs/scheduler.development.js:239:14)
      at performWorkUntilDeadline (node_modules/scheduler/cjs/scheduler.development.js:533:21)
      at Timeout.task [as _onTimeout] (node_modules/jsdom/lib/jsdom/browser/Window.js:516:19)

  console.error
    Error: Uncaught [ReferenceError: IntersectionObserver is not defined]
        at reportException (F:\myproject\frontend\node_modules\jsdom\lib\jsdom\living\helpers\runtime-script-errors.js:66:24)
        at Timeout.task [as _onTimeout] (F:\myproject\frontend\node_modules\jsdom\lib\jsdom\browser\Window.js:521:9)
        at listOnTimeout (node:internal/timers:594:17)
        at processTimers (node:internal/timers:529:7) ReferenceError: IntersectionObserver is not defined
        at F:\myproject\frontend\src\hooks\useScrollAnimation.js:10:22
        at commitHookEffectListMount (F:\myproject\frontend\node_modules\react-dom\cjs\react-dom.development.js:23189:26)
        at commitPassiveMountOnFiber (F:\myproject\frontend\node_modules\react-dom\cjs\react-dom.development.js:24970:11)
        at commitPassiveMountEffects_complete (F:\myproject\frontend\node_modules\react-dom\cjs\react-dom.development.js:24930:9)
        at commitPassiveMountEffects_begin (F:\myproject\frontend\node_modules\react-dom\cjs\react-dom.development.js:24917:7)
        at commitPassiveMountEffects (F:\myproject\frontend\node_modules\react-dom\cjs\react-dom.development.js:24905:3)
        at flushPassiveEffectsImpl (F:\myproject\frontend\node_modules\react-dom\cjs\react-dom.development.js:27078:3)
        at flushPassiveEffects (F:\myproject\frontend\node_modules\react-dom\cjs\react-dom.development.js:27023:14)
        at F:\myproject\frontend\node_modules\react-dom\cjs\react-dom.development.js:26808:9
        at workLoop (F:\myproject\frontend\node_modules\scheduler\cjs\scheduler.development.js:266:34)
        at flushWork (F:\myproject\frontend\node_modules\scheduler\cjs\scheduler.development.js:239:14)
        at performWorkUntilDeadline (F:\myproject\frontend\node_modules\scheduler\cjs\scheduler.development.js:533:21)
        at Timeout.task [as _onTimeout] (F:\myproject\frontend\node_modules\jsdom\lib\jsdom\browser\Window.js:516:19)
        at listOnTimeout (node:internal/timers:594:17)
        at processTimers (node:internal/timers:529:7)

      at VirtualConsole.<anonymous> (node_modules/jsdom/lib/jsdom/virtual-console.js:29:45)
      at reportException (node_modules/jsdom/lib/jsdom/living/helpers/runtime-script-errors.js:70:28)
      at Timeout.task [as _onTimeout] (node_modules/jsdom/lib/jsdom/browser/Window.js:521:9)

FAIL src/__tests__/UserManagementPage.test.js (13.971 s)
  UserManagementPage ΓÇö REQ-045, REQ-046, REQ-047
    ΓêÜ TEST-164: displays loading skeleton on mount (1432 ms)
    ├ù TEST-165: renders users from API response via adminService (254 ms)
    ├ù TEST-166: renders error state when adminService fails (122 ms)
    ├ù TEST-167: shows empty state when no users (224 ms)
    ├ù TEST-168: calls toggleUserStatus on button click (152 ms)
    ├ù TEST-169: shows error when toggleUserStatus fails (176 ms)
    ├ù TEST-170: renders pagination when totalPages > 1 (242 ms)

  ΓùÅ UserManagementPage ΓÇö REQ-045, REQ-046, REQ-047 ΓÇ║ TEST-165: renders users from API response via adminService

    ReferenceError: IntersectionObserver is not defined

    [0m [90m  8 |[39m     [36mif[39m ([33m![39mel) [36mreturn[39m[33m;[39m
     [90m  9 |[39m
    [31m[1m>[22m[39m[90m 10 |[39m     [36mconst[39m observer [33m=[39m [36mnew[39m 
[33mIntersectionObserver[39m(
     [90m    |[39m                      [31m[1m^[22m[39m
     [90m 11 |[39m       ([entry]) [33m=>[39m {
     [90m 12 |[39m         [36mif[39m (entry[33m.[39misIntersecting) {
     [90m 13 |[39m           el[33m.[39mclassList[33m.[39madd([32m'revealed'[39m)[33m;[39m[0m

      at src/hooks/useScrollAnimation.js:10:22
      at commitHookEffectListMount (node_modules/react-dom/cjs/react-dom.development.js:23189:26)
      at commitPassiveMountOnFiber (node_modules/react-dom/cjs/react-dom.development.js:24970:11)
      at commitPassiveMountEffects_complete (node_modules/react-dom/cjs/react-dom.development.js:24930:9)
      at commitPassiveMountEffects_begin (node_modules/react-dom/cjs/react-dom.development.js:24917:7)
      at commitPassiveMountEffects (node_modules/react-dom/cjs/react-dom.development.js:24905:3)
      at flushPassiveEffectsImpl (node_modules/react-dom/cjs/react-dom.development.js:27078:3)
      at flushPassiveEffects (node_modules/react-dom/cjs/react-dom.development.js:27023:14)
      at node_modules/react-dom/cjs/react-dom.development.js:26808:9
      at workLoop (node_modules/scheduler/cjs/scheduler.development.js:266:34)
      at flushWork (node_modules/scheduler/cjs/scheduler.development.js:239:14)
      at performWorkUntilDeadline (node_modules/scheduler/cjs/scheduler.development.js:533:21)
      at Timeout.task [as _onTimeout] (node_modules/jsdom/lib/jsdom/browser/Window.js:516:19)

  ΓùÅ UserManagementPage ΓÇö REQ-045, REQ-046, REQ-047 ΓÇ║ TEST-166: renders error state when adminService fails

    ReferenceError: IntersectionObserver is not defined

    [0m [90m  8 |[39m     [36mif[39m ([33m![39mel) [36mreturn[39m[33m;[39m
     [90m  9 |[39m
    [31m[1m>[22m[39m[90m 10 |[39m     [36mconst[39m observer [33m=[39m [36mnew[39m 
[33mIntersectionObserver[39m(
     [90m    |[39m                      [31m[1m^[22m[39m
     [90m 11 |[39m       ([entry]) [33m=>[39m {
     [90m 12 |[39m         [36mif[39m (entry[33m.[39misIntersecting) {
     [90m 13 |[39m           el[33m.[39mclassList[33m.[39madd([32m'revealed'[39m)[33m;[39m[0m

      at src/hooks/useScrollAnimation.js:10:22
      at commitHookEffectListMount (node_modules/react-dom/cjs/react-dom.development.js:23189:26)
      at commitPassiveMountOnFiber (node_modules/react-dom/cjs/react-dom.development.js:24970:11)
      at commitPassiveMountEffects_complete (node_modules/react-dom/cjs/react-dom.development.js:24930:9)
      at commitPassiveMountEffects_begin (node_modules/react-dom/cjs/react-dom.development.js:24917:7)
      at commitPassiveMountEffects (node_modules/react-dom/cjs/react-dom.development.js:24905:3)
      at flushPassiveEffectsImpl (node_modules/react-dom/cjs/react-dom.development.js:27078:3)
      at flushPassiveEffects (node_modules/react-dom/cjs/react-dom.development.js:27023:14)
      at node_modules/react-dom/cjs/react-dom.development.js:26808:9
      at workLoop (node_modules/scheduler/cjs/scheduler.development.js:266:34)
      at flushWork (node_modules/scheduler/cjs/scheduler.development.js:239:14)
      at performWorkUntilDeadline (node_modules/scheduler/cjs/scheduler.development.js:533:21)
      at Timeout.task [as _onTimeout] (node_modules/jsdom/lib/jsdom/browser/Window.js:516:19)

  ΓùÅ UserManagementPage ΓÇö REQ-045, REQ-046, REQ-047 ΓÇ║ TEST-167: shows empty state when no users

    ReferenceError: IntersectionObserver is not defined

    [0m [90m  8 |[39m     [36mif[39m ([33m![39mel) [36mreturn[39m[33m;[39m
     [90m  9 |[39m
    [31m[1m>[22m[39m[90m 10 |[39m     [36mconst[39m observer [33m=[39m [36mnew[39m 
[33mIntersectionObserver[39m(
     [90m    |[39m                      [31m[1m^[22m[39m
     [90m 11 |[39m       ([entry]) [33m=>[39m {
     [90m 12 |[39m         [36mif[39m (entry[33m.[39misIntersecting) {
     [90m 13 |[39m           el[33m.[39mclassList[33m.[39madd([32m'revealed'[39m)[33m;[39m[0m

      at src/hooks/useScrollAnimation.js:10:22
      at commitHookEffectListMount (node_modules/react-dom/cjs/react-dom.development.js:23189:26)
      at commitPassiveMountOnFiber (node_modules/react-dom/cjs/react-dom.development.js:24970:11)
      at commitPassiveMountEffects_complete (node_modules/react-dom/cjs/react-dom.development.js:24930:9)
      at commitPassiveMountEffects_begin (node_modules/react-dom/cjs/react-dom.development.js:24917:7)
      at commitPassiveMountEffects (node_modules/react-dom/cjs/react-dom.development.js:24905:3)
      at flushPassiveEffectsImpl (node_modules/react-dom/cjs/react-dom.development.js:27078:3)
      at flushPassiveEffects (node_modules/react-dom/cjs/react-dom.development.js:27023:14)
      at node_modules/react-dom/cjs/react-dom.development.js:26808:9
      at workLoop (node_modules/scheduler/cjs/scheduler.development.js:266:34)
      at flushWork (node_modules/scheduler/cjs/scheduler.development.js:239:14)
      at performWorkUntilDeadline (node_modules/scheduler/cjs/scheduler.development.js:533:21)
      at Timeout.task [as _onTimeout] (node_modules/jsdom/lib/jsdom/browser/Window.js:516:19)

  ΓùÅ UserManagementPage ΓÇö REQ-045, REQ-046, REQ-047 ΓÇ║ TEST-168: calls toggleUserStatus on button click

    ReferenceError: IntersectionObserver is not defined

    [0m [90m  8 |[39m     [36mif[39m ([33m![39mel) [36mreturn[39m[33m;[39m
     [90m  9 |[39m
    [31m[1m>[22m[39m[90m 10 |[39m     [36mconst[39m observer [33m=[39m [36mnew[39m 
[33mIntersectionObserver[39m(
     [90m    |[39m                      [31m[1m^[22m[39m
     [90m 11 |[39m       ([entry]) [33m=>[39m {
     [90m 12 |[39m         [36mif[39m (entry[33m.[39misIntersecting) {
     [90m 13 |[39m           el[33m.[39mclassList[33m.[39madd([32m'revealed'[39m)[33m;[39m[0m

      at src/hooks/useScrollAnimation.js:10:22
      at commitHookEffectListMount (node_modules/react-dom/cjs/react-dom.development.js:23189:26)
      at commitPassiveMountOnFiber (node_modules/react-dom/cjs/react-dom.development.js:24970:11)
      at commitPassiveMountEffects_complete (node_modules/react-dom/cjs/react-dom.development.js:24930:9)
      at commitPassiveMountEffects_begin (node_modules/react-dom/cjs/react-dom.development.js:24917:7)
      at commitPassiveMountEffects (node_modules/react-dom/cjs/react-dom.development.js:24905:3)
      at flushPassiveEffectsImpl (node_modules/react-dom/cjs/react-dom.development.js:27078:3)
      at flushPassiveEffects (node_modules/react-dom/cjs/react-dom.development.js:27023:14)
      at node_modules/react-dom/cjs/react-dom.development.js:26808:9
      at workLoop (node_modules/scheduler/cjs/scheduler.development.js:266:34)
      at flushWork (node_modules/scheduler/cjs/scheduler.development.js:239:14)
      at performWorkUntilDeadline (node_modules/scheduler/cjs/scheduler.development.js:533:21)
      at Timeout.task [as _onTimeout] (node_modules/jsdom/lib/jsdom/browser/Window.js:516:19)

  ΓùÅ UserManagementPage ΓÇö REQ-045, REQ-046, REQ-047 ΓÇ║ TEST-168: calls toggleUserStatus on button click

    TestingLibraryElementError: Unable to find an element with the text: Deactivate. This could be because the text is 
broken up by multiple elements. In this case, you can provide a function for your text matcher to make your matcher 
more flexible.

    Ignored nodes: comments, script, style
    [36m<body>[39m
      [36m<div />[39m
    [36m</body>[39m

    [0m [90m 72 |[39m       
expect(screen[33m.[39mgetByText([32m'Alice'[39m))[33m.[39mtoBeInTheDocument()[33m;[39m
     [90m 73 |[39m     })[33m;[39m
    [31m[1m>[22m[39m[90m 74 |[39m     [36mconst[39m buttons [33m=[39m 
screen[33m.[39mgetAllByText([32m'Deactivate'[39m)[33m;[39m
     [90m    |[39m                            [31m[1m^[22m[39m
     [90m 75 |[39m     [36mawait[39m userEvent[33m.[39mclick(buttons[[35m0[39m])[33m;[39m
     [90m 76 |[39m     [36mawait[39m waitFor(() [33m=>[39m {
     [90m 77 |[39m       
expect(adminService[33m.[39mtoggleUserStatus)[33m.[39mtoHaveBeenCalledWith([35m1[39m)[33m;[39m[0m

      at Object.getElementError (node_modules/@testing-library/dom/dist/config.js:37:19)
      at node_modules/@testing-library/dom/dist/query-helpers.js:76:38
      at getAllByText (node_modules/@testing-library/dom/dist/query-helpers.js:109:15)
      at Object.<anonymous> (src/__tests__/UserManagementPage.test.js:74:28)

  ΓùÅ UserManagementPage ΓÇö REQ-045, REQ-046, REQ-047 ΓÇ║ TEST-169: shows error when toggleUserStatus fails

    ReferenceError: IntersectionObserver is not defined

    [0m [90m  8 |[39m     [36mif[39m ([33m![39mel) [36mreturn[39m[33m;[39m
     [90m  9 |[39m
    [31m[1m>[22m[39m[90m 10 |[39m     [36mconst[39m observer [33m=[39m [36mnew[39m 
[33mIntersectionObserver[39m(
     [90m    |[39m                      [31m[1m^[22m[39m
     [90m 11 |[39m       ([entry]) [33m=>[39m {
     [90m 12 |[39m         [36mif[39m (entry[33m.[39misIntersecting) {
     [90m 13 |[39m           el[33m.[39mclassList[33m.[39madd([32m'revealed'[39m)[33m;[39m[0m

      at src/hooks/useScrollAnimation.js:10:22
      at commitHookEffectListMount (node_modules/react-dom/cjs/react-dom.development.js:23189:26)
      at commitPassiveMountOnFiber (node_modules/react-dom/cjs/react-dom.development.js:24970:11)
      at commitPassiveMountEffects_complete (node_modules/react-dom/cjs/react-dom.development.js:24930:9)
      at commitPassiveMountEffects_begin (node_modules/react-dom/cjs/react-dom.development.js:24917:7)
      at commitPassiveMountEffects (node_modules/react-dom/cjs/react-dom.development.js:24905:3)
      at flushPassiveEffectsImpl (node_modules/react-dom/cjs/react-dom.development.js:27078:3)
      at flushPassiveEffects (node_modules/react-dom/cjs/react-dom.development.js:27023:14)
      at node_modules/react-dom/cjs/react-dom.development.js:26808:9
      at workLoop (node_modules/scheduler/cjs/scheduler.development.js:266:34)
      at flushWork (node_modules/scheduler/cjs/scheduler.development.js:239:14)
      at performWorkUntilDeadline (node_modules/scheduler/cjs/scheduler.development.js:533:21)
      at Timeout.task [as _onTimeout] (node_modules/jsdom/lib/jsdom/browser/Window.js:516:19)

  ΓùÅ UserManagementPage ΓÇö REQ-045, REQ-046, REQ-047 ΓÇ║ TEST-169: shows error when toggleUserStatus fails

    TestingLibraryElementError: Unable to find an element with the text: Deactivate. This could be because the text is 
broken up by multiple elements. In this case, you can provide a function for your text matcher to make your matcher 
more flexible.

    Ignored nodes: comments, script, style
    [36m<body>[39m
      [36m<div />[39m
    [36m</body>[39m

    [0m [90m 87 |[39m       
expect(screen[33m.[39mgetByText([32m'Alice'[39m))[33m.[39mtoBeInTheDocument()[33m;[39m
     [90m 88 |[39m     })[33m;[39m
    [31m[1m>[22m[39m[90m 89 |[39m     [36mconst[39m buttons [33m=[39m 
screen[33m.[39mgetAllByText([32m'Deactivate'[39m)[33m;[39m
     [90m    |[39m                            [31m[1m^[22m[39m
     [90m 90 |[39m     [36mawait[39m userEvent[33m.[39mclick(buttons[[35m0[39m])[33m;[39m
     [90m 91 |[39m     [36mawait[39m waitFor(() [33m=>[39m {
     [90m 92 |[39m       expect(screen[33m.[39mgetByText([35m/Toggle 
failed/i[39m))[33m.[39mtoBeInTheDocument()[33m;[39m[0m

      at Object.getElementError (node_modules/@testing-library/dom/dist/config.js:37:19)
      at node_modules/@testing-library/dom/dist/query-helpers.js:76:38
      at getAllByText (node_modules/@testing-library/dom/dist/query-helpers.js:109:15)
      at Object.<anonymous> (src/__tests__/UserManagementPage.test.js:89:28)

  ΓùÅ UserManagementPage ΓÇö REQ-045, REQ-046, REQ-047 ΓÇ║ TEST-170: renders pagination when totalPages > 1

    ReferenceError: IntersectionObserver is not defined

    [0m [90m  8 |[39m     [36mif[39m ([33m![39mel) [36mreturn[39m[33m;[39m
     [90m  9 |[39m
    [31m[1m>[22m[39m[90m 10 |[39m     [36mconst[39m observer [33m=[39m [36mnew[39m 
[33mIntersectionObserver[39m(
     [90m    |[39m                      [31m[1m^[22m[39m
     [90m 11 |[39m       ([entry]) [33m=>[39m {
     [90m 12 |[39m         [36mif[39m (entry[33m.[39misIntersecting) {
     [90m 13 |[39m           el[33m.[39mclassList[33m.[39madd([32m'revealed'[39m)[33m;[39m[0m

      at src/hooks/useScrollAnimation.js:10:22
      at commitHookEffectListMount (node_modules/react-dom/cjs/react-dom.development.js:23189:26)
      at commitPassiveMountOnFiber (node_modules/react-dom/cjs/react-dom.development.js:24970:11)
      at commitPassiveMountEffects_complete (node_modules/react-dom/cjs/react-dom.development.js:24930:9)
      at commitPassiveMountEffects_begin (node_modules/react-dom/cjs/react-dom.development.js:24917:7)
      at commitPassiveMountEffects (node_modules/react-dom/cjs/react-dom.development.js:24905:3)
      at flushPassiveEffectsImpl (node_modules/react-dom/cjs/react-dom.development.js:27078:3)
      at flushPassiveEffects (node_modules/react-dom/cjs/react-dom.development.js:27023:14)
      at node_modules/react-dom/cjs/react-dom.development.js:26808:9
      at workLoop (node_modules/scheduler/cjs/scheduler.development.js:266:34)
      at flushWork (node_modules/scheduler/cjs/scheduler.development.js:239:14)
      at performWorkUntilDeadline (node_modules/scheduler/cjs/scheduler.development.js:533:21)
      at Timeout.task [as _onTimeout] (node_modules/jsdom/lib/jsdom/browser/Window.js:516:19)

  ΓùÅ UserManagementPage ΓÇö REQ-045, REQ-046, REQ-047 ΓÇ║ TEST-170: renders pagination when totalPages > 1

    expect(received).toBeInTheDocument()

    received value must be an HTMLElement or an SVGElement.
    Received has value: null

    [0m [90m 106 |[39m       
expect(screen[33m.[39mgetByText([32m'User1'[39m))[33m.[39mtoBeInTheDocument()[33m;[39m
     [90m 107 |[39m     })[33m;[39m
    [31m[1m>[22m[39m[90m 108 |[39m     
expect(document[33m.[39mquerySelector([32m'.pagination'[39m))[33m.[39mtoBeInTheDocument()[33m;[39m
     [90m     |[39m                                                   [31m[1m^[22m[39m
     [90m 109 |[39m   })[33m;[39m
     [90m 110 |[39m })[33m;[39m
     [90m 111 |[39m[0m

      at __EXTERNAL_MATCHER_TRAP__ (node_modules/expect/build/index.js:386:30)
      at Object.toBeInTheDocument (node_modules/expect/build/index.js:387:15)
      at Object.<anonymous> (src/__tests__/UserManagementPage.test.js:108:51)

FAIL src/__tests__/BookingContext.test.js
  BookingContext ΓÇö REQ-050
    ΓêÜ TEST-200: provides initial empty state (88 ms)
    ├ù TEST-201: getBookings fetches and sets bookings (1 ms)
    ├ù TEST-202: cancelBooking calls API (1 ms)
    ΓêÜ TEST-203: throws error when used outside provider (95 ms)

  ΓùÅ BookingContext ΓÇö REQ-050 ΓÇ║ TEST-201: getBookings fetches and sets bookings

    TypeError: Cannot read properties of undefined (reading 'mockResolvedValue')

    [0m [90m 34 |[39m   test([32m'TEST-201: getBookings fetches and sets bookings'[39m[33m,[39m [36masync[39m 
() [33m=>[39m {
     [90m 35 |[39m     [36mconst[39m api [33m=[39m require([32m'../services/api'[39m)[33m;[39m
    [31m[1m>[22m[39m[90m 36 |[39m     api[33m.[39m[36mget[39m[33m.[39mmockResolvedValue({
     [90m    |[39m             [31m[1m^[22m[39m
     [90m 37 |[39m       data[33m:[39m { data[33m:[39m [{ id[33m:[39m [35m1[39m[33m,[39m route[33m:[39m 
[32m'Delhi ΓåÆ Mumbai'[39m }][33m,[39m totalPages[33m:[39m [35m1[39m[33m,[39m page[33m:[39m 
[35m1[39m[33m,[39m total[33m:[39m [35m1[39m }
     [90m 38 |[39m     })[33m;[39m
     [90m 39 |[39m     render([0m

      at Object.<anonymous> (src/__tests__/BookingContext.test.js:36:13)

  ΓùÅ BookingContext ΓÇö REQ-050 ΓÇ║ TEST-202: cancelBooking calls API

    TypeError: Cannot read properties of undefined (reading 'mockResolvedValue')

    [0m [90m 52 |[39m   test([32m'TEST-202: cancelBooking calls API'[39m[33m,[39m [36masync[39m () 
[33m=>[39m {
     [90m 53 |[39m     [36mconst[39m api [33m=[39m require([32m'../services/api'[39m)[33m;[39m
    [31m[1m>[22m[39m[90m 54 |[39m     api[33m.[39mput[33m.[39mmockResolvedValue({ data[33m:[39m { 
success[33m:[39m [36mtrue[39m } })[33m;[39m
     [90m    |[39m             [31m[1m^[22m[39m
     [90m 55 |[39m     render(
     [90m 56 |[39m       [33m<[39m[33mBookingProvider[39m[33m>[39m
     [90m 57 |[39m         [33m<[39m[33mTestComponent[39m [33m/[39m[33m>[39m[0m

      at Object.<anonymous> (src/__tests__/BookingContext.test.js:54:13)

  console.warn
    ΓÜá∩╕Å React Router Future Flag Warning: React Router will begin wrapping state updates in `React.startTransition` in v7. You can use the `v7_startTransition` future flag to opt-in early. For more information, see https://reactrouter.com/v6/upgrading/future#v7_starttransition.

    [0m [90m 12 |[39m
     [90m 13 |[39m [36mfunction[39m renderRoute(initialEntries) {
    [31m[1m>[22m[39m[90m 14 |[39m   [36mreturn[39m render(
     [90m    |[39m                [31m[1m^[22m[39m
     [90m 15 |[39m     [33m<[39m[33mMemoryRouter[39m initialEntries[33m=[39m{initialEntries}[33m>[39m
     [90m 16 |[39m       [33m<[39m[33mAuthProvider[39m[33m>[39m
     [90m 17 |[39m         [33m<[39m[33mRoutes[39m[33m>[39m[0m

      at warnOnce (node_modules/react-router/lib/deprecations.ts:9:13)
      at logDeprecation (node_modules/react-router/lib/deprecations.ts:14:3)
      at logV6DeprecationWarnings (node_modules/react-router/lib/deprecations.ts:26:5)
      at node_modules/react-router/lib/components.tsx:257:25
      at commitHookEffectListMount (node_modules/react-dom/cjs/react-dom.development.js:23189:26)
      at commitPassiveMountOnFiber (node_modules/react-dom/cjs/react-dom.development.js:24970:11)
      at commitPassiveMountEffects_complete (node_modules/react-dom/cjs/react-dom.development.js:24930:9)
      at commitPassiveMountEffects_begin (node_modules/react-dom/cjs/react-dom.development.js:24917:7)
      at commitPassiveMountEffects (node_modules/react-dom/cjs/react-dom.development.js:24905:3)
      at flushPassiveEffectsImpl (node_modules/react-dom/cjs/react-dom.development.js:27078:3)
      at flushPassiveEffects (node_modules/react-dom/cjs/react-dom.development.js:27023:14)
      at node_modules/react-dom/cjs/react-dom.development.js:26808:9
      at flushActQueue (node_modules/react/cjs/react.development.js:2667:24)
      at act (node_modules/react/cjs/react.development.js:2582:11)
      at node_modules/@testing-library/react/dist/act-compat.js:46:25
      at renderRoot (node_modules/@testing-library/react/dist/pure.js:189:26)
      at render (node_modules/@testing-library/react/dist/pure.js:291:10)
      at renderRoute (src/__tests__/RoleRoute.test.js:14:16)
      at Object.<anonymous> (src/__tests__/RoleRoute.test.js:39:5)

  console.warn
    ΓÜá∩╕Å React Router Future Flag Warning: Relative route resolution within Splat routes is changing in v7. You can use the `v7_relativeSplatPath` future flag to opt-in early. For more information, see https://reactrouter.com/v6/upgrading/future#v7_relativesplatpath.

    [0m [90m 12 |[39m
     [90m 13 |[39m [36mfunction[39m renderRoute(initialEntries) {
    [31m[1m>[22m[39m[90m 14 |[39m   [36mreturn[39m render(
     [90m    |[39m                [31m[1m^[22m[39m
     [90m 15 |[39m     [33m<[39m[33mMemoryRouter[39m initialEntries[33m=[39m{initialEntries}[33m>[39m
     [90m 16 |[39m       [33m<[39m[33mAuthProvider[39m[33m>[39m
     [90m 17 |[39m         [33m<[39m[33mRoutes[39m[33m>[39m[0m

      at warnOnce (node_modules/react-router/lib/deprecations.ts:9:13)
      at logDeprecation (node_modules/react-router/lib/deprecations.ts:14:3)
      at logV6DeprecationWarnings (node_modules/react-router/lib/deprecations.ts:37:5)
      at node_modules/react-router/lib/components.tsx:257:25
      at commitHookEffectListMount (node_modules/react-dom/cjs/react-dom.development.js:23189:26)
      at commitPassiveMountOnFiber (node_modules/react-dom/cjs/react-dom.development.js:24970:11)
      at commitPassiveMountEffects_complete (node_modules/react-dom/cjs/react-dom.development.js:24930:9)
      at commitPassiveMountEffects_begin (node_modules/react-dom/cjs/react-dom.development.js:24917:7)
      at commitPassiveMountEffects (node_modules/react-dom/cjs/react-dom.development.js:24905:3)
      at flushPassiveEffectsImpl (node_modules/react-dom/cjs/react-dom.development.js:27078:3)
      at flushPassiveEffects (node_modules/react-dom/cjs/react-dom.development.js:27023:14)
      at node_modules/react-dom/cjs/react-dom.development.js:26808:9
      at flushActQueue (node_modules/react/cjs/react.development.js:2667:24)
      at act (node_modules/react/cjs/react.development.js:2582:11)
      at node_modules/@testing-library/react/dist/act-compat.js:46:25
      at renderRoot (node_modules/@testing-library/react/dist/pure.js:189:26)
      at render (node_modules/@testing-library/react/dist/pure.js:291:10)
      at renderRoute (src/__tests__/RoleRoute.test.js:14:16)
      at Object.<anonymous> (src/__tests__/RoleRoute.test.js:39:5)

PASS src/__tests__/ServiceLayer.test.js
  Service Layer ΓÇö REQ-054
    ΓêÜ TEST-194: adminService.getUsers returns user list (59 ms)
    ΓêÜ TEST-195: adminService.toggleUserStatus sends PUT request (1 ms)
    ΓêÜ TEST-196: bookingService.getBookings returns paginated bookings (46 ms)
    ΓêÜ TEST-199: service functions reject when API fails (16 ms)

FAIL src/__tests__/AuthContext.test.js
  AuthContext
    ΓêÜ should start with loading true then false (14 ms)
    ΓêÜ should have null user and token when not logged in (17 ms)
    ├ù should set user from stored token (21 ms)

  ΓùÅ AuthContext ΓÇ║ should set user from stored token

    expect(received).toBe(expected) // Object.is equality

    Expected: "eyJpZCI6MSwicm9sZSI6InRyYXZlbGVyIiwiZXhwIjoxNzgxMDAwODQ0LjY5fQ=="
    Received: "null"

    [0m [90m 52 |[39m       [33m<[39m[33m/[39m[33mAuthProvider[39m[33m>[39m
     [90m 53 |[39m     )[33m;[39m
    [31m[1m>[22m[39m[90m 54 |[39m     
expect(screen[33m.[39mgetByTestId([32m'token'[39m)[33m.[39mtextContent)[33m.[39mtoBe(token)[33m;[39m
     [90m    |[39m                                                     [31m[1m^[22m[39m
     [90m 55 |[39m   })[33m;[39m
     [90m 56 |[39m })[33m;[39m
     [90m 57 |[39m[0m

      at Object.<anonymous> (src/__tests__/AuthContext.test.js:54:53)

PASS src/__tests__/NotificationContext.test.js
  NotificationContext
    ΓêÜ should start with empty notifications (13 ms)
    ΓêÜ should add notification and auto-remove after 3s (19 ms)
    ΓêÜ should manually remove notification (12 ms)

FAIL src/__tests__/RoleRoute.test.js
  RoleRoute ΓÇö REQ-052
    ├ù TEST-183: renders children when user has required role (1816 ms)
    ΓêÜ TEST-184: redirects when user lacks required role (23 ms)
    ΓêÜ TEST-185: redirects when no token (42 ms)
    ├ù TEST-186: shows loading state while auth is loading (1038 ms)

  ΓùÅ RoleRoute ΓÇö REQ-052 ΓÇ║ TEST-183: renders children when user has required role

    Unable to find an element by: [data-testid="protected-content"]

    Ignored nodes: comments, script, style
    [36m<body>[39m
      [36m<div>[39m
        [36m<div>[39m
          [0mSearch Page[0m
        [36m</div>[39m
      [36m</div>[39m
    [36m</body>[39m

    [0m [90m 38 |[39m     localStorage[33m.[39msetItem([32m'token'[39m[33m,[39m token)[33m;[39m
     [90m 39 |[39m     renderRoute([[32m'/test'[39m])[33m;[39m
    [31m[1m>[22m[39m[90m 40 |[39m     [36mawait[39m waitFor(() [33m=>[39m {
     [90m    |[39m                  [31m[1m^[22m[39m
     [90m 41 |[39m       
expect(screen[33m.[39mgetByTestId([32m'protected-content'[39m))[33m.[39mtoBeInTheDocument()[33m;[39m
     [90m 42 |[39m     })[33m;[39m
     [90m 43 |[39m   })[33m;[39m[0m

      at waitForWrapper (node_modules/@testing-library/dom/dist/wait-for.js:163:27)
      at Object.<anonymous> (src/__tests__/RoleRoute.test.js:40:18)

  ΓùÅ RoleRoute ΓÇö REQ-052 ΓÇ║ TEST-186: shows loading state while auth is loading

    expect(received).toBeInTheDocument()

    received value must be an HTMLElement or an SVGElement.
    Received has value: null

    Ignored nodes: comments, script, style
    [36m<html>[39m
      [36m<head />[39m
      [36m<body>[39m
        [36m<div>[39m
          [36m<div>[39m
            [0mSearch Page[0m
          [36m</div>[39m
        [36m</div>[39m
      [36m</body>[39m
    [36m</html>[39m

    [0m [90m 62 |[39m     renderRoute([[32m'/test'[39m])[33m;[39m
     [90m 63 |[39m     [36mawait[39m waitFor(() [33m=>[39m {
    [31m[1m>[22m[39m[90m 64 |[39m       
expect(document[33m.[39mquerySelector([32m'.loading-page'[39m))[33m.[39mtoBeInTheDocument()[33m;[39m
     [90m    |[39m                                                       [31m[1m^[22m[39m
     [90m 65 |[39m     })[33m;[39m
     [90m 66 |[39m   })[33m;[39m
     [90m 67 |[39m })[33m;[39m[0m

      at __EXTERNAL_MATCHER_TRAP__ (node_modules/expect/build/index.js:386:30)
      at Object.toBeInTheDocument (node_modules/expect/build/index.js:387:15)
      at src/__tests__/RoleRoute.test.js:64:55
      at runWithExpensiveErrorDiagnosticsDisabled (node_modules/@testing-library/dom/dist/config.js:47:12)
      at checkCallback (node_modules/@testing-library/dom/dist/wait-for.js:124:77)
      at checkRealTimersCallback (node_modules/@testing-library/dom/dist/wait-for.js:118:16)
      at Timeout.task [as _onTimeout] (node_modules/jsdom/lib/jsdom/browser/Window.js:516:19)

  console.error
    Error: Not implemented: window.scrollTo
        at module.exports (F:\myproject\frontend\node_modules\jsdom\lib\jsdom\browser\not-implemented.js:9:17)
        at scrollTo (F:\myproject\frontend\node_modules\jsdom\lib\jsdom\browser\Window.js:866:7)
        at F:\myproject\frontend\src\App.js:14:12
        at commitHookEffectListMount (F:\myproject\frontend\node_modules\react-dom\cjs\react-dom.development.js:23189:26)
        at commitPassiveMountOnFiber (F:\myproject\frontend\node_modules\react-dom\cjs\react-dom.development.js:24970:11)
        at commitPassiveMountEffects_complete (F:\myproject\frontend\node_modules\react-dom\cjs\react-dom.development.js:24930:9)
        at commitPassiveMountEffects_begin (F:\myproject\frontend\node_modules\react-dom\cjs\react-dom.development.js:24917:7)
        at commitPassiveMountEffects (F:\myproject\frontend\node_modules\react-dom\cjs\react-dom.development.js:24905:3)
        at flushPassiveEffectsImpl (F:\myproject\frontend\node_modules\react-dom\cjs\react-dom.development.js:27078:3)
        at flushPassiveEffects (F:\myproject\frontend\node_modules\react-dom\cjs\react-dom.development.js:27023:14)
        at F:\myproject\frontend\node_modules\react-dom\cjs\react-dom.development.js:26808:9
        at flushActQueue (F:\myproject\frontend\node_modules\react\cjs\react.development.js:2667:24)
        at act (F:\myproject\frontend\node_modules\react\cjs\react.development.js:2582:11)
        at F:\myproject\frontend\node_modules\@testing-library\react\dist\act-compat.js:46:25
        at renderRoot (F:\myproject\frontend\node_modules\@testing-library\react\dist\pure.js:189:26)
        at render (F:\myproject\frontend\node_modules\@testing-library\react\dist\pure.js:291:10)
        at Object.<anonymous> (F:\myproject\frontend\src\__tests__\AppIntegration.test.js:26:11)
        at Promise.then.completed (F:\myproject\frontend\node_modules\jest-circus\build\utils.js:391:28)
        at new Promise (<anonymous>)
        at callAsyncCircusFn (F:\myproject\frontend\node_modules\jest-circus\build\utils.js:316:10)
        at _callCircusTest (F:\myproject\frontend\node_modules\jest-circus\build\run.js:218:40)
        at processTicksAndRejections (node:internal/process/task_queues:105:5)
        at _runTest (F:\myproject\frontend\node_modules\jest-circus\build\run.js:155:3)
        at _runTestsForDescribeBlock (F:\myproject\frontend\node_modules\jest-circus\build\run.js:66:9)
        at _runTestsForDescribeBlock (F:\myproject\frontend\node_modules\jest-circus\build\run.js:60:9)
        at run (F:\myproject\frontend\node_modules\jest-circus\build\run.js:25:3)
        at runAndTransformResultsToJestFormat (F:\myproject\frontend\node_modules\jest-circus\build\legacy-code-todo-rewrite\jestAdapterInit.js:170:21)
        at jestAdapter (F:\myproject\frontend\node_modules\jest-circus\build\legacy-code-todo-rewrite\jestAdapter.js:82:19)
        at runTestInternal (F:\myproject\frontend\node_modules\jest-runner\build\runTest.js:389:16)
        at runTest (F:\myproject\frontend\node_modules\jest-runner\build\runTest.js:475:34)
        at Object.worker (F:\myproject\frontend\node_modules\jest-runner\build\testWorker.js:133:12) undefined

    [0m [90m 12 |[39m   [36mconst[39m { pathname } [33m=[39m useLocation()[33m;[39m
     [90m 13 |[39m   useEffect(() [33m=>[39m {
    [31m[1m>[22m[39m[90m 14 |[39m     window[33m.[39mscrollTo([35m0[39m[33m,[39m [35m0[39m)[33m;[39m
     [90m    |[39m            [31m[1m^[22m[39m
     [90m 15 |[39m   }[33m,[39m [pathname])[33m;[39m
     [90m 16 |[39m   [36mreturn[39m [36mnull[39m[33m;[39m
     [90m 17 |[39m }[0m

      at VirtualConsole.<anonymous> (node_modules/jsdom/lib/jsdom/virtual-console.js:29:45)
      at module.exports (node_modules/jsdom/lib/jsdom/browser/not-implemented.js:12:26)
      at scrollTo (node_modules/jsdom/lib/jsdom/browser/Window.js:866:7)
      at src/App.js:14:12
      at commitHookEffectListMount (node_modules/react-dom/cjs/react-dom.development.js:23189:26)
      at commitPassiveMountOnFiber (node_modules/react-dom/cjs/react-dom.development.js:24970:11)
      at commitPassiveMountEffects_complete (node_modules/react-dom/cjs/react-dom.development.js:24930:9)
      at commitPassiveMountEffects_begin (node_modules/react-dom/cjs/react-dom.development.js:24917:7)
      at commitPassiveMountEffects (node_modules/react-dom/cjs/react-dom.development.js:24905:3)
      at flushPassiveEffectsImpl (node_modules/react-dom/cjs/react-dom.development.js:27078:3)
      at flushPassiveEffects (node_modules/react-dom/cjs/react-dom.development.js:27023:14)
      at node_modules/react-dom/cjs/react-dom.development.js:26808:9
      at flushActQueue (node_modules/react/cjs/react.development.js:2667:24)
      at act (node_modules/react/cjs/react.development.js:2582:11)
      at node_modules/@testing-library/react/dist/act-compat.js:46:25
      at renderRoot (node_modules/@testing-library/react/dist/pure.js:189:26)
      at render (node_modules/@testing-library/react/dist/pure.js:291:10)
      at Object.<anonymous> (src/__tests__/AppIntegration.test.js:26:11)

PASS src/__tests__/useFormPreservation.test.js
  useFormPreservation
    ΓêÜ should return initial values when no saved data (10 ms)
    ΓêÜ should save and restore form values (6 ms)
    ΓêÜ should restore saved values from localStorage (3 ms)
    ΓêÜ should clear saved values (10 ms)

  console.warn
    ΓÜá∩╕Å React Router Future Flag Warning: React Router will begin wrapping state updates in `React.startTransition` in v7. You can use the `v7_startTransition` future flag to opt-in early. For more information, see https://reactrouter.com/v6/upgrading/future#v7_starttransition.

    [0m [90m 24 |[39m describe([32m'App Integration ΓÇö REQ-050, REQ-053'[39m[33m,[39m () [33m=>[39m {
     [90m 25 |[39m   test([32m'TEST-204: App mounts with all providers'[39m[33m,[39m () [33m=>[39m {
    [31m[1m>[22m[39m[90m 26 |[39m     render([33m<[39m[33mApp[39m [33m/[39m[33m>[39m)[33m;[39m
     [90m    |[39m           [31m[1m^[22m[39m
     [90m 27 |[39m     expect(screen[33m.[39mgetByTestId([32m'app-routes'[39m))[33m.[39mtoBeInTheDocument()[33m;[39m
     [90m 28 |[39m   })[33m;[39m
     [90m 29 |[39m[0m

      at warnOnce (node_modules/react-router/lib/deprecations.ts:9:13)
      at logDeprecation (node_modules/react-router/lib/deprecations.ts:14:3)
      at Object.logV6DeprecationWarnings [as UNSAFE_logV6DeprecationWarnings] (node_modules/react-router/lib/deprecations.ts:26:5)
      at node_modules/react-router-dom/index.tsx:816:25
      at commitHookEffectListMount (node_modules/react-dom/cjs/react-dom.development.js:23189:26)
      at commitPassiveMountOnFiber (node_modules/react-dom/cjs/react-dom.development.js:24970:11)
      at commitPassiveMountEffects_complete (node_modules/react-dom/cjs/react-dom.development.js:24930:9)
      at commitPassiveMountEffects_begin (node_modules/react-dom/cjs/react-dom.development.js:24917:7)
      at commitPassiveMountEffects (node_modules/react-dom/cjs/react-dom.development.js:24905:3)
      at flushPassiveEffectsImpl (node_modules/react-dom/cjs/react-dom.development.js:27078:3)
      at flushPassiveEffects (node_modules/react-dom/cjs/react-dom.development.js:27023:14)
      at node_modules/react-dom/cjs/react-dom.development.js:26808:9
      at flushActQueue (node_modules/react/cjs/react.development.js:2667:24)
      at act (node_modules/react/cjs/react.development.js:2582:11)
      at node_modules/@testing-library/react/dist/act-compat.js:46:25
      at renderRoot (node_modules/@testing-library/react/dist/pure.js:189:26)
      at render (node_modules/@testing-library/react/dist/pure.js:291:10)
      at Object.<anonymous> (src/__tests__/AppIntegration.test.js:26:11)

  console.warn
    ΓÜá∩╕Å React Router Future Flag Warning: Relative route resolution within Splat routes is changing in v7. You can use the `v7_relativeSplatPath` future flag to opt-in early. For more information, see https://reactrouter.com/v6/upgrading/future#v7_relativesplatpath.

    [0m [90m 24 |[39m describe([32m'App Integration ΓÇö REQ-050, REQ-053'[39m[33m,[39m () [33m=>[39m {
     [90m 25 |[39m   test([32m'TEST-204: App mounts with all providers'[39m[33m,[39m () [33m=>[39m {
    [31m[1m>[22m[39m[90m 26 |[39m     render([33m<[39m[33mApp[39m [33m/[39m[33m>[39m)[33m;[39m
     [90m    |[39m           [31m[1m^[22m[39m
     [90m 27 |[39m     expect(screen[33m.[39mgetByTestId([32m'app-routes'[39m))[33m.[39mtoBeInTheDocument()[33m;[39m
     [90m 28 |[39m   })[33m;[39m
     [90m 29 |[39m[0m

      at warnOnce (node_modules/react-router/lib/deprecations.ts:9:13)
      at logDeprecation (node_modules/react-router/lib/deprecations.ts:14:3)
      at Object.logV6DeprecationWarnings [as UNSAFE_logV6DeprecationWarnings] (node_modules/react-router/lib/deprecations.ts:37:5)
      at node_modules/react-router-dom/index.tsx:816:25
      at commitHookEffectListMount (node_modules/react-dom/cjs/react-dom.development.js:23189:26)
      at commitPassiveMountOnFiber (node_modules/react-dom/cjs/react-dom.development.js:24970:11)
      at commitPassiveMountEffects_complete (node_modules/react-dom/cjs/react-dom.development.js:24930:9)
      at commitPassiveMountEffects_begin (node_modules/react-dom/cjs/react-dom.development.js:24917:7)
      at commitPassiveMountEffects (node_modules/react-dom/cjs/react-dom.development.js:24905:3)
      at flushPassiveEffectsImpl (node_modules/react-dom/cjs/react-dom.development.js:27078:3)
      at flushPassiveEffects (node_modules/react-dom/cjs/react-dom.development.js:27023:14)
      at node_modules/react-dom/cjs/react-dom.development.js:26808:9
      at flushActQueue (node_modules/react/cjs/react.development.js:2667:24)
      at act (node_modules/react/cjs/react.development.js:2582:11)
      at node_modules/@testing-library/react/dist/act-compat.js:46:25
      at renderRoot (node_modules/@testing-library/react/dist/pure.js:189:26)
      at render (node_modules/@testing-library/react/dist/pure.js:291:10)
      at Object.<anonymous> (src/__tests__/AppIntegration.test.js:26:11)

  console.error
    Error: Not implemented: window.scrollTo
        at module.exports (F:\myproject\frontend\node_modules\jsdom\lib\jsdom\browser\not-implemented.js:9:17)
        at scrollTo (F:\myproject\frontend\node_modules\jsdom\lib\jsdom\browser\Window.js:866:7)
        at F:\myproject\frontend\src\App.js:14:12
        at commitHookEffectListMount (F:\myproject\frontend\node_modules\react-dom\cjs\react-dom.development.js:23189:26)
        at commitPassiveMountOnFiber (F:\myproject\frontend\node_modules\react-dom\cjs\react-dom.development.js:24970:11)
        at commitPassiveMountEffects_complete (F:\myproject\frontend\node_modules\react-dom\cjs\react-dom.development.js:24930:9)
        at commitPassiveMountEffects_begin (F:\myproject\frontend\node_modules\react-dom\cjs\react-dom.development.js:24917:7)
        at commitPassiveMountEffects (F:\myproject\frontend\node_modules\react-dom\cjs\react-dom.development.js:24905:3)
        at flushPassiveEffectsImpl (F:\myproject\frontend\node_modules\react-dom\cjs\react-dom.development.js:27078:3)
        at flushPassiveEffects (F:\myproject\frontend\node_modules\react-dom\cjs\react-dom.development.js:27023:14)
        at F:\myproject\frontend\node_modules\react-dom\cjs\react-dom.development.js:26808:9
        at flushActQueue (F:\myproject\frontend\node_modules\react\cjs\react.development.js:2667:24)
        at act (F:\myproject\frontend\node_modules\react\cjs\react.development.js:2582:11)
        at F:\myproject\frontend\node_modules\@testing-library\react\dist\act-compat.js:46:25
        at renderRoot (F:\myproject\frontend\node_modules\@testing-library\react\dist\pure.js:189:26)
        at render (F:\myproject\frontend\node_modules\@testing-library\react\dist\pure.js:291:10)
        at Object.<anonymous> (F:\myproject\frontend\src\__tests__\AppIntegration.test.js:31:11)
        at Promise.then.completed (F:\myproject\frontend\node_modules\jest-circus\build\utils.js:391:28)
        at new Promise (<anonymous>)
        at callAsyncCircusFn (F:\myproject\frontend\node_modules\jest-circus\build\utils.js:316:10)
        at _callCircusTest (F:\myproject\frontend\node_modules\jest-circus\build\run.js:218:40)
        at processTicksAndRejections (node:internal/process/task_queues:105:5)
        at _runTest (F:\myproject\frontend\node_modules\jest-circus\build\run.js:155:3)
        at _runTestsForDescribeBlock (F:\myproject\frontend\node_modules\jest-circus\build\run.js:66:9)
        at _runTestsForDescribeBlock (F:\myproject\frontend\node_modules\jest-circus\build\run.js:60:9)
        at run (F:\myproject\frontend\node_modules\jest-circus\build\run.js:25:3)
        at runAndTransformResultsToJestFormat (F:\myproject\frontend\node_modules\jest-circus\build\legacy-code-todo-rewrite\jestAdapterInit.js:170:21)
        at jestAdapter (F:\myproject\frontend\node_modules\jest-circus\build\legacy-code-todo-rewrite\jestAdapter.js:82:19)
        at runTestInternal (F:\myproject\frontend\node_modules\jest-runner\build\runTest.js:389:16)
        at runTest (F:\myproject\frontend\node_modules\jest-runner\build\runTest.js:475:34)
        at Object.worker (F:\myproject\frontend\node_modules\jest-runner\build\testWorker.js:133:12) undefined

    [0m [90m 12 |[39m   [36mconst[39m { pathname } [33m=[39m useLocation()[33m;[39m
     [90m 13 |[39m   useEffect(() [33m=>[39m {
    [31m[1m>[22m[39m[90m 14 |[39m     window[33m.[39mscrollTo([35m0[39m[33m,[39m [35m0[39m)[33m;[39m
     [90m    |[39m            [31m[1m^[22m[39m
     [90m 15 |[39m   }[33m,[39m [pathname])[33m;[39m
     [90m 16 |[39m   [36mreturn[39m [36mnull[39m[33m;[39m
     [90m 17 |[39m }[0m

      at VirtualConsole.<anonymous> (node_modules/jsdom/lib/jsdom/virtual-console.js:29:45)
      at module.exports (node_modules/jsdom/lib/jsdom/browser/not-implemented.js:12:26)
      at scrollTo (node_modules/jsdom/lib/jsdom/browser/Window.js:866:7)
      at src/App.js:14:12
      at commitHookEffectListMount (node_modules/react-dom/cjs/react-dom.development.js:23189:26)
      at commitPassiveMountOnFiber (node_modules/react-dom/cjs/react-dom.development.js:24970:11)
      at commitPassiveMountEffects_complete (node_modules/react-dom/cjs/react-dom.development.js:24930:9)
      at commitPassiveMountEffects_begin (node_modules/react-dom/cjs/react-dom.development.js:24917:7)
      at commitPassiveMountEffects (node_modules/react-dom/cjs/react-dom.development.js:24905:3)
      at flushPassiveEffectsImpl (node_modules/react-dom/cjs/react-dom.development.js:27078:3)
      at flushPassiveEffects (node_modules/react-dom/cjs/react-dom.development.js:27023:14)
      at node_modules/react-dom/cjs/react-dom.development.js:26808:9
      at flushActQueue (node_modules/react/cjs/react.development.js:2667:24)
      at act (node_modules/react/cjs/react.development.js:2582:11)
      at node_modules/@testing-library/react/dist/act-compat.js:46:25
      at renderRoot (node_modules/@testing-library/react/dist/pure.js:189:26)
      at render (node_modules/@testing-library/react/dist/pure.js:291:10)
      at Object.<anonymous> (src/__tests__/AppIntegration.test.js:31:11)

  console.error
    Error: Not implemented: window.scrollTo
        at module.exports (F:\myproject\frontend\node_modules\jsdom\lib\jsdom\browser\not-implemented.js:9:17)
        at scrollTo (F:\myproject\frontend\node_modules\jsdom\lib\jsdom\browser\Window.js:866:7)
        at F:\myproject\frontend\src\App.js:14:12
        at commitHookEffectListMount (F:\myproject\frontend\node_modules\react-dom\cjs\react-dom.development.js:23189:26)
        at commitPassiveMountOnFiber (F:\myproject\frontend\node_modules\react-dom\cjs\react-dom.development.js:24970:11)
        at commitPassiveMountEffects_complete (F:\myproject\frontend\node_modules\react-dom\cjs\react-dom.development.js:24930:9)
        at commitPassiveMountEffects_begin (F:\myproject\frontend\node_modules\react-dom\cjs\react-dom.development.js:24917:7)
        at commitPassiveMountEffects (F:\myproject\frontend\node_modules\react-dom\cjs\react-dom.development.js:24905:3)
        at flushPassiveEffectsImpl (F:\myproject\frontend\node_modules\react-dom\cjs\react-dom.development.js:27078:3)
        at flushPassiveEffects (F:\myproject\frontend\node_modules\react-dom\cjs\react-dom.development.js:27023:14)
        at F:\myproject\frontend\node_modules\react-dom\cjs\react-dom.development.js:26808:9
        at flushActQueue (F:\myproject\frontend\node_modules\react\cjs\react.development.js:2667:24)
        at act (F:\myproject\frontend\node_modules\react\cjs\react.development.js:2582:11)
        at F:\myproject\frontend\node_modules\@testing-library\react\dist\act-compat.js:46:25
        at renderRoot (F:\myproject\frontend\node_modules\@testing-library\react\dist\pure.js:189:26)
        at render (F:\myproject\frontend\node_modules\@testing-library\react\dist\pure.js:291:10)
        at Object.<anonymous> (F:\myproject\frontend\src\__tests__\AppIntegration.test.js:36:11)
        at Promise.then.completed (F:\myproject\frontend\node_modules\jest-circus\build\utils.js:391:28)
        at new Promise (<anonymous>)
        at callAsyncCircusFn (F:\myproject\frontend\node_modules\jest-circus\build\utils.js:316:10)
        at _callCircusTest (F:\myproject\frontend\node_modules\jest-circus\build\run.js:218:40)
        at processTicksAndRejections (node:internal/process/task_queues:105:5)
        at _runTest (F:\myproject\frontend\node_modules\jest-circus\build\run.js:155:3)
        at _runTestsForDescribeBlock (F:\myproject\frontend\node_modules\jest-circus\build\run.js:66:9)
        at _runTestsForDescribeBlock (F:\myproject\frontend\node_modules\jest-circus\build\run.js:60:9)
        at run (F:\myproject\frontend\node_modules\jest-circus\build\run.js:25:3)
        at runAndTransformResultsToJestFormat (F:\myproject\frontend\node_modules\jest-circus\build\legacy-code-todo-rewrite\jestAdapterInit.js:170:21)
        at jestAdapter (F:\myproject\frontend\node_modules\jest-circus\build\legacy-code-todo-rewrite\jestAdapter.js:82:19)
        at runTestInternal (F:\myproject\frontend\node_modules\jest-runner\build\runTest.js:389:16)
        at runTest (F:\myproject\frontend\node_modules\jest-runner\build\runTest.js:475:34)
        at Object.worker (F:\myproject\frontend\node_modules\jest-runner\build\testWorker.js:133:12) undefined

    [0m [90m 12 |[39m   [36mconst[39m { pathname } [33m=[39m useLocation()[33m;[39m
     [90m 13 |[39m   useEffect(() [33m=>[39m {
    [31m[1m>[22m[39m[90m 14 |[39m     window[33m.[39mscrollTo([35m0[39m[33m,[39m [35m0[39m)[33m;[39m
     [90m    |[39m            [31m[1m^[22m[39m
     [90m 15 |[39m   }[33m,[39m [pathname])[33m;[39m
     [90m 16 |[39m   [36mreturn[39m [36mnull[39m[33m;[39m
     [90m 17 |[39m }[0m

      at VirtualConsole.<anonymous> (node_modules/jsdom/lib/jsdom/virtual-console.js:29:45)
      at module.exports (node_modules/jsdom/lib/jsdom/browser/not-implemented.js:12:26)
      at scrollTo (node_modules/jsdom/lib/jsdom/browser/Window.js:866:7)
      at src/App.js:14:12
      at commitHookEffectListMount (node_modules/react-dom/cjs/react-dom.development.js:23189:26)
      at commitPassiveMountOnFiber (node_modules/react-dom/cjs/react-dom.development.js:24970:11)
      at commitPassiveMountEffects_complete (node_modules/react-dom/cjs/react-dom.development.js:24930:9)
      at commitPassiveMountEffects_begin (node_modules/react-dom/cjs/react-dom.development.js:24917:7)
      at commitPassiveMountEffects (node_modules/react-dom/cjs/react-dom.development.js:24905:3)
      at flushPassiveEffectsImpl (node_modules/react-dom/cjs/react-dom.development.js:27078:3)
      at flushPassiveEffects (node_modules/react-dom/cjs/react-dom.development.js:27023:14)
      at node_modules/react-dom/cjs/react-dom.development.js:26808:9
      at flushActQueue (node_modules/react/cjs/react.development.js:2667:24)
      at act (node_modules/react/cjs/react.development.js:2582:11)
      at node_modules/@testing-library/react/dist/act-compat.js:46:25
      at renderRoot (node_modules/@testing-library/react/dist/pure.js:189:26)
      at render (node_modules/@testing-library/react/dist/pure.js:291:10)
      at Object.<anonymous> (src/__tests__/AppIntegration.test.js:36:11)

PASS src/__tests__/AppIntegration.test.js
  App Integration ΓÇö REQ-050, REQ-053
    ΓêÜ TEST-204: App mounts with all providers (105 ms)
    ΓêÜ TEST-205: BookingProvider is mounted in provider tree (13 ms)
    ΓêÜ TEST-206: AppRoutes is rendered inside providers (11 ms)

  console.warn
    ΓÜá∩╕Å React Router Future Flag Warning: React Router will begin wrapping state updates in `React.startTransition` in v7. You can use the `v7_startTransition` future flag to opt-in early. For more information, see https://reactrouter.com/v6/upgrading/future#v7_starttransition.

    [0m [90m  8 |[39m
     [90m  9 |[39m [36mfunction[39m renderApp(initialRoute) {
    [31m[1m>[22m[39m[90m 10 |[39m   [36mreturn[39m render(
     [90m    |[39m                [31m[1m^[22m[39m
     [90m 11 |[39m     [33m<[39m[33mMemoryRouter[39m initialEntries[33m=[39m{[initialRoute]}[33m>[39m
     [90m 12 |[39m       [33m<[39m[33mAuthProvider[39m[33m>[39m
     [90m 13 |[39m         [33m<[39m[33mAppRoutes[39m [33m/[39m[33m>[39m[0m

      at warnOnce (node_modules/react-router/lib/deprecations.ts:9:13)
      at logDeprecation (node_modules/react-router/lib/deprecations.ts:14:3)
      at logV6DeprecationWarnings (node_modules/react-router/lib/deprecations.ts:26:5)
      at node_modules/react-router/lib/components.tsx:257:25
      at commitHookEffectListMount (node_modules/react-dom/cjs/react-dom.development.js:23189:26)
      at commitPassiveMountOnFiber (node_modules/react-dom/cjs/react-dom.development.js:24970:11)
      at commitPassiveMountEffects_complete (node_modules/react-dom/cjs/react-dom.development.js:24930:9)
      at commitPassiveMountEffects_begin (node_modules/react-dom/cjs/react-dom.development.js:24917:7)
      at commitPassiveMountEffects (node_modules/react-dom/cjs/react-dom.development.js:24905:3)
      at flushPassiveEffectsImpl (node_modules/react-dom/cjs/react-dom.development.js:27078:3)
      at flushPassiveEffects (node_modules/react-dom/cjs/react-dom.development.js:27023:14)
      at node_modules/react-dom/cjs/react-dom.development.js:26808:9
      at flushActQueue (node_modules/react/cjs/react.development.js:2667:24)
      at act (node_modules/react/cjs/react.development.js:2582:11)
      at node_modules/@testing-library/react/dist/act-compat.js:46:25
      at renderRoot (node_modules/@testing-library/react/dist/pure.js:189:26)
      at render (node_modules/@testing-library/react/dist/pure.js:291:10)
      at renderApp (src/__tests__/RouteConfig.test.js:10:16)
      at Object.<anonymous> (src/__tests__/RouteConfig.test.js:25:5)

  console.warn
    ΓÜá∩╕Å React Router Future Flag Warning: Relative route resolution within Splat routes is changing in v7. You can use the `v7_relativeSplatPath` future flag to opt-in early. For more information, see https://reactrouter.com/v6/upgrading/future#v7_relativesplatpath.

    [0m [90m  8 |[39m
     [90m  9 |[39m [36mfunction[39m renderApp(initialRoute) {
    [31m[1m>[22m[39m[90m 10 |[39m   [36mreturn[39m render(
     [90m    |[39m                [31m[1m^[22m[39m
     [90m 11 |[39m     [33m<[39m[33mMemoryRouter[39m initialEntries[33m=[39m{[initialRoute]}[33m>[39m
     [90m 12 |[39m       [33m<[39m[33mAuthProvider[39m[33m>[39m
     [90m 13 |[39m         [33m<[39m[33mAppRoutes[39m [33m/[39m[33m>[39m[0m

      at warnOnce (node_modules/react-router/lib/deprecations.ts:9:13)
      at logDeprecation (node_modules/react-router/lib/deprecations.ts:14:3)
      at logV6DeprecationWarnings (node_modules/react-router/lib/deprecations.ts:37:5)
      at node_modules/react-router/lib/components.tsx:257:25
      at commitHookEffectListMount (node_modules/react-dom/cjs/react-dom.development.js:23189:26)
      at commitPassiveMountOnFiber (node_modules/react-dom/cjs/react-dom.development.js:24970:11)
      at commitPassiveMountEffects_complete (node_modules/react-dom/cjs/react-dom.development.js:24930:9)
      at commitPassiveMountEffects_begin (node_modules/react-dom/cjs/react-dom.development.js:24917:7)
      at commitPassiveMountEffects (node_modules/react-dom/cjs/react-dom.development.js:24905:3)
      at flushPassiveEffectsImpl (node_modules/react-dom/cjs/react-dom.development.js:27078:3)
      at flushPassiveEffects (node_modules/react-dom/cjs/react-dom.development.js:27023:14)
      at node_modules/react-dom/cjs/react-dom.development.js:26808:9
      at flushActQueue (node_modules/react/cjs/react.development.js:2667:24)
      at act (node_modules/react/cjs/react.development.js:2582:11)
      at node_modules/@testing-library/react/dist/act-compat.js:46:25
      at renderRoot (node_modules/@testing-library/react/dist/pure.js:189:26)
      at render (node_modules/@testing-library/react/dist/pure.js:291:10)
      at renderApp (src/__tests__/RouteConfig.test.js:10:16)
      at Object.<anonymous> (src/__tests__/RouteConfig.test.js:25:5)

FAIL src/__tests__/RouteConfig.test.js
  Route Configuration ΓÇö REQ-053
    ΓêÜ TEST-187: login route is accessible without auth (105 ms)
    ├ù TEST-188: root route redirects to /search (26 ms)
    ├ù TEST-189: wildcard route redirects to /search (22 ms)
    ΓêÜ TEST-190: protected route redirects unauthenticated to login (26 ms)
    ΓêÜ TEST-191: admin-only route redirects non-admin users (31 ms)
    ├ù TEST-192: admin can access admin routes (24 ms)
    ├ù TEST-193: lazy-loaded component shows Suspense fallback (17 ms)

  ΓùÅ Route Configuration ΓÇö REQ-053 ΓÇ║ TEST-188: root route redirects to /search

    TestingLibraryElementError: Unable to find an element with the text: Search Page. This could be because the text 
is broken up by multiple elements. In this case, you can provide a function for your text matcher to make your matcher 
more flexible.

    Ignored nodes: comments, script, style
    [36m<body>[39m
      [36m<div>[39m
        [36m<div>[39m
          [36m<div[39m
            [33mclass[39m=[32m"auth-page"[39m
          [36m>[39m
            [36m<div[39m
              [33mclass[39m=[32m"auth-card animate-scale-in-on-load"[39m
            [36m>[39m
              [36m<div[39m
                [33mclass[39m=[32m"auth-logo"[39m
              [36m>[39m
                [36m<span[39m
                  [33mclass[39m=[32m"auth-logo-icon"[39m
                [36m>[39m
                  [0mTP[0m
                [36m</span>[39m
              [36m</div>[39m
              [36m<h1[39m
                [33mclass[39m=[32m"auth-title"[39m
              [36m>[39m
                [0mWelcome Back[0m
              [36m</h1>[39m
              [36m<p[39m
                [33mclass[39m=[32m"auth-subtitle"[39m
              [36m>[39m
                [0mSign in to your TravelPro account[0m
              [36m</p>[39m
              [36m<form>[39m
                [36m<div[39m
                  [33mclass[39m=[32m"form-group"[39m
                [36m>[39m
                  [36m<label[39m
                    [33mclass[39m=[32m"form-label"[39m
                    [33mfor[39m=[32m"login-email"[39m
                  [36m>[39m
                    [0mEmail[0m
                  [36m</label>[39m
                  [36m<input[39m
                    [33mclass[39m=[32m"form-input"[39m
                    [33mid[39m=[32m"login-email"[39m
                    [33mplaceholder[39m=[32m"you@example.com"[39m
                    [33mrequired[39m=[32m""[39m
                    [33mtype[39m=[32m"email"[39m
                    [33mvalue[39m=[32m""[39m
                  [36m/>[39m
                [36m</div>[39m
                [36m<div[39m
                  [33mclass[39m=[32m"form-group"[39m
                [36m>[39m
                  [36m<label[39m
                    [33mclass[39m=[32m"form-label"[39m
                    [33mfor[39m=[32m"login-password"[39m
                  [36m>[39m
                    [0mPassword[0m
                  [36m</label>[39m
                  [36m<input[39m
                    [33mclass[39m=[32m"form-input"[39m
                    [33mid[39m=[32m"login-password"[39m
                    [33mplaceholder[39m=[32m"Enter your password"[39m
                    [33mrequired[39m=[32m""[39m
                    [33mtype[39m=[32m"password"[39m
                    [33mvalue[39m=[32m""[39m
                  [36m/>[39m
                [36m</div>[39m
                [36m<button[39m
                  [33mclass[39m=[32m"btn btn-primary btn-lg w-full"[39m
                  [33mtype[39m=[32m"submit"[39m
                [36m>[39m
                  [0mSign In[0m
                [36m</button>[39m
              [36m</form>[39m
              [36m<div[39m
                [33mclass[39m=[32m"auth-footer"[39m
                [33mstyle[39m=[32m"margin-top: 16px;"[39m
              [36m>[39m
                [0mDon't have an account? [0m
                [36m<a[39m
                  [33mhref[39m=[32m"/register"[39m
                [36m>[39m
                  [0mCreate one[0m
                [36m</a>[39m
              [36m</div>[39m
              [36m<details[39m
                [33mstyle[39m=[32m"margin-top: 20px; font-size: 0.82rem;"[39m
              [36m>[39m
                [36m<summary[39m
                  [33mstyle[39m=[32m"cursor: pointer; font-weight: 600;"[39m
                [36m>[39m
                  [0mDemo Accounts[0m
                [36m</summary>[39m
                [36m<div[39m
                  [33mstyle[39m=[32m"margin-top: 10px; display: flex; flex-direction: column; gap: 6px;"[39m
                [36m>[39m
                  [36m<button[39m
                    [33mstyle[39m=[32m"border-radius: var(--radius-sm); padding: 8px 12px; cursor: pointer; 
text-align: left; font-size: 0.82rem; font-family: var(--font-family); transition: all var(--transition);"[39m
                    [33mtype[39m=[32m"button"[39m
                  [36m>[39m
                    [36m<strong>[39m
                      [0mAdmin[0m
                    [36m</strong>[39m
                    [0m: [0m
                    [0madmin123@gmail.com[0m
                    [0m / [0m
                    [0mAdmin123[0m
                  [36m</button>[39m
                  [36m<button[39m
                    [33mstyle[39m=[32m"border-radius: var(--radius-sm); padding: 8px 12px; cursor: pointer; 
text-align: left; font-size: 0.82rem; font-family: var(--font-family); transition: all var(--transition);"[39m
                    [33mtype[39m=[32m"button"[39m
                  [36m>[39m
                    [36m<strong>[39m
                      [0mAgency[0m
                    [36m</strong>[39m
                    [0m: [0m
                    [0magency@example.com[0m
                    [0m / [0m
                    [0mPassword@123[0m
                  [36m</button>[39m
                  [36m<button[39m
                    [33mstyle[39m=[32m"border-radius: var(--radius-sm); padding: 8px 12px; cursor: pointer; 
text-align: left; font-size: 0.82rem; font-family: var(--font-family); transition: all var(--transition);"[39m
                    [33mtype[39m=[32m"button"[39m
                  [36m>[39m
                    [36m<strong>[39m
                      [0mDriver[0m
                    [36m</strong>[39m
                    [0m: [0m
                    [0mdriver@example.com[0m
                    [0m / [0m
                    [0mPassword@123[0m
                  [36m</button>[39m
                  [36m<button[39m
                    [33mstyle[39m=[32m"border-radius: var(--radius-sm); padding: 8px 12px; cursor: pointer; 
text-align: left; font-size: 0.82rem; font-family: var(--font-family); transition: all var(--transition);"[39m
                    [33mtype[39m=[32m"button"[39m
                  [36m>[39m
                    [36m<strong>[39m
                      [0mTraveler[0m
                    [36m</strong>[39m
                    [0m: [0m
                    [0mtraveler@example.com[0m
                    [0m / [0m
                    [0mPassword@123[0m
                  [36m</button>[39m
                [36m</div>[39m
              [36m</details>[39m
            [36m</div>[39m
          [36m</div>[39m
        [36m</div>[39m
      [36m</div>[39m
    [36m</body>[39m

    [0m [90m 29 |[39m   test([32m'TEST-188: root route redirects to /search'[39m[33m,[39m () [33m=>[39m {
     [90m 30 |[39m     renderApp([32m'/'[39m)[33m;[39m
    [31m[1m>[22m[39m[90m 31 |[39m     expect(screen[33m.[39mgetByText([32m'Search 
Page'[39m))[33m.[39mtoBeInTheDocument()[33m;[39m
     [90m    |[39m                   [31m[1m^[22m[39m
     [90m 32 |[39m   })[33m;[39m
     [90m 33 |[39m
     [90m 34 |[39m   test([32m'TEST-189: wildcard route redirects to /search'[39m[33m,[39m () [33m=>[39m {[0m

      at Object.getElementError (node_modules/@testing-library/dom/dist/config.js:37:19)
      at node_modules/@testing-library/dom/dist/query-helpers.js:76:38
      at node_modules/@testing-library/dom/dist/query-helpers.js:52:17
      at getByText (node_modules/@testing-library/dom/dist/query-helpers.js:95:19)
      at Object.<anonymous> (src/__tests__/RouteConfig.test.js:31:19)

  ΓùÅ Route Configuration ΓÇö REQ-053 ΓÇ║ TEST-189: wildcard route redirects to /search

    TestingLibraryElementError: Unable to find an element with the text: Search Page. This could be because the text 
is broken up by multiple elements. In this case, you can provide a function for your text matcher to make your matcher 
more flexible.

    Ignored nodes: comments, script, style
    [36m<body>[39m
      [36m<div>[39m
        [36m<div>[39m
          [36m<div[39m
            [33mclass[39m=[32m"auth-page"[39m
          [36m>[39m
            [36m<div[39m
              [33mclass[39m=[32m"auth-card animate-scale-in-on-load"[39m
            [36m>[39m
              [36m<div[39m
                [33mclass[39m=[32m"auth-logo"[39m
              [36m>[39m
                [36m<span[39m
                  [33mclass[39m=[32m"auth-logo-icon"[39m
                [36m>[39m
                  [0mTP[0m
                [36m</span>[39m
              [36m</div>[39m
              [36m<h1[39m
                [33mclass[39m=[32m"auth-title"[39m
              [36m>[39m
                [0mWelcome Back[0m
              [36m</h1>[39m
              [36m<p[39m
                [33mclass[39m=[32m"auth-subtitle"[39m
              [36m>[39m
                [0mSign in to your TravelPro account[0m
              [36m</p>[39m
              [36m<form>[39m
                [36m<div[39m
                  [33mclass[39m=[32m"form-group"[39m
                [36m>[39m
                  [36m<label[39m
                    [33mclass[39m=[32m"form-label"[39m
                    [33mfor[39m=[32m"login-email"[39m
                  [36m>[39m
                    [0mEmail[0m
                  [36m</label>[39m
                  [36m<input[39m
                    [33mclass[39m=[32m"form-input"[39m
                    [33mid[39m=[32m"login-email"[39m
                    [33mplaceholder[39m=[32m"you@example.com"[39m
                    [33mrequired[39m=[32m""[39m
                    [33mtype[39m=[32m"email"[39m
                    [33mvalue[39m=[32m""[39m
                  [36m/>[39m
                [36m</div>[39m
                [36m<div[39m
                  [33mclass[39m=[32m"form-group"[39m
                [36m>[39m
                  [36m<label[39m
                    [33mclass[39m=[32m"form-label"[39m
                    [33mfor[39m=[32m"login-password"[39m
                  [36m>[39m
                    [0mPassword[0m
                  [36m</label>[39m
                  [36m<input[39m
                    [33mclass[39m=[32m"form-input"[39m
                    [33mid[39m=[32m"login-password"[39m
                    [33mplaceholder[39m=[32m"Enter your password"[39m
                    [33mrequired[39m=[32m""[39m
                    [33mtype[39m=[32m"password"[39m
                    [33mvalue[39m=[32m""[39m
                  [36m/>[39m
                [36m</div>[39m
                [36m<button[39m
                  [33mclass[39m=[32m"btn btn-primary btn-lg w-full"[39m
                  [33mtype[39m=[32m"submit"[39m
                [36m>[39m
                  [0mSign In[0m
                [36m</button>[39m
              [36m</form>[39m
              [36m<div[39m
                [33mclass[39m=[32m"auth-footer"[39m
                [33mstyle[39m=[32m"margin-top: 16px;"[39m
              [36m>[39m
                [0mDon't have an account? [0m
                [36m<a[39m
                  [33mhref[39m=[32m"/register"[39m
                [36m>[39m
                  [0mCreate one[0m
                [36m</a>[39m
              [36m</div>[39m
              [36m<details[39m
                [33mstyle[39m=[32m"margin-top: 20px; font-size: 0.82rem;"[39m
              [36m>[39m
                [36m<summary[39m
                  [33mstyle[39m=[32m"cursor: pointer; font-weight: 600;"[39m
                [36m>[39m
                  [0mDemo Accounts[0m
                [36m</summary>[39m
                [36m<div[39m
                  [33mstyle[39m=[32m"margin-top: 10px; display: flex; flex-direction: column; gap: 6px;"[39m
                [36m>[39m
                  [36m<button[39m
                    [33mstyle[39m=[32m"border-radius: var(--radius-sm); padding: 8px 12px; cursor: pointer; 
text-align: left; font-size: 0.82rem; font-family: var(--font-family); transition: all var(--transition);"[39m
                    [33mtype[39m=[32m"button"[39m
                  [36m>[39m
                    [36m<strong>[39m
                      [0mAdmin[0m
                    [36m</strong>[39m
                    [0m: [0m
                    [0madmin123@gmail.com[0m
                    [0m / [0m
                    [0mAdmin123[0m
                  [36m</button>[39m
                  [36m<button[39m
                    [33mstyle[39m=[32m"border-radius: var(--radius-sm); padding: 8px 12px; cursor: pointer; 
text-align: left; font-size: 0.82rem; font-family: var(--font-family); transition: all var(--transition);"[39m
                    [33mtype[39m=[32m"button"[39m
                  [36m>[39m
                    [36m<strong>[39m
                      [0mAgency[0m
                    [36m</strong>[39m
                    [0m: [0m
                    [0magency@example.com[0m
                    [0m / [0m
                    [0mPassword@123[0m
                  [36m</button>[39m
                  [36m<button[39m
                    [33mstyle[39m=[32m"border-radius: var(--radius-sm); padding: 8px 12px; cursor: pointer; 
text-align: left; font-size: 0.82rem; font-family: var(--font-family); transition: all var(--transition);"[39m
                    [33mtype[39m=[32m"button"[39m
                  [36m>[39m
                    [36m<strong>[39m
                      [0mDriver[0m
                    [36m</strong>[39m
                    [0m: [0m
                    [0mdriver@example.com[0m
                    [0m / [0m
                    [0mPassword@123[0m
                  [36m</button>[39m
                  [36m<button[39m
                    [33mstyle[39m=[32m"border-radius: var(--radius-sm); padding: 8px 12px; cursor: pointer; 
text-align: left; font-size: 0.82rem; font-family: var(--font-family); transition: all var(--transition);"[39m
                    [33mtype[39m=[32m"button"[39m
                  [36m>[39m
                    [36m<strong>[39m
                      [0mTraveler[0m
                    [36m</strong>[39m
                    [0m: [0m
                    [0mtraveler@example.com[0m
                    [0m / [0m
                    [0mPassword@123[0m
                  [36m</button>[39m
                [36m</div>[39m
              [36m</details>[39m
            [36m</div>[39m
          [36m</div>[39m
        [36m</div>[39m
      [36m</div>[39m
    [36m</body>[39m

    [0m [90m 34 |[39m   test([32m'TEST-189: wildcard route redirects to /search'[39m[33m,[39m () [33m=>[39m {
     [90m 35 |[39m     renderApp([32m'/nonexistent'[39m)[33m;[39m
    [31m[1m>[22m[39m[90m 36 |[39m     expect(screen[33m.[39mgetByText([32m'Search 
Page'[39m))[33m.[39mtoBeInTheDocument()[33m;[39m
     [90m    |[39m                   [31m[1m^[22m[39m
     [90m 37 |[39m   })[33m;[39m
     [90m 38 |[39m
     [90m 39 |[39m   test([32m'TEST-190: protected route redirects unauthenticated to login'[39m[33m,[39m () 
[33m=>[39m {[0m

      at Object.getElementError (node_modules/@testing-library/dom/dist/config.js:37:19)
      at node_modules/@testing-library/dom/dist/query-helpers.js:76:38
      at node_modules/@testing-library/dom/dist/query-helpers.js:52:17
      at getByText (node_modules/@testing-library/dom/dist/query-helpers.js:95:19)
      at Object.<anonymous> (src/__tests__/RouteConfig.test.js:36:19)

  ΓùÅ Route Configuration ΓÇö REQ-053 ΓÇ║ TEST-192: admin can access admin routes

    expect(received).toBeInTheDocument()

    received value must be an HTMLElement or an SVGElement.
    Received has value: null

    [0m [90m 53 |[39m     localStorage[33m.[39msetItem([32m'token'[39m[33m,[39m token)[33m;[39m
     [90m 54 |[39m     renderApp([32m'/admin/users'[39m)[33m;[39m
    [31m[1m>[22m[39m[90m 55 |[39m     
expect(document[33m.[39mquerySelector([32m'.admin-page'[39m))[33m.[39mtoBeInTheDocument()[33m;[39m
     [90m    |[39m                                                   [31m[1m^[22m[39m
     [90m 56 |[39m   })[33m;[39m
     [90m 57 |[39m
     [90m 58 |[39m   test([32m'TEST-193: lazy-loaded component shows Suspense fallback'[39m[33m,[39m () 
[33m=>[39m {[0m

      at __EXTERNAL_MATCHER_TRAP__ (node_modules/expect/build/index.js:386:30)
      at Object.toBeInTheDocument (node_modules/expect/build/index.js:387:15)
      at Object.<anonymous> (src/__tests__/RouteConfig.test.js:55:51)

  ΓùÅ Route Configuration ΓÇö REQ-053 ΓÇ║ TEST-193: lazy-loaded component shows Suspense fallback

    expect(received).toBeInTheDocument()

    received value must be an HTMLElement or an SVGElement.
    Received has value: null

    [0m [90m 58 |[39m   test([32m'TEST-193: lazy-loaded component shows Suspense fallback'[39m[33m,[39m () 
[33m=>[39m {
     [90m 59 |[39m     renderApp([32m'/events'[39m)[33m;[39m
    [31m[1m>[22m[39m[90m 60 |[39m     
expect(screen[33m.[39mqueryByText([35m/loading/i[39m))[33m.[39mtoBeInTheDocument()[33m;[39m
     [90m    |[39m                                            [31m[1m^[22m[39m
     [90m 61 |[39m   })[33m;[39m
     [90m 62 |[39m })[33m;[39m
     [90m 63 |[39m[0m

      at __EXTERNAL_MATCHER_TRAP__ (node_modules/expect/build/index.js:386:30)
      at Object.toBeInTheDocument (node_modules/expect/build/index.js:387:15)
      at Object.<anonymous> (src/__tests__/RouteConfig.test.js:60:44)

Test Suites: 7 failed, 4 passed, 11 total
Tests:       25 failed, 26 passed, 51 total
Snapshots:   0 total
Time:        23.578 s
Ran all test suites.
